Archive member included to satisfy reference by file (symbol)

C:/devkitPro/libnx/lib\libnx.a(mutex.o)
                              util.o (mutexLock)
C:/devkitPro/libnx/lib\libnx.a(thread.o)
                              main.o (threadCreate)
C:/devkitPro/libnx/lib\libnx.a(applet.o)
                              ftp.o (appletHook)
C:/devkitPro/libnx/lib\libnx.a(time.o)
                              main.o (timeExit)
C:/devkitPro/libnx/lib\libnx.a(hid.o)
                              main.o (hidKeysHeld)
C:/devkitPro/libnx/lib\libnx.a(audout.o)
                              main.o (audoutExit)
C:/devkitPro/libnx/lib\libnx.a(fs.o)
                              main.o (fsInitialize)
C:/devkitPro/libnx/lib\libnx.a(apm.o)
                              C:/devkitPro/libnx/lib\libnx.a(applet.o) (apmExit)
C:/devkitPro/libnx/lib\libnx.a(sm.o)
                              main.o (smExit)
C:/devkitPro/libnx/lib\libnx.a(fatal.o)
                              C:/devkitPro/libnx/lib\libnx.a(applet.o) (fatalSimple)
C:/devkitPro/libnx/lib\libnx.a(env.o)
                              C:/devkitPro/libnx/lib\libnx.a(applet.o) (envIsNso)
C:/devkitPro/libnx/lib\libnx.a(socket.o)
                              ftp.o (socketExit)
C:/devkitPro/libnx/lib\libnx.a(fs_dev.o)
                              main.o (fsdevMountSdmc)
C:/devkitPro/libnx/lib\libnx.a(convert_errno.o)
                              C:/devkitPro/libnx/lib\libnx.a(socket.o) (_convert_errno)
C:/devkitPro/libnx/lib\libnx.a(decode_utf8.o)
                              C:/devkitPro/libnx/lib\libnx.a(fs_dev.o) (decode_utf8)
C:/devkitPro/libnx/lib\libnx.a(svc.o)
                              C:/devkitPro/libnx/lib\libnx.a(thread.o) (svcMapMemory)
C:/devkitPro/libnx/lib\libnx.a(readtp.o)
                              C:/devkitPro/libnx/lib\libnx.a(socket.o) (__aarch64_read_tp)
C:/devkitPro/libnx/lib\libnx.a(switch_crt0.o)
                              (_start)
C:/devkitPro/libnx/lib\libnx.a(detect.o)
                              C:/devkitPro/libnx/lib\libnx.a(applet.o) (kernelAbove200)
C:/devkitPro/libnx/lib\libnx.a(tmem.o)
                              C:/devkitPro/libnx/lib\libnx.a(applet.o) (tmemCreate)
C:/devkitPro/libnx/lib\libnx.a(wait.o)
                              C:/devkitPro/libnx/lib\libnx.a(applet.o) (waitObjects)
C:/devkitPro/libnx/lib\libnx.a(rwlock.o)
                              C:/devkitPro/libnx/lib\libnx.a(hid.o) (rwlockReadLock)
C:/devkitPro/libnx/lib\libnx.a(shmem.o)
                              C:/devkitPro/libnx/lib\libnx.a(hid.o) (shmemLoadRemote)
C:/devkitPro/libnx/lib\libnx.a(virtmem.o)
                              C:/devkitPro/libnx/lib\libnx.a(tmem.o) (virtmemReserve)
C:/devkitPro/libnx/lib\libnx.a(event.o)
                              C:/devkitPro/libnx/lib\libnx.a(applet.o) (eventLoadRemote)
C:/devkitPro/libnx/lib\libnx.a(sfdnsres.o)
                              C:/devkitPro/libnx/lib\libnx.a(socket.o) (sfdnsresGetHostByName)
C:/devkitPro/libnx/lib\libnx.a(bsd.o)
                              C:/devkitPro/libnx/lib\libnx.a(socket.o) (g_bsdResult)
C:/devkitPro/libnx/lib\libnx.a(nifm.o)
                              C:/devkitPro/libnx/lib\libnx.a(socket.o) (nifmExit)
C:/devkitPro/libnx/lib\libnx.a(dynamic.o)
                              C:/devkitPro/libnx/lib\libnx.a(switch_crt0.o) (__nx_dynamic)
C:/devkitPro/libnx/lib\libnx.a(init.o)
                              C:/devkitPro/libnx/lib\libnx.a(switch_crt0.o) (__libnx_init)
C:/devkitPro/libnx/lib\libnx.a(newlib.o)
                              C:/devkitPro/libnx/lib\libnx.a(init.o) (__libnx_init_time)
C:/devkitPro/libnx/lib\libnx.a(argv.o)
                              C:/devkitPro/libnx/lib\libnx.a(init.o) (argvSetup)
C:/devkitPro/libnx/lib\libnx.a(exception.o)
                              C:/devkitPro/libnx/lib\libnx.a(switch_crt0.o) (__libnx_exception_entry)
C:/devkitPro/libnx/lib\libnx.a(nxlink.o)
                              C:/devkitPro/libnx/lib\libnx.a(argv.o) (nxlinkSetup)
C:/devkitPro/portlibs/switch/lib\libmpg123.a(frame.o)
                              mp3.o (mpg123_new_pars)
C:/devkitPro/portlibs/switch/lib\libmpg123.a(format.o)
                              mp3.o (mpg123_format_none)
C:/devkitPro/portlibs/switch/lib\libmpg123.a(id3.o)
                              C:/devkitPro/portlibs/switch/lib\libmpg123.a(frame.o) (INT123_init_id3)
C:/devkitPro/portlibs/switch/lib\libmpg123.a(optimize.o)
                              C:/devkitPro/portlibs/switch/lib\libmpg123.a(frame.o) (INT123_defdec)
C:/devkitPro/portlibs/switch/lib\libmpg123.a(readers.o)
                              C:/devkitPro/portlibs/switch/lib\libmpg123.a(frame.o) (INT123_bc_prepare)
C:/devkitPro/portlibs/switch/lib\libmpg123.a(tabinit.o)
                              C:/devkitPro/portlibs/switch/lib\libmpg123.a(optimize.o) (INT123_make_decode_tables)
C:/devkitPro/portlibs/switch/lib\libmpg123.a(libmpg123.o)
                              mp3.o (mpg123_init)
[...]
Memory Configuration

Name             Origin             Length             Attributes
*default*        0x0000000000000000 0xffffffffffffffff

Linker script and memory map

                0x0000000000000000                PROVIDE (__start__ = 0x0)
                0x0000000000000000                . = __start__

.crt0           0x0000000000000000      0x150
 *(.crt0)
 .crt0          0x0000000000000000      0x14c C:/devkitPro/libnx/lib\libnx.a(switch_crt0.o)
                0x0000000000000000                _start
                0x0000000000000120                __nx_exit
                0x0000000000000130                __nx_mod0
                0x0000000000000150                . = ALIGN (0x8)
 *fill*         0x000000000000014c        0x4 

.init           0x0000000000000150       0x38
 *(.init)
 .init          0x0000000000000150       0x18 c:/devkitpro/devkita64/bin/../lib/gcc/aarch64-none-elf/8.2.0/pic/crti.o
                0x0000000000000150                _init
 .init          0x0000000000000168       0x1c c:/devkitpro/devkita64/bin/../lib/gcc/aarch64-none-elf/8.2.0/pic/crtn.o
                0x0000000000000188                . = ALIGN (0x8)
 *fill*         0x0000000000000184        0x4 

.plt            0x0000000000000188        0x0
 *(.plt)
 .plt           0x0000000000000188        0x0 c:/devkitpro/devkita64/bin/../lib/gcc/aarch64-none-elf/8.2.0/pic/crti.o
 *(.iplt)
                0x0000000000000188                . = ALIGN (0x8)

.text           0x00000000000001c0    0x61cd8
 *(.text.unlikely .text.*_unlikely .text.unlikely.*)
 .text.unlikely
                0x00000000000001c0      0x2c8 C:/devkitPro/portlibs/switch/lib\libmpg123.a(id3.o)
 *(.text.exit .text.exit.*)
 .text.exit     0x0000000000000488       0x38 c:/devkitpro/devkita64/bin/../lib/gcc/aarch64-none-elf/8.2.0/../../../../aarch64-none-elf/lib/pic\libg.a(lib_a-exit.o)
                0x0000000000000488                exit
 *(.text.startup .text.startup.*)
 .text.startup.main
                0x00000000000004c0      0x140 main.o
                0x00000000000004c0                main
 *(.text.hot .text.hot.*)
 *(.text .stub .text.* .gnu.linkonce.t.*)
 .text.deregister_tm_clones
                0x0000000000000600       0x2c c:/devkitpro/devkita64/bin/../lib/gcc/aarch64-none-elf/8.2.0/pic/crtbegin.o
 *fill*         0x000000000000062c        0x4 
 .text.register_tm_clones
                0x0000000000000630       0x38 c:/devkitpro/devkita64/bin/../lib/gcc/aarch64-none-elf/8.2.0/pic/crtbegin.o
 .text.__do_global_dtors_aux
                0x0000000000000668       0x48 c:/devkitpro/devkita64/bin/../lib/gcc/aarch64-none-elf/8.2.0/pic/crtbegin.o
 .text.frame_dummy
                0x00000000000006b0       0x34 c:/devkitpro/devkita64/bin/../lib/gcc/aarch64-none-elf/8.2.0/pic/crtbegin.o
 *fill*         0x00000000000006e4        0xc 
 .text.fatalLater
                0x00000000000006f0       0xb0 util.o
                0x00000000000006f0                fatalLater
 .text.pauseInit
                0x00000000000007a0       0x54 util.o
                0x00000000000007a0                pauseInit
 *fill*         0x00000000000007f4        0xc 
 .text.isPaused
                0x0000000000000800       0x38 util.o
                0x0000000000000800                isPaused
 *fill*         0x0000000000000838        0x8 
 .text.setPaused
                0x0000000000000840       0x90 util.o
                0x0000000000000840                setPaused
 .text.applet_hook
                0x00000000000008d0        0x4 ftp.o
 *fill*         0x00000000000008d4        0xc 
 .text.update_free_space
                0x00000000000008e0      0x26c ftp.o
 *fill*         0x0000000000000b4c        0x4 
 .text.ftp_closesocket
                0x0000000000000b50      0x1d0 ftp.o
 .text.ftp_session_close_pasv
                0x0000000000000d20       0x60 ftp.o
 .text.ftp_session_close_data
                0x0000000000000d80       0x6c ftp.o
 *fill*         0x0000000000000dec        0x4 
 .text.ftp_command_cmp
                0x0000000000000df0        0xc ftp.o
 *fill*         0x0000000000000dfc        0x4 
 .text.build_path
                0x0000000000000e00      0x1bc ftp.o
 *fill*         0x0000000000000fbc        0x4 
 .text.ftp_session_fill_dirent_type
                0x0000000000000fc0      0x5e4 ftp.o
 *fill*         0x00000000000015a4        0xc 
 .text.cd_up    0x00000000000015b0       0x64 ftp.o
 *fill*         0x0000000000001614        0xc 
 .text.encode_path
                0x0000000000001620      0x118 ftp.o
 *fill*         0x0000000000001738        0x8 
 .text.ftp_set_socket_options
                0x0000000000001740       0xc0 ftp.o
 .text.ftp_session_close_file.isra.1
                0x0000000000001800       0x78 ftp.o
 *fill*         0x0000000000001878        0x8 
 .text.ftp_session_close_cwd.isra.2
                0x0000000000001880       0x6c ftp.o
 *fill*         0x00000000000018ec        0x4 
 .text.ftp_session_destroy
                0x00000000000018f0       0xe0 ftp.o
 .text.ftp_session_set_state.part.4
                0x00000000000019d0       0x38 ftp.o
 *fill*         0x0000000000001a08        0x8 
 .text.ftp_send_response_buffer
                0x0000000000001a10       0xc8 ftp.o
 *fill*         0x0000000000001ad8        0x8 
 .text.ftp_send_response
                0x0000000000001ae0      0x1ac ftp.o
 *fill*         0x0000000000001c8c        0x4 
 .text.TYPE     0x0000000000001c90       0x64 ftp.o
 *fill*         0x0000000000001cf4        0xc 
 .text.SYST     0x0000000000001d00       0x64 ftp.o
 *fill*         0x0000000000001d64        0xc 
 .text.STOU     0x0000000000001d70       0x64 ftp.o
 *fill*         0x0000000000001dd4        0xc 
 .text.QUIT     0x0000000000001de0       0x74 ftp.o
 *fill*         0x0000000000001e54        0xc 
 .text.NOOP     0x0000000000001e60       0x58 ftp.o
 *fill*         0x0000000000001eb8        0x8 
 .text.HELP     0x0000000000001ec0       0x64 ftp.o
 *fill*         0x0000000000001f24        0xc 
 .text.FEAT     0x0000000000001f30       0x98 ftp.o
 *fill*         0x0000000000001fc8        0x8 
 .text.ALLO     0x0000000000001fd0       0x64 ftp.o
 *fill*         0x0000000000002034        0xc 
 .text.USER     0x0000000000002040      0x120 ftp.o
 .text.PASS     0x0000000000002160      0x120 ftp.o
 .text.store_transfer
                0x0000000000002280      0x1e0 ftp.o
 .text.retrieve_transfer
                0x0000000000002460      0x200 ftp.o
 .text.SIZE     0x0000000000002660       0xf4 ftp.o
 *fill*         0x0000000000002754        0xc 
 .text.RNFR     0x0000000000002760      0x118 ftp.o
 *fill*         0x0000000000002878        0x8 
 .text.PASV     0x0000000000002880      0x2c4 ftp.o
 *fill*         0x0000000000002b44        0xc 
 .text.MDTM     0x0000000000002b50      0x12c ftp.o
 *fill*         0x0000000000002c7c        0x4 
 .text.RNTO     0x0000000000002c80      0x15c ftp.o
 *fill*         0x0000000000002ddc        0x4 
 .text.PORT     0x0000000000002de0      0x24c ftp.o
 *fill*         0x000000000000302c        0x4 
 .text.CWD      0x0000000000003030      0x16c ftp.o
 *fill*         0x000000000000319c        0x4 
 .text.CDUP     0x00000000000031a0       0x6c ftp.o
 *fill*         0x000000000000320c        0x4 
 .text.list_transfer
                0x0000000000003210      0x3e0 ftp.o
 .text.MLST     0x00000000000035f0      0x1cc ftp.o
 *fill*         0x00000000000037bc        0x4 
 .text.PWD      0x00000000000037c0      0x170 ftp.o
 .text.ABOR     0x0000000000003930       0xac ftp.o
 *fill*         0x00000000000039dc        0x4 
 .text.REST     0x00000000000039e0      0x130 ftp.o
 .text.STRU     0x0000000000003b10       0x94 ftp.o
 *fill*         0x0000000000003ba4        0xc 
 .text.DELE     0x0000000000003bb0      0x100 ftp.o
 .text.ftp_set_socket_nonblocking
                0x0000000000003cb0       0x94 ftp.o
 *fill*         0x0000000000003d44        0xc 
 .text.ftp_session_connect
                0x0000000000003d50      0x18c ftp.o
 *fill*         0x0000000000003edc        0x4 
 .text.ftp_xfer_file
                0x0000000000003ee0      0x490 ftp.o
 .text.STOR     0x0000000000004370       0x54 ftp.o
 *fill*         0x00000000000043c4        0xc 
 .text.RETR     0x00000000000043d0       0x54 ftp.o
 *fill*         0x0000000000004424        0xc 
 .text.APPE     0x0000000000004430       0x54 ftp.o
 *fill*         0x0000000000004484        0xc 
 .text.RMD      0x0000000000004490      0x100 ftp.o
 .text.OPTS     0x0000000000004590      0x28c ftp.o
 *fill*         0x000000000000481c        0x4 
 .text.MKD      0x0000000000004820      0x114 ftp.o
 *fill*         0x0000000000004934        0xc 
 .text.ftp_session_fill_dirent_cdir
                0x0000000000004940       0xcc ftp.o
 *fill*         0x0000000000004a0c        0x4 
 .text.ftp_xfer_dir
                0x0000000000004a10      0x538 ftp.o
 *fill*         0x0000000000004f48        0x8 
 .text.STAT     0x0000000000004f50      0x15c ftp.o
 *fill*         0x00000000000050ac        0x4 
 .text.NLST     0x00000000000050b0       0x58 ftp.o
 *fill*         0x0000000000005108        0x8 
 .text.MLSD     0x0000000000005110       0x58 ftp.o
 *fill*         0x0000000000005168        0x8 
 .text.LIST     0x0000000000005170       0x58 ftp.o
 *fill*         0x00000000000051c8        0x8 
 .text.MODE     0x00000000000051d0       0x94 ftp.o
 *fill*         0x0000000000005264        0xc 
 .text.ftp_pre_init
                0x0000000000005270       0x78 ftp.o
                0x0000000000005270                ftp_pre_init
 *fill*         0x00000000000052e8        0x8 
 .text.ftp_exit
                0x00000000000052f0       0x60 ftp.o
                0x00000000000052f0                ftp_exit
 .text.ftp_init
                0x0000000000005350      0x184 ftp.o
                0x0000000000005350                ftp_init
 *fill*         0x00000000000054d4        0xc 
 .text.ftp_post_exit
                0x00000000000054e0        0x4 ftp.o
                0x00000000000054e0                ftp_post_exit
 *fill*         0x00000000000054e4        0xc 
 .text.ftp_loop
                0x00000000000054f0      0xc78 ftp.o
                0x00000000000054f0                ftp_loop
 *fill*         0x0000000000006168        0x8 
 .text.inputPoller
                0x0000000000006170       0x90 main.o
                0x0000000000006170                inputPoller
 .text.__libnx_initheap
                0x0000000000006200       0x28 main.o
                0x0000000000006200                __libnx_initheap
 *fill*         0x0000000000006228        0x8 
 .text.__appInit
                0x0000000000006230       0x80 main.o
                0x0000000000006230                __appInit
 .text.__appExit
                0x00000000000062b0       0x20 main.o
                0x00000000000062b0                __appExit
 .text.mp3MutInit
                0x00000000000062d0       0x5c mp3.o
                0x00000000000062d0                mp3MutInit
 *fill*         0x000000000000632c        0x4 
 .text.initMp3  0x0000000000006330      0x144 mp3.o
                0x0000000000006330                initMp3
 *fill*         0x0000000000006474        0xc 
 .text.decodeMp3
                0x0000000000006480       0x50 mp3.o
                0x0000000000006480                decodeMp3
 .text.exitMp3  0x00000000000064d0       0x30 mp3.o
                0x00000000000064d0                exitMp3
 .text.fillBuf  0x0000000000006500       0x98 mp3.o
                0x0000000000006500                fillBuf
 *fill*         0x0000000000006598        0x8 
 .text.playMp3  0x00000000000065a0       0xe8 mp3.o
                0x00000000000065a0                playMp3
 *fill*         0x0000000000006688        0x8 
 .text.console_set_status
                0x0000000000006690        0x4 console.o
                0x0000000000006690                console_set_status
 *fill*         0x0000000000006694        0xc 
 .text.console_print
                0x00000000000066a0       0xd4 console.o
                0x00000000000066a0                console_print
 *fill*         0x0000000000006774        0xc 
 .text.debug_print
                0x0000000000006780       0xd8 console.o
                0x0000000000006780                debug_print
 *fill*         0x0000000000006858        0x8 
 .text.console_render
                0x0000000000006860        0x4 console.o
                0x0000000000006860                console_render
 *fill*         0x0000000000006864        0xc 
 .text.ini_strncpy
                0x0000000000006870      0x2b0 minIni.o
 .text.skiptrailing
                0x0000000000006b20       0x74 minIni.o
 *fill*         0x0000000000006b94        0xc 
 .text.skipleading.part.1
                0x0000000000006ba0       0x2c minIni.o
 *fill*         0x0000000000006bcc        0x4 
 .text.striptrailing
                0x0000000000006bd0       0x60 minIni.o
 .text.cleanstring
                0x0000000000006c30      0x100 minIni.o
 .text.getkeystring
                0x0000000000006d30      0x400 minIni.o
 .text.ini_gets.part.8
                0x0000000000007130       0xb0 minIni.o
 .text.ini_gets
                0x00000000000071e0       0x1c minIni.o
                0x00000000000071e0                ini_gets
 *fill*         0x00000000000071fc        0x4 
 .text.mutexLock
                0x0000000000007200       0x8c C:/devkitPro/libnx/lib\libnx.a(mutex.o)
                0x0000000000007200                mutexLock
 *fill*         0x000000000000728c        0x4 
 .text.mutexUnlock
                0x0000000000007290       0x30 C:/devkitPro/libnx/lib\libnx.a(mutex.o)
                0x0000000000007290                mutexUnlock
 .text.rmutexLock
                0x00000000000072c0       0x4c C:/devkitPro/libnx/lib\libnx.a(mutex.o)
                0x00000000000072c0                rmutexLock
 *fill*         0x000000000000730c        0x4 
 .text.rmutexUnlock
                0x0000000000007310       0x1c C:/devkitPro/libnx/lib\libnx.a(mutex.o)
                0x0000000000007310                rmutexUnlock
 *fill*         0x000000000000732c        0x4 
 .text._EntryWrap
                0x0000000000007330       0x50 C:/devkitPro/libnx/lib\libnx.a(thread.o)
 .text.threadCreate
                0x0000000000007380      0x1f8 C:/devkitPro/libnx/lib\libnx.a(thread.o)
                0x0000000000007380                threadCreate
 *fill*         0x0000000000007578        0x8 
 .text.threadStart
                0x0000000000007580        0x8 C:/devkitPro/libnx/lib\libnx.a(thread.o)
                0x0000000000007580                threadStart
 *fill*         0x0000000000007588        0x8 
 .text.ipcParse
                0x0000000000007590      0x22c C:/devkitPro/libnx/lib\libnx.a(applet.o)
 *fill*         0x00000000000077bc        0x4 
 .text._appletReceiveMessage
                0x00000000000077c0      0x19c C:/devkitPro/libnx/lib\libnx.a(applet.o)
 *fill*         0x000000000000795c        0x4 
 .text._appletGetPerformanceMode.constprop.35
                0x0000000000007960      0x18c C:/devkitPro/libnx/lib\libnx.a(applet.o)
 *fill*         0x0000000000007aec        0x4 
 .text._appletGetCurrentFocusState.constprop.36
                0x0000000000007af0      0x3ac C:/devkitPro/libnx/lib\libnx.a(applet.o)
 *fill*         0x0000000000007e9c        0x4 
 .text._appletGetOperationMode.constprop.34
                0x0000000000007ea0      0x3ac C:/devkitPro/libnx/lib\libnx.a(applet.o)
 *fill*         0x000000000000824c        0x4 
 .text.appletHook
                0x0000000000008250       0x28 C:/devkitPro/libnx/lib\libnx.a(applet.o)
                0x0000000000008250                appletHook
 *fill*         0x0000000000008278        0x8 
 .text.appletGetAppletResourceUserId
                0x0000000000008280       0x28 C:/devkitPro/libnx/lib\libnx.a(applet.o)
                0x0000000000008280                appletGetAppletResourceUserId
 *fill*         0x00000000000082a8        0x8 
 .text.appletMainLoop
                0x00000000000082b0      0x17c C:/devkitPro/libnx/lib\libnx.a(applet.o)
                0x00000000000082b0                appletMainLoop
 *fill*         0x000000000000842c        0x4 
 .text.ipcCloseObjectById
                0x0000000000008430       0x34 C:/devkitPro/libnx/lib\libnx.a(time.o)
 *fill*         0x0000000000008464        0xc 
 .text._timeGetSession
                0x0000000000008470      0x12c C:/devkitPro/libnx/lib\libnx.a(time.o)
 *fill*         0x000000000000859c        0x4 
 .text.timeExit
                0x00000000000085a0      0x1ec C:/devkitPro/libnx/lib\libnx.a(time.o)
                0x00000000000085a0                timeExit
 *fill*         0x000000000000878c        0x4 
 .text.timeInitialize
                0x0000000000008790       0xd8 C:/devkitPro/libnx/lib\libnx.a(time.o)
                0x0000000000008790                timeInitialize
 *fill*         0x0000000000008868        0x8 
 .text.ipcCloseObjectById
                0x0000000000008870       0x34 C:/devkitPro/libnx/lib\libnx.a(hid.o)
 *fill*         0x00000000000088a4        0xc 
 .text._hidGetSharedMemoryHandle.constprop.10
                0x00000000000088b0      0x124 C:/devkitPro/libnx/lib\libnx.a(hid.o)
 *fill*         0x00000000000089d4        0xc 
 .text._hidCreateAppletResource.constprop.9
                0x00000000000089e0      0x134 C:/devkitPro/libnx/lib\libnx.a(hid.o)
 *fill*         0x0000000000008b14        0xc 
 .text._hidCmdWithNoInput
                0x0000000000008b20      0x100 C:/devkitPro/libnx/lib\libnx.a(hid.o)
 .text._hidCmdWithInputU32
                0x0000000000008c20      0x10c C:/devkitPro/libnx/lib\libnx.a(hid.o)
 *fill*         0x0000000000008d2c        0x4 
 .text._hidCmdWithInputU64.constprop.11
                0x0000000000008d30      0x108 C:/devkitPro/libnx/lib\libnx.a(hid.o)
 *fill*         0x0000000000008e38        0x8 
 .text.hidReset
                0x0000000000008e40      0x1d0 C:/devkitPro/libnx/lib\libnx.a(hid.o)
                0x0000000000008e40                hidReset
 .text.hidGetSharedmemAddr
                0x0000000000009010        0xc C:/devkitPro/libnx/lib\libnx.a(hid.o)
                0x0000000000009010                hidGetSharedmemAddr
 *fill*         0x000000000000901c        0x4 
 .text.hidKeysHeld
                0x0000000000009020       0x6c C:/devkitPro/libnx/lib\libnx.a(hid.o)
                0x0000000000009020                hidKeysHeld
 *fill*         0x000000000000908c        0x4 
 .text.hidKeysDown
                0x0000000000009090       0x6c C:/devkitPro/libnx/lib\libnx.a(hid.o)
                0x0000000000009090                hidKeysDown
 *fill*         0x00000000000090fc        0x4 
 .text.hidTouchCount
                0x0000000000009100        0xc C:/devkitPro/libnx/lib\libnx.a(hid.o)
                0x0000000000009100                hidTouchCount
 *fill*         0x000000000000910c        0x4 
 .text.hidScanInput
                0x0000000000009110      0x560 C:/devkitPro/libnx/lib\libnx.a(hid.o)
                0x0000000000009110                hidScanInput
 .text.hidSetSupportedNpadIdType
                0x0000000000009670      0x198 C:/devkitPro/libnx/lib\libnx.a(hid.o)
                0x0000000000009670                hidSetSupportedNpadIdType
 *fill*         0x0000000000009808        0x8 
 .text.hidSetSupportedNpadStyleSet
                0x0000000000009810        0xc C:/devkitPro/libnx/lib\libnx.a(hid.o)
                0x0000000000009810                hidSetSupportedNpadStyleSet
 *fill*         0x000000000000981c        0x4 
 .text.hidSetNpadJoyHoldType
                0x0000000000009820        0x8 C:/devkitPro/libnx/lib\libnx.a(hid.o)
                0x0000000000009820                hidSetNpadJoyHoldType
 *fill*         0x0000000000009828        0x8 
 .text.hidSetNpadJoyAssignmentModeDual
                0x0000000000009830        0xc C:/devkitPro/libnx/lib\libnx.a(hid.o)
                0x0000000000009830                hidSetNpadJoyAssignmentModeDual
 *fill*         0x000000000000983c        0x4 
 .text.hidExit  0x0000000000009840      0x12c C:/devkitPro/libnx/lib\libnx.a(hid.o)
                0x0000000000009840                hidExit
 *fill*         0x000000000000996c        0x4 
 .text.hidInitialize
                0x0000000000009970      0x168 C:/devkitPro/libnx/lib\libnx.a(hid.o)
                0x0000000000009970                hidInitialize
 *fill*         0x0000000000009ad8        0x8 
 .text.ipcCloseObjectById
                0x0000000000009ae0       0x34 C:/devkitPro/libnx/lib\libnx.a(audout.o)
 *fill*         0x0000000000009b14        0xc 
 .text.audoutExit
                0x0000000000009b20      0x120 C:/devkitPro/libnx/lib\libnx.a(audout.o)
                0x0000000000009b20                audoutExit
 .text.audoutGetSampleRate
                0x0000000000009c40        0xc C:/devkitPro/libnx/lib\libnx.a(audout.o)
                0x0000000000009c40                audoutGetSampleRate
 *fill*         0x0000000000009c4c        0x4 
 .text.audoutOpenAudioOut
                0x0000000000009c50      0x1dc C:/devkitPro/libnx/lib\libnx.a(audout.o)
                0x0000000000009c50                audoutOpenAudioOut
 *fill*         0x0000000000009e2c        0x4 
 .text.audoutInitialize
                0x0000000000009e30      0x1e4 C:/devkitPro/libnx/lib\libnx.a(audout.o)
                0x0000000000009e30                audoutInitialize
 *fill*         0x000000000000a014        0xc 
 .text.audoutStartAudioOut
                0x000000000000a020       0xcc C:/devkitPro/libnx/lib\libnx.a(audout.o)
                0x000000000000a020                audoutStartAudioOut
 *fill*         0x000000000000a0ec        0x4 
 .text.audoutAppendAudioOutBuffer
                0x000000000000a0f0       0xfc C:/devkitPro/libnx/lib\libnx.a(audout.o)
                0x000000000000a0f0                audoutAppendAudioOutBuffer
 *fill*         0x000000000000a1ec        0x4 
 .text.audoutGetReleasedAudioOutBuffer
                0x000000000000a1f0      0x110 C:/devkitPro/libnx/lib\libnx.a(audout.o)
                0x000000000000a1f0                audoutGetReleasedAudioOutBuffer
 .text.audoutWaitPlayFinish
                0x000000000000a300       0x48 C:/devkitPro/libnx/lib\libnx.a(audout.o)
                0x000000000000a300                audoutWaitPlayFinish
 *fill*         0x000000000000a348        0x8 
 .text.ipcPrepareHeader
                0x000000000000a350      0x220 C:/devkitPro/libnx/lib\libnx.a(fs.o)
 .text.ipcParse
                0x000000000000a570      0x22c C:/devkitPro/libnx/lib\libnx.a(fs.o)
 *fill*         0x000000000000a79c        0x4 
 .text.serviceIpcParse
                0x000000000000a7a0       0xb0 C:/devkitPro/libnx/lib\libnx.a(fs.o)
 .text.ipcCloseObjectById
                0x000000000000a850       0x34 C:/devkitPro/libnx/lib\libnx.a(fs.o)
 *fill*         0x000000000000a884        0xc 
 .text.fsInitialize
                0x000000000000a890      0x200 C:/devkitPro/libnx/lib\libnx.a(fs.o)
                0x000000000000a890                fsInitialize
 .text.fsExit   0x000000000000aa90       0x9c C:/devkitPro/libnx/lib\libnx.a(fs.o)
                0x000000000000aa90                fsExit
 *fill*         0x000000000000ab2c        0x4 
 .text.fsMountSdcard
                0x000000000000ab30      0x13c C:/devkitPro/libnx/lib\libnx.a(fs.o)
                0x000000000000ab30                fsMountSdcard
 *fill*         0x000000000000ac6c        0x4 
 .text.fsFsCreateFile
                0x000000000000ac70      0x120 C:/devkitPro/libnx/lib\libnx.a(fs.o)
                0x000000000000ac70                fsFsCreateFile
 .text.fsFsDeleteFile
                0x000000000000ad90      0x118 C:/devkitPro/libnx/lib\libnx.a(fs.o)
                0x000000000000ad90                fsFsDeleteFile
 *fill*         0x000000000000aea8        0x8 
 .text.fsFsCreateDirectory
                0x000000000000aeb0      0x118 C:/devkitPro/libnx/lib\libnx.a(fs.o)
                0x000000000000aeb0                fsFsCreateDirectory
 *fill*         0x000000000000afc8        0x8 
 .text.fsFsDeleteDirectory
                0x000000000000afd0      0x118 C:/devkitPro/libnx/lib\libnx.a(fs.o)
                0x000000000000afd0                fsFsDeleteDirectory
 *fill*         0x000000000000b0e8        0x8 
 .text.fsFsRenameFile
                0x000000000000b0f0      0x190 C:/devkitPro/libnx/lib\libnx.a(fs.o)
                0x000000000000b0f0                fsFsRenameFile
 .text.fsFsRenameDirectory
                0x000000000000b280      0x190 C:/devkitPro/libnx/lib\libnx.a(fs.o)
                0x000000000000b280                fsFsRenameDirectory
 .text.fsFsGetEntryType
                0x000000000000b410      0x12c C:/devkitPro/libnx/lib\libnx.a(fs.o)
                0x000000000000b410                fsFsGetEntryType
 *fill*         0x000000000000b53c        0x4 
 .text.fsFsOpenFile
                0x000000000000b540      0x150 C:/devkitPro/libnx/lib\libnx.a(fs.o)
                0x000000000000b540                fsFsOpenFile
 .text.fsFsOpenDirectory
                0x000000000000b690      0x150 C:/devkitPro/libnx/lib\libnx.a(fs.o)
                0x000000000000b690                fsFsOpenDirectory
 .text.fsFsGetFreeSpace
                0x000000000000b7e0      0x12c C:/devkitPro/libnx/lib\libnx.a(fs.o)
                0x000000000000b7e0                fsFsGetFreeSpace
 *fill*         0x000000000000b90c        0x4 
 .text.fsFsGetTotalSpace
                0x000000000000b910      0x12c C:/devkitPro/libnx/lib\libnx.a(fs.o)
                0x000000000000b910                fsFsGetTotalSpace
 *fill*         0x000000000000ba3c        0x4 
 .text.fsFsGetFileTimeStampRaw
                0x000000000000ba40      0x190 C:/devkitPro/libnx/lib\libnx.a(fs.o)
                0x000000000000ba40                fsFsGetFileTimeStampRaw
 .text.fsFsClose
                0x000000000000bbd0       0x6c C:/devkitPro/libnx/lib\libnx.a(fs.o)
                0x000000000000bbd0                fsFsClose
 *fill*         0x000000000000bc3c        0x4 
 .text.fsFileRead
                0x000000000000bc40      0x170 C:/devkitPro/libnx/lib\libnx.a(fs.o)
                0x000000000000bc40                fsFileRead
 .text.fsFileWrite
                0x000000000000bdb0      0x10c C:/devkitPro/libnx/lib\libnx.a(fs.o)
                0x000000000000bdb0                fsFileWrite
 *fill*         0x000000000000bebc        0x4 
 .text.fsFileFlush
                0x000000000000bec0       0xe8 C:/devkitPro/libnx/lib\libnx.a(fs.o)
                0x000000000000bec0                fsFileFlush
 *fill*         0x000000000000bfa8        0x8 
 .text.fsFileSetSize
                0x000000000000bfb0       0xf0 C:/devkitPro/libnx/lib\libnx.a(fs.o)
                0x000000000000bfb0                fsFileSetSize
 .text.fsFileGetSize
                0x000000000000c0a0      0x100 C:/devkitPro/libnx/lib\libnx.a(fs.o)
                0x000000000000c0a0                fsFileGetSize
 .text.fsFileClose
                0x000000000000c1a0       0x6c C:/devkitPro/libnx/lib\libnx.a(fs.o)
                0x000000000000c1a0                fsFileClose
 *fill*         0x000000000000c20c        0x4 
 .text.fsDirClose
                0x000000000000c210       0x6c C:/devkitPro/libnx/lib\libnx.a(fs.o)
                0x000000000000c210                fsDirClose
 *fill*         0x000000000000c27c        0x4 
 .text.fsDirRead
                0x000000000000c280      0x16c C:/devkitPro/libnx/lib\libnx.a(fs.o)
                0x000000000000c280                fsDirRead
 *fill*         0x000000000000c3ec        0x4 
 .text.smAddOverrideHandle
                0x000000000000c3f0       0x44 C:/devkitPro/libnx/lib\libnx.a(sm.o)
                0x000000000000c3f0                smAddOverrideHandle
 *fill*         0x000000000000c434        0xc 
 .text.smGetServiceOverride
                0x000000000000c440       0x60 C:/devkitPro/libnx/lib\libnx.a(sm.o)
                0x000000000000c440                smGetServiceOverride
 .text.smHasInitialized
                0x000000000000c4a0       0x14 C:/devkitPro/libnx/lib\libnx.a(sm.o)
                0x000000000000c4a0                smHasInitialized
 *fill*         0x000000000000c4b4        0xc 
 .text.smExit   0x000000000000c4c0       0x5c C:/devkitPro/libnx/lib\libnx.a(sm.o)
                0x000000000000c4c0                smExit
 *fill*         0x000000000000c51c        0x4 
 .text.smEncodeName
                0x000000000000c520       0x38 C:/devkitPro/libnx/lib\libnx.a(sm.o)
                0x000000000000c520                smEncodeName
 *fill*         0x000000000000c558        0x8 
 .text.smGetServiceOriginal
                0x000000000000c560      0x12c C:/devkitPro/libnx/lib\libnx.a(sm.o)
                0x000000000000c560                smGetServiceOriginal
 *fill*         0x000000000000c68c        0x4 
 .text.smInitialize
                0x000000000000c690      0x158 C:/devkitPro/libnx/lib\libnx.a(sm.o)
                0x000000000000c690                smInitialize
 *fill*         0x000000000000c7e8        0x8 
 .text.smGetService
                0x000000000000c7f0       0x74 C:/devkitPro/libnx/lib\libnx.a(sm.o)
                0x000000000000c7f0                smGetService
 *fill*         0x000000000000c864        0xc 
 .text._fatalImpl
                0x000000000000c870      0x140 C:/devkitPro/libnx/lib\libnx.a(fatal.o)
 .text.fatalWithType
                0x000000000000c9b0       0x14 C:/devkitPro/libnx/lib\libnx.a(fatal.o)
                0x000000000000c9b0                fatalWithType
 *fill*         0x000000000000c9c4        0xc 
 .text.fatalSimple
                0x000000000000c9d0       0x14 C:/devkitPro/libnx/lib\libnx.a(fatal.o)
                0x000000000000c9d0                fatalSimple
 *fill*         0x000000000000c9e4        0xc 
 .text.envSetup
                0x000000000000c9f0      0x208 C:/devkitPro/libnx/lib\libnx.a(env.o)
                0x000000000000c9f0                envSetup
 *fill*         0x000000000000cbf8        0x8 
 .text.envGetMainThreadHandle
                0x000000000000cc00       0x20 C:/devkitPro/libnx/lib\libnx.a(env.o)
                0x000000000000cc00                envGetMainThreadHandle
 .text.envIsNso
                0x000000000000cc20        0xc C:/devkitPro/libnx/lib\libnx.a(env.o)
                0x000000000000cc20                envIsNso
 *fill*         0x000000000000cc2c        0x4 
 .text.envHasArgv
                0x000000000000cc30       0x14 C:/devkitPro/libnx/lib\libnx.a(env.o)
                0x000000000000cc30                envHasArgv
 *fill*         0x000000000000cc44        0xc 
 .text.envGetArgv
                0x000000000000cc50        0xc C:/devkitPro/libnx/lib\libnx.a(env.o)
                0x000000000000cc50                envGetArgv
 *fill*         0x000000000000cc5c        0x4 
 .text.envGetExitFuncPtr
                0x000000000000cc60        0xc C:/devkitPro/libnx/lib\libnx.a(env.o)
                0x000000000000cc60                envGetExitFuncPtr
 *fill*         0x000000000000cc6c        0x4 
 .text._socketInetAtonDetail
                0x000000000000cc70      0x240 C:/devkitPro/libnx/lib\libnx.a(socket.o)
 .text._socketParseBsdResult.part.0
                0x000000000000ceb0       0xa8 C:/devkitPro/libnx/lib\libnx.a(socket.o)
 *fill*         0x000000000000cf58        0x8 
 .text._socketRead
                0x000000000000cf60       0x48 C:/devkitPro/libnx/lib\libnx.a(socket.o)
 *fill*         0x000000000000cfa8        0x8 
 .text._socketWrite
                0x000000000000cfb0       0x48 C:/devkitPro/libnx/lib\libnx.a(socket.o)
 *fill*         0x000000000000cff8        0x8 
 .text._socketClose
                0x000000000000d000       0x3c C:/devkitPro/libnx/lib\libnx.a(socket.o)
 *fill*         0x000000000000d03c        0x4 
 .text._socketOpen
                0x000000000000d040       0x7c C:/devkitPro/libnx/lib\libnx.a(socket.o)
 *fill*         0x000000000000d0bc        0x4 
 .text.inet_ntop4
                0x000000000000d0c0      0x110 C:/devkitPro/libnx/lib\libnx.a(socket.o)
 .text._socketGetFd
                0x000000000000d1d0       0x80 C:/devkitPro/libnx/lib\libnx.a(socket.o)
 .text.socketExit
                0x000000000000d250       0x20 C:/devkitPro/libnx/lib\libnx.a(socket.o)
                0x000000000000d250                socketExit
 .text.socketInitialize
                0x000000000000d270      0x108 C:/devkitPro/libnx/lib\libnx.a(socket.o)
                0x000000000000d270                socketInitialize
 *fill*         0x000000000000d378        0x8 
 .text.poll     0x000000000000d380      0x1bc C:/devkitPro/libnx/lib\libnx.a(socket.o)
                0x000000000000d380                poll
 *fill*         0x000000000000d53c        0x4 
 .text.socket   0x000000000000d540       0xa4 C:/devkitPro/libnx/lib\libnx.a(socket.o)
                0x000000000000d540                socket
 *fill*         0x000000000000d5e4        0xc 
 .text.recv     0x000000000000d5f0       0x50 C:/devkitPro/libnx/lib\libnx.a(socket.o)
                0x000000000000d5f0                recv
 .text.send     0x000000000000d640       0x50 C:/devkitPro/libnx/lib\libnx.a(socket.o)
                0x000000000000d640                send
 .text.accept   0x000000000000d690       0xac C:/devkitPro/libnx/lib\libnx.a(socket.o)
                0x000000000000d690                accept
 *fill*         0x000000000000d73c        0x4 
 .text.bind     0x000000000000d740       0x54 C:/devkitPro/libnx/lib\libnx.a(socket.o)
                0x000000000000d740                bind
 *fill*         0x000000000000d794        0xc 
 .text.connect  0x000000000000d7a0       0x54 C:/devkitPro/libnx/lib\libnx.a(socket.o)
                0x000000000000d7a0                connect
 *fill*         0x000000000000d7f4        0xc 
 .text.getpeername
                0x000000000000d800       0x4c C:/devkitPro/libnx/lib\libnx.a(socket.o)
                0x000000000000d800                getpeername
 *fill*         0x000000000000d84c        0x4 
 .text.getsockname
                0x000000000000d850       0x4c C:/devkitPro/libnx/lib\libnx.a(socket.o)
                0x000000000000d850                getsockname
 *fill*         0x000000000000d89c        0x4 
 .text.listen   0x000000000000d8a0       0x4c C:/devkitPro/libnx/lib\libnx.a(socket.o)
                0x000000000000d8a0                listen
 *fill*         0x000000000000d8ec        0x4 
 .text.setsockopt
                0x000000000000d8f0       0x5c C:/devkitPro/libnx/lib\libnx.a(socket.o)
                0x000000000000d8f0                setsockopt
 *fill*         0x000000000000d94c        0x4 
 .text.fcntl    0x000000000000d950       0xd0 C:/devkitPro/libnx/lib\libnx.a(socket.o)
                0x000000000000d950                fcntl
 .text.ioctl    0x000000000000da20      0x244 C:/devkitPro/libnx/lib\libnx.a(socket.o)
                0x000000000000da20                ioctl
 *fill*         0x000000000000dc64        0xc 
 .text.shutdown
                0x000000000000dc70       0x4c C:/devkitPro/libnx/lib\libnx.a(socket.o)
                0x000000000000dc70                shutdown
 *fill*         0x000000000000dcbc        0x4 
 .text.sockatmark
                0x000000000000dcc0       0x2c C:/devkitPro/libnx/lib\libnx.a(socket.o)
                0x000000000000dcc0                sockatmark
 *fill*         0x000000000000dcec        0x4 
 .text.inet_ntop
                0x000000000000dcf0      0x378 C:/devkitPro/libnx/lib\libnx.a(socket.o)
                0x000000000000dcf0                inet_ntop
 *fill*         0x000000000000e068        0x8 
 .text.inet_ntoa
                0x000000000000e070       0x40 C:/devkitPro/libnx/lib\libnx.a(socket.o)
                0x000000000000e070                inet_ntoa
 .text.inet_aton
                0x000000000000e0b0       0x24 C:/devkitPro/libnx/lib\libnx.a(socket.o)
                0x000000000000e0b0                inet_aton
 *fill*         0x000000000000e0d4        0xc 
 .text.fsdev_link
                0x000000000000e0e0       0x10 C:/devkitPro/libnx/lib\libnx.a(fs_dev.o)
 .text.fsdev_dirreset
                0x000000000000e0f0       0x10 C:/devkitPro/libnx/lib\libnx.a(fs_dev.o)
 .text.fsdev_chmod
                0x000000000000e100       0x10 C:/devkitPro/libnx/lib\libnx.a(fs_dev.o)
 .text.error_cmp
                0x000000000000e110       0x1c C:/devkitPro/libnx/lib\libnx.a(fs_dev.o)
 *fill*         0x000000000000e12c        0x4 
 .text.fsdev_translate_error
                0x000000000000e130       0x58 C:/devkitPro/libnx/lib\libnx.a(fs_dev.o)
 *fill*         0x000000000000e188        0x8 
 .text.fsdev_fsync
                0x000000000000e190       0x40 C:/devkitPro/libnx/lib\libnx.a(fs_dev.o)
 .text.fsdev_ftruncate
                0x000000000000e1d0       0x60 C:/devkitPro/libnx/lib\libnx.a(fs_dev.o)
 .text.fsdev_dirclose
                0x000000000000e230       0x20 C:/devkitPro/libnx/lib\libnx.a(fs_dev.o)
 .text.fsdev_dirnext
                0x000000000000e250      0x16c C:/devkitPro/libnx/lib\libnx.a(fs_dev.o)
 *fill*         0x000000000000e3bc        0x4 
 .text.fsdev_close
                0x000000000000e3c0       0x1c C:/devkitPro/libnx/lib\libnx.a(fs_dev.o)
 *fill*         0x000000000000e3dc        0x4 
 .text.fsdev_fstat
                0x000000000000e3e0       0xa4 C:/devkitPro/libnx/lib\libnx.a(fs_dev.o)
 *fill*         0x000000000000e484        0xc 
 .text.fsdev_seek
                0x000000000000e490       0xb0 C:/devkitPro/libnx/lib\libnx.a(fs_dev.o)
 .text.fsdev_read
                0x000000000000e540      0x198 C:/devkitPro/libnx/lib\libnx.a(fs_dev.o)
 *fill*         0x000000000000e6d8        0x8 
 .text.fsdev_write
                0x000000000000e6e0      0x1a0 C:/devkitPro/libnx/lib\libnx.a(fs_dev.o)
 .text.fsdevFindDevice
                0x000000000000e880      0x120 C:/devkitPro/libnx/lib\libnx.a(fs_dev.o)
 .text._fsdevMountDevice
                0x000000000000e9a0      0x168 C:/devkitPro/libnx/lib\libnx.a(fs_dev.o)
 *fill*         0x000000000000eb08        0x8 
 .text.fsdev_getfspath
                0x000000000000eb10      0x1fc C:/devkitPro/libnx/lib\libnx.a(fs_dev.o)
 *fill*         0x000000000000ed0c        0x4 
 .text.fsdev_rmdir
                0x000000000000ed10       0x70 C:/devkitPro/libnx/lib\libnx.a(fs_dev.o)
 .text.fsdev_statvfs
                0x000000000000ed80       0xd4 C:/devkitPro/libnx/lib\libnx.a(fs_dev.o)
 *fill*         0x000000000000ee54        0xc 
 .text.fsdev_diropen
                0x000000000000ee60       0xec C:/devkitPro/libnx/lib\libnx.a(fs_dev.o)
 *fill*         0x000000000000ef4c        0x4 
 .text.fsdev_mkdir
                0x000000000000ef50       0x70 C:/devkitPro/libnx/lib\libnx.a(fs_dev.o)
 .text.fsdev_rename
                0x000000000000efc0      0x114 C:/devkitPro/libnx/lib\libnx.a(fs_dev.o)
 *fill*         0x000000000000f0d4        0xc 
 .text.fsdev_chdir
                0x000000000000f0e0       0xe8 C:/devkitPro/libnx/lib\libnx.a(fs_dev.o)
 *fill*         0x000000000000f1c8        0x8 
 .text.fsdev_unlink
                0x000000000000f1d0       0x70 C:/devkitPro/libnx/lib\libnx.a(fs_dev.o)
 .text.fsdev_stat
                0x000000000000f240      0x1bc C:/devkitPro/libnx/lib\libnx.a(fs_dev.o)
 *fill*         0x000000000000f3fc        0x4 
 .text.fsdev_open
                0x000000000000f400      0x19c C:/devkitPro/libnx/lib\libnx.a(fs_dev.o)
 *fill*         0x000000000000f59c        0x4 
 .text._fsdevUnmountDeviceStruct.part.4
                0x000000000000f5a0       0xb8 C:/devkitPro/libnx/lib\libnx.a(fs_dev.o)
 *fill*         0x000000000000f658        0x8 
 .text.fsdev_fchmod
                0x000000000000f660       0x10 C:/devkitPro/libnx/lib\libnx.a(fs_dev.o)
 .text.fsdevMountSdmc
                0x000000000000f670      0x158 C:/devkitPro/libnx/lib\libnx.a(fs_dev.o)
                0x000000000000f670                fsdevMountSdmc
 *fill*         0x000000000000f7c8        0x8 
 .text.fsdevUnmountAll
                0x000000000000f7d0       0x64 C:/devkitPro/libnx/lib\libnx.a(fs_dev.o)
                0x000000000000f7d0                fsdevUnmountAll
 *fill*         0x000000000000f834        0xc 
 .text._convert_errno
                0x000000000000f840       0x30 C:/devkitPro/libnx/lib\libnx.a(convert_errno.o)
                0x000000000000f840                _convert_errno
 .text.decode_utf8
                0x000000000000f870      0x12c C:/devkitPro/libnx/lib\libnx.a(decode_utf8.o)
                0x000000000000f870                decode_utf8
 .text.svcMapMemory
                0x000000000000f99c        0x8 C:/devkitPro/libnx/lib\libnx.a(svc.o)
                0x000000000000f99c                svcMapMemory
 .text.svcUnmapMemory
                0x000000000000f9a4        0x8 C:/devkitPro/libnx/lib\libnx.a(svc.o)
                0x000000000000f9a4                svcUnmapMemory
 .text.svcQueryMemory
                0x000000000000f9ac       0x14 C:/devkitPro/libnx/lib\libnx.a(svc.o)
                0x000000000000f9ac                svcQueryMemory
 .text.svcExitProcess
                0x000000000000f9c0        0x8 C:/devkitPro/libnx/lib\libnx.a(svc.o)
                0x000000000000f9c0                svcExitProcess
 .text.svcCreateThread
                0x000000000000f9c8       0x14 C:/devkitPro/libnx/lib\libnx.a(svc.o)
                0x000000000000f9c8                svcCreateThread
 .text.svcStartThread
                0x000000000000f9dc        0x8 C:/devkitPro/libnx/lib\libnx.a(svc.o)
                0x000000000000f9dc                svcStartThread
 .text.svcExitThread
                0x000000000000f9e4        0x8 C:/devkitPro/libnx/lib\libnx.a(svc.o)
                0x000000000000f9e4                svcExitThread
 .text.svcSleepThread
                0x000000000000f9ec        0x8 C:/devkitPro/libnx/lib\libnx.a(svc.o)
                0x000000000000f9ec                svcSleepThread
 .text.svcMapSharedMemory
                0x000000000000f9f4        0x8 C:/devkitPro/libnx/lib\libnx.a(svc.o)
                0x000000000000f9f4                svcMapSharedMemory
 .text.svcUnmapSharedMemory
                0x000000000000f9fc        0x8 C:/devkitPro/libnx/lib\libnx.a(svc.o)
                0x000000000000f9fc                svcUnmapSharedMemory
 .text.svcCreateTransferMemory
                0x000000000000fa04       0x14 C:/devkitPro/libnx/lib\libnx.a(svc.o)
                0x000000000000fa04                svcCreateTransferMemory
 .text.svcCloseHandle
                0x000000000000fa18        0x8 C:/devkitPro/libnx/lib\libnx.a(svc.o)
                0x000000000000fa18                svcCloseHandle
 .text.svcResetSignal
                0x000000000000fa20        0x8 C:/devkitPro/libnx/lib\libnx.a(svc.o)
                0x000000000000fa20                svcResetSignal
 .text.svcWaitSynchronization
                0x000000000000fa28       0x14 C:/devkitPro/libnx/lib\libnx.a(svc.o)
                0x000000000000fa28                svcWaitSynchronization
 .text.svcArbitrateLock
                0x000000000000fa3c        0x8 C:/devkitPro/libnx/lib\libnx.a(svc.o)
                0x000000000000fa3c                svcArbitrateLock
 .text.svcArbitrateUnlock
                0x000000000000fa44        0x8 C:/devkitPro/libnx/lib\libnx.a(svc.o)
                0x000000000000fa44                svcArbitrateUnlock
 .text.svcConnectToNamedPort
                0x000000000000fa4c       0x14 C:/devkitPro/libnx/lib\libnx.a(svc.o)
                0x000000000000fa4c                svcConnectToNamedPort
 .text.svcSendSyncRequest
                0x000000000000fa60        0x8 C:/devkitPro/libnx/lib\libnx.a(svc.o)
                0x000000000000fa60                svcSendSyncRequest
 .text.svcBreak
                0x000000000000fa68        0x8 C:/devkitPro/libnx/lib\libnx.a(svc.o)
                0x000000000000fa68                svcBreak
 .text.svcReturnFromException
                0x000000000000fa70        0x8 C:/devkitPro/libnx/lib\libnx.a(svc.o)
                0x000000000000fa70                svcReturnFromException
 .text.svcGetInfo
                0x000000000000fa78       0x14 C:/devkitPro/libnx/lib\libnx.a(svc.o)
                0x000000000000fa78                svcGetInfo
 .text.svcUnmapTransferMemory
                0x000000000000fa8c        0x8 C:/devkitPro/libnx/lib\libnx.a(svc.o)
                0x000000000000fa8c                svcUnmapTransferMemory
 .text.__aarch64_read_tp
                0x000000000000fa94        0xc C:/devkitPro/libnx/lib\libnx.a(readtp.o)
                0x000000000000fa94                __aarch64_read_tp
 .text._CacheValues
                0x000000000000faa0      0x180 C:/devkitPro/libnx/lib\libnx.a(detect.o)
 .text.kernelAbove300
                0x000000000000fc20       0x1c C:/devkitPro/libnx/lib\libnx.a(detect.o)
                0x000000000000fc20                kernelAbove300
 *fill*         0x000000000000fc3c        0x4 
 .text.detectDebugger
                0x000000000000fc40       0x30 C:/devkitPro/libnx/lib\libnx.a(detect.o)
                0x000000000000fc40                detectDebugger
 .text.tmemCreate
                0x000000000000fc70       0xa8 C:/devkitPro/libnx/lib\libnx.a(tmem.o)
                0x000000000000fc70                tmemCreate
 *fill*         0x000000000000fd18        0x8 
 .text.tmemUnmap
                0x000000000000fd20       0x58 C:/devkitPro/libnx/lib\libnx.a(tmem.o)
                0x000000000000fd20                tmemUnmap
 *fill*         0x000000000000fd78        0x8 
 .text.tmemClose
                0x000000000000fd80       0x68 C:/devkitPro/libnx/lib\libnx.a(tmem.o)
                0x000000000000fd80                tmemClose
 *fill*         0x000000000000fde8        0x8 
 .text._waitLoop
                0x000000000000fdf0      0x104 C:/devkitPro/libnx/lib\libnx.a(wait.o)
 *fill*         0x000000000000fef4        0xc 
 .text._waitObjectsImpl
                0x000000000000ff00      0x334 C:/devkitPro/libnx/lib\libnx.a(wait.o)
 *fill*         0x0000000000010234        0xc 
 .text.waitObjects
                0x0000000000010240        0xc C:/devkitPro/libnx/lib\libnx.a(wait.o)
                0x0000000000010240                waitObjects
 *fill*         0x000000000001024c        0x4 
 .text.rwlockReadLock
                0x0000000000010250       0x4c C:/devkitPro/libnx/lib\libnx.a(rwlock.o)
                0x0000000000010250                rwlockReadLock
 *fill*         0x000000000001029c        0x4 
 .text.rwlockReadUnlock
                0x00000000000102a0       0x4c C:/devkitPro/libnx/lib\libnx.a(rwlock.o)
                0x00000000000102a0                rwlockReadUnlock
 *fill*         0x00000000000102ec        0x4 
 .text.rwlockWriteLock
                0x00000000000102f0        0x8 C:/devkitPro/libnx/lib\libnx.a(rwlock.o)
                0x00000000000102f0                rwlockWriteLock
 *fill*         0x00000000000102f8        0x8 
 .text.rwlockWriteUnlock
                0x0000000000010300        0x8 C:/devkitPro/libnx/lib\libnx.a(rwlock.o)
                0x0000000000010300                rwlockWriteUnlock
 *fill*         0x0000000000010308        0x8 
 .text.shmemLoadRemote
                0x0000000000010310       0x14 C:/devkitPro/libnx/lib\libnx.a(shmem.o)
                0x0000000000010310                shmemLoadRemote
 *fill*         0x0000000000010324        0xc 
 .text.shmemMap
                0x0000000000010330       0x84 C:/devkitPro/libnx/lib\libnx.a(shmem.o)
                0x0000000000010330                shmemMap
 *fill*         0x00000000000103b4        0xc 
 .text.shmemUnmap
                0x00000000000103c0       0x58 C:/devkitPro/libnx/lib\libnx.a(shmem.o)
                0x00000000000103c0                shmemUnmap
 *fill*         0x0000000000010418        0x8 
 .text.shmemClose
                0x0000000000010420       0x44 C:/devkitPro/libnx/lib\libnx.a(shmem.o)
                0x0000000000010420                shmemClose
 *fill*         0x0000000000010464        0xc 
 .text._GetRegionFromInfo.isra.1
                0x0000000000010470       0x7c C:/devkitPro/libnx/lib\libnx.a(virtmem.o)
 *fill*         0x00000000000104ec        0x4 
 .text.virtmemSetup
                0x00000000000104f0      0x114 C:/devkitPro/libnx/lib\libnx.a(virtmem.o)
                0x00000000000104f0                virtmemSetup
 *fill*         0x0000000000010604        0xc 
 .text.virtmemReserve
                0x0000000000010610      0x13c C:/devkitPro/libnx/lib\libnx.a(virtmem.o)
                0x0000000000010610                virtmemReserve
 *fill*         0x000000000001074c        0x4 
 .text.virtmemFree
                0x0000000000010750        0x4 C:/devkitPro/libnx/lib\libnx.a(virtmem.o)
                0x0000000000010750                virtmemFree
 *fill*         0x0000000000010754        0xc 
 .text.virtmemReserveStack
                0x0000000000010760       0xc8 C:/devkitPro/libnx/lib\libnx.a(virtmem.o)
                0x0000000000010760                virtmemReserveStack
 *fill*         0x0000000000010828        0x8 
 .text.virtmemFreeStack
                0x0000000000010830        0x4 C:/devkitPro/libnx/lib\libnx.a(virtmem.o)
                0x0000000000010830                virtmemFreeStack
 *fill*         0x0000000000010834        0xc 
 .text.eventLoadRemote
                0x0000000000010840        0xc C:/devkitPro/libnx/lib\libnx.a(event.o)
                0x0000000000010840                eventLoadRemote
 *fill*         0x000000000001084c        0x4 
 .text.eventWait
                0x0000000000010850       0x38 C:/devkitPro/libnx/lib\libnx.a(event.o)
                0x0000000000010850                eventWait
 *fill*         0x0000000000010888        0x8 
 .text.eventClose
                0x0000000000010890       0x50 C:/devkitPro/libnx/lib\libnx.a(event.o)
                0x0000000000010890                eventClose
 .text.ipcCloseObjectById
                0x00000000000108e0       0x34 C:/devkitPro/libnx/lib\libnx.a(bsd.o)
 *fill*         0x0000000000010914        0xc 
 .text._bsdRegisterClient.isra.5.constprop.11
                0x0000000000010920      0x120 C:/devkitPro/libnx/lib\libnx.a(bsd.o)
 .text._bsdDispatchBasicCommand.isra.6
                0x0000000000010a40      0x308 C:/devkitPro/libnx/lib\libnx.a(bsd.o)
 *fill*         0x0000000000010d48        0x8 
 .text._bsdSocketCreationCommand
                0x0000000000010d50       0x44 C:/devkitPro/libnx/lib\libnx.a(bsd.o)
 *fill*         0x0000000000010d94        0xc 
 .text._bsdDispatchCommandWithOutAddrlen.isra.7
                0x0000000000010da0       0x44 C:/devkitPro/libnx/lib\libnx.a(bsd.o)
 *fill*         0x0000000000010de4        0xc 
 .text._bsdNameGetterCommand
                0x0000000000010df0       0xfc C:/devkitPro/libnx/lib\libnx.a(bsd.o)
 *fill*         0x0000000000010eec        0x4 
 .text.ipcQueryPointerBufferSize.constprop.10
                0x0000000000010ef0       0xc8 C:/devkitPro/libnx/lib\libnx.a(bsd.o)
 *fill*         0x0000000000010fb8        0x8 
 .text._bsdStartMonitor.constprop.9
                0x0000000000010fc0       0xf8 C:/devkitPro/libnx/lib\libnx.a(bsd.o)
 *fill*         0x00000000000110b8        0x8 
 .text.bsdExit  0x00000000000110c0       0xf0 C:/devkitPro/libnx/lib\libnx.a(bsd.o)
                0x00000000000110c0                bsdExit
 .text.bsdInitialize
                0x00000000000111b0      0x14c C:/devkitPro/libnx/lib\libnx.a(bsd.o)
                0x00000000000111b0                bsdInitialize
 *fill*         0x00000000000112fc        0x4 
 .text.bsdSocket
                0x0000000000011300       0x14 C:/devkitPro/libnx/lib\libnx.a(bsd.o)
                0x0000000000011300                bsdSocket
 *fill*         0x0000000000011314        0xc 
 .text.bsdOpen  0x0000000000011320       0xc4 C:/devkitPro/libnx/lib\libnx.a(bsd.o)
                0x0000000000011320                bsdOpen
 *fill*         0x00000000000113e4        0xc 
 .text.bsdPoll  0x00000000000113f0      0x13c C:/devkitPro/libnx/lib\libnx.a(bsd.o)
                0x00000000000113f0                bsdPoll
 *fill*         0x000000000001152c        0x4 
 .text.bsdRecv  0x0000000000011530       0xfc C:/devkitPro/libnx/lib\libnx.a(bsd.o)
                0x0000000000011530                bsdRecv
 *fill*         0x000000000001162c        0x4 
 .text.bsdSend  0x0000000000011630       0xbc C:/devkitPro/libnx/lib\libnx.a(bsd.o)
                0x0000000000011630                bsdSend
 *fill*         0x00000000000116ec        0x4 
 .text.bsdAccept
                0x00000000000116f0       0x14 C:/devkitPro/libnx/lib\libnx.a(bsd.o)
                0x00000000000116f0                bsdAccept
 *fill*         0x0000000000011704        0xc 
 .text.bsdBind  0x0000000000011710       0xa8 C:/devkitPro/libnx/lib\libnx.a(bsd.o)
                0x0000000000011710                bsdBind
 *fill*         0x00000000000117b8        0x8 
 .text.bsdConnect
                0x00000000000117c0       0xa8 C:/devkitPro/libnx/lib\libnx.a(bsd.o)
                0x00000000000117c0                bsdConnect
 *fill*         0x0000000000011868        0x8 
 .text.bsdGetPeerName
                0x0000000000011870       0x14 C:/devkitPro/libnx/lib\libnx.a(bsd.o)
                0x0000000000011870                bsdGetPeerName
 *fill*         0x0000000000011884        0xc 
 .text.bsdGetSockName
                0x0000000000011890       0x14 C:/devkitPro/libnx/lib\libnx.a(bsd.o)
                0x0000000000011890                bsdGetSockName
 *fill*         0x00000000000118a4        0xc 
 .text.bsdListen
                0x00000000000118b0       0x40 C:/devkitPro/libnx/lib\libnx.a(bsd.o)
                0x00000000000118b0                bsdListen
 .text.bsdIoctl
                0x00000000000118f0      0x3bc C:/devkitPro/libnx/lib\libnx.a(bsd.o)
                0x00000000000118f0                bsdIoctl
 *fill*         0x0000000000011cac        0x4 
 .text.bsdFcntl
                0x0000000000011cb0       0x90 C:/devkitPro/libnx/lib\libnx.a(bsd.o)
                0x0000000000011cb0                bsdFcntl
 .text.bsdSetSockOpt
                0x0000000000011d40       0xac C:/devkitPro/libnx/lib\libnx.a(bsd.o)
                0x0000000000011d40                bsdSetSockOpt
 *fill*         0x0000000000011dec        0x4 
 .text.bsdShutdown
                0x0000000000011df0       0x40 C:/devkitPro/libnx/lib\libnx.a(bsd.o)
                0x0000000000011df0                bsdShutdown
 .text.bsdWrite
                0x0000000000011e30       0xbc C:/devkitPro/libnx/lib\libnx.a(bsd.o)
                0x0000000000011e30                bsdWrite
 *fill*         0x0000000000011eec        0x4 
 .text.bsdRead  0x0000000000011ef0       0xfc C:/devkitPro/libnx/lib\libnx.a(bsd.o)
                0x0000000000011ef0                bsdRead
 *fill*         0x0000000000011fec        0x4 
 .text.bsdClose
                0x0000000000011ff0       0x40 C:/devkitPro/libnx/lib\libnx.a(bsd.o)
                0x0000000000011ff0                bsdClose
 .text.ipcCloseObjectById
                0x0000000000012030       0x34 C:/devkitPro/libnx/lib\libnx.a(nifm.o)
 *fill*         0x0000000000012064        0xc 
 .text.ipcConvertSessionToDomain
                0x0000000000012070       0xc4 C:/devkitPro/libnx/lib\libnx.a(nifm.o)
 *fill*         0x0000000000012134        0xc 
 .text.ipcCloneSession.constprop.14
                0x0000000000012140      0x10c C:/devkitPro/libnx/lib\libnx.a(nifm.o)
 *fill*         0x000000000001224c        0x4 
 .text._nifmCreateGeneralService.constprop.11
                0x0000000000012250      0x28c C:/devkitPro/libnx/lib\libnx.a(nifm.o)
 *fill*         0x00000000000124dc        0x4 
 .text._nifmCreateGeneralServiceOld.constprop.12
                0x00000000000124e0      0x28c C:/devkitPro/libnx/lib\libnx.a(nifm.o)
 *fill*         0x000000000001276c        0x4 
 .text.nifmExit
                0x0000000000012770       0xf0 C:/devkitPro/libnx/lib\libnx.a(nifm.o)
                0x0000000000012770                nifmExit
 .text.nifmInitialize
                0x0000000000012860       0xd4 C:/devkitPro/libnx/lib\libnx.a(nifm.o)
                0x0000000000012860                nifmInitialize
 *fill*         0x0000000000012934        0xc 
 .text.__nx_dynamic
                0x0000000000012940       0xa0 C:/devkitPro/libnx/lib\libnx.a(dynamic.o)
                0x0000000000012940                __nx_dynamic
 .text.__libnx_init
                0x00000000000129e0       0x28 C:/devkitPro/libnx/lib\libnx.a(init.o)
                0x00000000000129e0                __libnx_init
 *fill*         0x0000000000012a08        0x8 
 .text.__libnx_exit
                0x0000000000012a10       0x20 C:/devkitPro/libnx/lib\libnx.a(init.o)
                0x0000000000012a10                __libnx_exit
 .text.mutexInit
                0x0000000000012a30        0x8 C:/devkitPro/libnx/lib\libnx.a(newlib.o)
 *fill*         0x0000000000012a38        0x8 
 .text.rmutexInit
                0x0000000000012a40        0xc C:/devkitPro/libnx/lib\libnx.a(newlib.o)
 *fill*         0x0000000000012a4c        0x4 
 .text.__libnx_gtod
                0x0000000000012a50       0x8c C:/devkitPro/libnx/lib\libnx.a(newlib.o)
                0x0000000000012a50                __libnx_gtod
 *fill*         0x0000000000012adc        0x4 
 .text.__libnx_clock_settime
                0x0000000000012ae0       0x20 C:/devkitPro/libnx/lib\libnx.a(newlib.o)
                0x0000000000012ae0                __libnx_clock_settime
 .text.__libnx_nanosleep
                0x0000000000012b00       0x28 C:/devkitPro/libnx/lib\libnx.a(newlib.o)
                0x0000000000012b00                __libnx_nanosleep
 *fill*         0x0000000000012b28        0x8 
 .text.__libnx_get_reent
                0x0000000000012b30       0x34 C:/devkitPro/libnx/lib\libnx.a(newlib.o)
 *fill*         0x0000000000012b64        0xc 
 .text.__libnx_clock_gettime
                0x0000000000012b70       0xf8 C:/devkitPro/libnx/lib\libnx.a(newlib.o)
                0x0000000000012b70                __libnx_clock_gettime
 *fill*         0x0000000000012c68        0x8 
 .text.__libnx_clock_getres
                0x0000000000012c70       0x58 C:/devkitPro/libnx/lib\libnx.a(newlib.o)
                0x0000000000012c70                __libnx_clock_getres
 *fill*         0x0000000000012cc8        0x8 
 .text.newlibSetup
                0x0000000000012cd0      0x118 C:/devkitPro/libnx/lib\libnx.a(newlib.o)
                0x0000000000012cd0                newlibSetup
 *fill*         0x0000000000012de8        0x8 
 .text.argvSetup
                0x0000000000012df0      0x368 C:/devkitPro/libnx/lib\libnx.a(argv.o)
                0x0000000000012df0                argvSetup
 .text.__libnx_exception_entry
                0x0000000000013158      0x1c0 C:/devkitPro/libnx/lib\libnx.a(exception.o)
                0x0000000000013158                __libnx_exception_entry
 .text.__libnx_exception_returnentry
                0x0000000000013318       0x18 C:/devkitPro/libnx/lib\libnx.a(exception.o)
                0x0000000000013318                __libnx_exception_returnentry
 .text.nxlinkSetup
                0x0000000000013330       0xc4 C:/devkitPro/libnx/lib\libnx.a(nxlink.o)
                0x0000000000013330                nxlinkSetup
 *fill*         0x00000000000133f4        0xc 
 .text          0x0000000000013400     0x13b4 C:/devkitPro/portlibs/switch/lib\libmpg123.a(frame.o)
                0x0000000000013400                mpg123_new_pars
                0x00000000000134a0                mpg123_delete_pars
                0x00000000000134b0                mpg123_reset_eq
                0x0000000000013520                INT123_frame_outbuffer
                0x0000000000013610                mpg123_replace_buffer
                0x0000000000013690                INT123_frame_index_setup
                0x00000000000136e0                INT123_frame_buffers
                0x0000000000013850                INT123_frame_buffers_reset
                0x00000000000138e0                INT123_frame_fill_toc
                0x0000000000013940                INT123_frame_exit
                0x00000000000139f0                mpg123_framedata
                0x0000000000013a40                INT123_frame_index_find
                0x0000000000013cb0                INT123_frame_ins2outs
                0x0000000000013d10                INT123_frame_outs
                0x0000000000013d80                INT123_frame_expect_outsamples
                0x0000000000013de0                INT123_frame_offset
                0x0000000000013e40                INT123_frame_gapless_init
                0x0000000000013ea0                INT123_frame_init_par
                0x0000000000014120                INT123_frame_init
                0x0000000000014130                INT123_frame_reset
                0x0000000000014270                INT123_frame_gapless_realinit
                0x00000000000142d0                INT123_frame_gapless_update
                0x00000000000143a0                INT123_frame_set_frameseek
                0x00000000000144d0                INT123_frame_skip
                0x00000000000144f0                INT123_frame_set_seek
                0x0000000000014580                INT123_do_rva
                0x00000000000146d0                mpg123_volume
                0x0000000000014700                mpg123_volume_change
                0x0000000000014720                mpg123_getvolume
                0x00000000000147a0                mpg123_framepos
 *fill*         0x00000000000147b4        0xc 
 .text          0x00000000000147c0     0x3d08 C:/devkitPro/portlibs/switch/lib\libmpg123.a(format.o)
                0x00000000000156d0                mpg123_rates
                0x0000000000015700                mpg123_encodings
                0x0000000000015730                mpg123_encsize
                0x0000000000015780                INT123_frame_output_format
                0x0000000000016210                mpg123_fmt_none
                0x0000000000016290                mpg123_format_none
                0x00000000000162d0                mpg123_fmt_all
                0x00000000000164a0                mpg123_format_all
                0x00000000000164e0                mpg123_fmt
                0x0000000000016820                mpg123_format
                0x0000000000016860                mpg123_fmt_support
                0x0000000000016a80                mpg123_format_support
                0x0000000000016aa0                INT123_invalidate_format
                0x0000000000016ab0                INT123_decoder_synth_bytes
                0x0000000000016ad0                INT123_samples_to_bytes
                0x0000000000016af0                INT123_bytes_to_samples
                0x0000000000016b10                INT123_outblock_bytes
                0x0000000000016b60                INT123_postprocess_buffer
 *fill*         0x00000000000184c8        0x8 
 .text          0x00000000000184d0     0x30e0 C:/devkitPro/portlibs/switch/lib\libmpg123.a(id3.o)
                0x0000000000019110                INT123_init_id3
                0x0000000000019160                INT123_exit_id3
                0x0000000000019450                INT123_reset_id3
                0x0000000000019470                INT123_id3_link
                0x0000000000019a30                INT123_id3_to_utf8
                0x0000000000019c10                INT123_parse_new_id3
 .text          0x000000000001b5b0      0x6ec C:/devkitPro/portlibs/switch/lib\libmpg123.a(optimize.o)
                0x000000000001b600                INT123_defdec
                0x000000000001b610                INT123_decclass
                0x000000000001b650                INT123_set_synth_functions
                0x000000000001b9f0                INT123_dectype
                0x000000000001bb20                INT123_frame_cpu_opt
                0x000000000001bc40                INT123_check_decoders
                0x000000000001bc50                mpg123_current_decoder
                0x000000000001bc80                mpg123_decoders
                0x000000000001bc90                mpg123_supported_decoders
 *fill*         0x000000000001bc9c        0x4 
 .text          0x000000000001bca0     0x2684 C:/devkitPro/portlibs/switch/lib\libmpg123.a(readers.o)
                0x000000000001d9c0                INT123_bc_fill
                0x000000000001d9d0                INT123_bc_poolsize
                0x000000000001d9e0                INT123_bc_prepare
                0x000000000001da10                INT123_bc_cleanup
                0x000000000001db00                INT123_feed_more
                0x000000000001dca0                INT123_feed_set_pos
                0x000000000001e070                INT123_open_bad
                0x000000000001e0d0                INT123_open_feed
                0x000000000001e170                INT123_open_stream
                0x000000000001e280                INT123_open_stream_handle
 *fill*         0x000000000001e324        0xc 
 .text          0x000000000001e330     0x10b0 C:/devkitPro/portlibs/switch/lib\libmpg123.a(tabinit.o)
                0x000000000001e330                INT123_prepare_decode_tables
                0x000000000001e610                INT123_make_decode_tables
                0x000000000001e920                INT123_make_conv16to8_table
 .text          0x000000000001f3e0     0x3770 C:/devkitPro/portlibs/switch/lib\libmpg123.a(libmpg123.o)
                0x000000000001f540                mpg123_init
                0x000000000001f580                mpg123_exit
                0x000000000001f590                mpg123_parnew
                0x000000000001f640                mpg123_new
                0x000000000001f650                mpg123_decoder
                0x000000000001f720                mpg123_par
                0x000000000001f8e0                mpg123_param
                0x000000000001f990                mpg123_getpar
                0x000000000001fb60                mpg123_getparam
                0x000000000001fba0                mpg123_getstate
                0x000000000001fc90                mpg123_eq
                0x000000000001fd40                mpg123_geteq
                0x000000000001fdb0                INT123_decode_update
                0x0000000000020180                mpg123_safe_buffer
                0x0000000000020190                mpg123_outblock
                0x00000000000201b0                mpg123_framebyframe_decode
                0x0000000000020350                mpg123_framebyframe_next
                0x0000000000020550                mpg123_decode_frame
                0x00000000000208e0                mpg123_feed
                0x0000000000020950                mpg123_decode
                0x0000000000020d70                mpg123_read
                0x0000000000020d90                mpg123_clip
                0x0000000000020db0                mpg123_info
                0x0000000000020f20                mpg123_getformat2
                0x0000000000021140                mpg123_getformat
                0x0000000000021150                mpg123_timeframe
                0x0000000000021350                mpg123_tell
                0x0000000000021460                mpg123_tellframe
                0x00000000000214a0                mpg123_tell_stream
                0x00000000000214c0                mpg123_feedseek
                0x0000000000021720                mpg123_seek_frame
                0x0000000000021aa0                mpg123_set_filesize
                0x0000000000021ac0                mpg123_framelength
                0x0000000000021d10                mpg123_length
                0x0000000000021fd0                mpg123_scan
                0x00000000000221c0                mpg123_seek
                0x0000000000022490                mpg123_meta_check
                0x00000000000224b0                mpg123_meta_free
                0x00000000000224e0                mpg123_id3
                0x0000000000022590                mpg123_icy
                0x00000000000225f0                mpg123_icy2utf8
                0x0000000000022600                mpg123_enc_from_id3
                0x0000000000022630                mpg123_store_utf8
                0x00000000000227a0                mpg123_index
                0x0000000000022800                mpg123_set_index
                0x0000000000022860                mpg123_close
                0x00000000000228d0                mpg123_open
                0x0000000000022910                mpg123_open_fd
                0x0000000000022950                mpg123_open_handle
                0x00000000000229b0                mpg123_open_feed
                0x00000000000229e0                mpg123_replace_reader
                0x0000000000022a20                mpg123_replace_reader_handle
                0x0000000000022a70                mpg123_delete
                0x0000000000022aa0                mpg123_plain_strerror
                0x0000000000022b20                mpg123_errcode
                0x0000000000022b40                mpg123_strerror
 .text          0x0000000000022b50      0x460 C:/devkitPro/portlibs/switch/lib\libmpg123.a(index.o)
                0x0000000000022b50                INT123_fi_init
                0x0000000000022b70                INT123_fi_exit
                0x0000000000022ba0                INT123_fi_resize
                0x0000000000022d60                INT123_fi_add
                0x0000000000022f20                INT123_fi_set
                0x0000000000022fa0                INT123_fi_reset
 .text          0x0000000000022fb0      0x7d4 C:/devkitPro/portlibs/switch/lib\libmpg123.a(stringbuf.o)
                0x0000000000022fb0                mpg123_init_string
                0x0000000000022fc0                mpg123_free_string
                0x0000000000022ff0                mpg123_resize_string
                0x0000000000023080                mpg123_grow_string
                0x00000000000230c0                mpg123_copy_string
                0x0000000000023170                mpg123_add_substring
                0x0000000000023280                mpg123_add_string
                0x00000000000232c0                mpg123_set_substring
                0x00000000000232e0                mpg123_set_string
                0x0000000000023300                mpg123_strlen
                0x0000000000023610                mpg123_chomp_string
 *fill*         0x0000000000023784        0xc 
 .text          0x0000000000023790       0x48 C:/devkitPro/portlibs/switch/lib\libmpg123.a(icy.o)
                0x0000000000023790                INT123_init_icy
                0x00000000000237a0                INT123_clear_icy
                0x00000000000237c0                INT123_reset_icy
 *fill*         0x00000000000237d8        0x8 
 .text          0x00000000000237e0      0x334 C:/devkitPro/portlibs/switch/lib\libmpg123.a(icy2utf8.o)
                0x00000000000237e0                INT123_icy2utf8
 *fill*         0x0000000000023b14        0xc 
 .text          0x0000000000023b20      0x7b0 C:/devkitPro/portlibs/switch/lib\libmpg123.a(ntom.o)
                0x0000000000023b20                INT123_ntom_val
                0x0000000000023cf0                INT123_synth_ntom_set_step
                0x0000000000023e80                INT123_ntom_set_ntom
                0x0000000000023ea0                INT123_ntom_frame_outsamples
                0x0000000000023ed0                INT123_ntom_frmouts
                0x0000000000024060                INT123_ntom_ins2outs
                0x0000000000024190                INT123_ntom_frameoff
 .text          0x00000000000242d0     0x27e0 C:/devkitPro/portlibs/switch/lib\libmpg123.a(synth.o)
                0x00000000000242d0                INT123_synth_1to1
                0x00000000000246f0                INT123_synth_1to1_mono
                0x00000000000247c0                INT123_synth_1to1_m2s
                0x0000000000024850                INT123_synth_2to1
                0x0000000000024c70                INT123_synth_2to1_mono
                0x0000000000024d50                INT123_synth_2to1_m2s
                0x0000000000024e10                INT123_synth_4to1
                0x00000000000257a0                INT123_synth_4to1_mono
                0x0000000000025840                INT123_synth_4to1_m2s
                0x00000000000258c0                INT123_synth_ntom
                0x00000000000267f0                INT123_synth_ntom_mono
                0x0000000000026970                INT123_synth_ntom_m2s
 .text          0x0000000000026ab0     0x2418 C:/devkitPro/portlibs/switch/lib\libmpg123.a(synth_8bit.o)
                0x0000000000026ab0                INT123_synth_1to1_8bit
                0x0000000000026ef0                INT123_synth_1to1_8bit_mono
                0x0000000000026fb0                INT123_synth_1to1_8bit_m2s
                0x0000000000027040                INT123_synth_1to1_8bit_wrap
                0x0000000000027190                INT123_synth_1to1_8bit_wrap_mono
                0x00000000000272b0                INT123_synth_1to1_8bit_wrap_m2s
                0x0000000000027450                INT123_synth_2to1_8bit
                0x0000000000027890                INT123_synth_2to1_8bit_mono
                0x0000000000027970                INT123_synth_2to1_8bit_m2s
                0x0000000000027a30                INT123_synth_4to1_8bit
                0x0000000000028080                INT123_synth_4to1_8bit_mono
                0x0000000000028120                INT123_synth_4to1_8bit_m2s
                0x00000000000281a0                INT123_synth_ntom_8bit
                0x0000000000028c10                INT123_synth_ntom_8bit_mono
                0x0000000000028d80                INT123_synth_ntom_8bit_m2s
 *fill*         0x0000000000028ec8        0x8 
 .text          0x0000000000028ed0     0x1da4 C:/devkitPro/portlibs/switch/lib\libmpg123.a(layer2.o)
                0x0000000000028ed0                INT123_init_layer12
                0x0000000000029300                INT123_init_layer12_stuff
                0x0000000000029400                INT123_init_layer12_table
                0x0000000000029550                INT123_do_layer2
 *fill*         0x000000000002ac74        0xc 
 .text          0x000000000002ac80     0x7d14 C:/devkitPro/portlibs/switch/lib\libmpg123.a(layer3.o)
                0x000000000002da60                INT123_init_layer3_gainpow2
                0x000000000002da90                INT123_init_layer3
                0x000000000002f990                INT123_init_layer3_stuff
                0x000000000002fed0                INT123_dct36
                0x00000000000303b0                INT123_do_layer3
 *fill*         0x0000000000032994        0xc 
 .text          0x00000000000329a0     0x2900 C:/devkitPro/portlibs/switch/lib\libmpg123.a(synth_s32.o)
                0x00000000000329a0                INT123_synth_1to1_s32
                0x0000000000032df0                INT123_synth_1to1_s32_mono
                0x0000000000032eb0                INT123_synth_1to1_s32_m2s
                0x0000000000032f40                INT123_synth_2to1_s32
                0x0000000000033390                INT123_synth_2to1_s32_mono
                0x0000000000033470                INT123_synth_2to1_s32_m2s
                0x0000000000033530                INT123_synth_4to1_s32
                0x0000000000033f30                INT123_synth_4to1_s32_mono
                0x0000000000033fd0                INT123_synth_4to1_s32_m2s
                0x0000000000034050                INT123_synth_ntom_s32
                0x0000000000034fb0                INT123_synth_ntom_s32_mono
                0x0000000000035160                INT123_synth_ntom_s32_m2s
 .text          0x00000000000352a0     0x1a80 C:/devkitPro/portlibs/switch/lib\libmpg123.a(synth_real.o)
                0x00000000000352a0                INT123_synth_1to1_real
                0x00000000000355f0                INT123_synth_1to1_real_mono
                0x00000000000356b0                INT123_synth_1to1_real_m2s
                0x0000000000035740                INT123_synth_2to1_real
                0x0000000000035a80                INT123_synth_2to1_real_mono
                0x0000000000035b60                INT123_synth_2to1_real_m2s
                0x0000000000035c20                INT123_synth_4to1_real
                0x0000000000036380                INT123_synth_4to1_real_mono
                0x0000000000036420                INT123_synth_4to1_real_m2s
                0x00000000000364a0                INT123_synth_ntom_real
                0x0000000000036a30                INT123_synth_ntom_real_mono
                0x0000000000036be0                INT123_synth_ntom_real_m2s
 .text          0x0000000000036d20      0x54c C:/devkitPro/portlibs/switch/lib\libmpg123.a(compat.o)
                0x0000000000036d20                compat_getenv
                0x0000000000036d40                INT123_compat_open
                0x0000000000036d50                INT123_compat_fopen
                0x0000000000036d60                INT123_compat_fdopen
                0x0000000000036d70                INT123_compat_close
                0x0000000000036d80                INT123_compat_fclose
                0x0000000000036d90                compat_catpath
                0x0000000000036ed0                compat_isdir
                0x0000000000036f20                compat_dirclose
                0x0000000000036f50                compat_diropen
                0x0000000000036fe0                compat_nextfile
                0x0000000000037090                compat_nextdir
                0x0000000000037140                INT123_unintr_write
                0x00000000000371c0                INT123_unintr_read
                0x0000000000037240                INT123_catchsignal
 *fill*         0x000000000003726c        0x4 
 .text          0x0000000000037270       0x80 C:/devkitPro/portlibs/switch/lib\libmpg123.a(compat_str.o)
                0x0000000000037270                INT123_safe_realloc
                0x0000000000037280                INT123_compat_strdup
 .text          0x00000000000372f0     0x26f8 C:/devkitPro/portlibs/switch/lib\libmpg123.a(parse.o)
                0x0000000000037960                INT123_frame_bitrate
                0x0000000000037990                INT123_frame_freq
                0x00000000000379b0                INT123_set_pointer
                0x0000000000037a00                INT123_compute_bpf
                0x0000000000037a30                INT123_read_frame
                0x00000000000396a0                mpg123_spf
                0x00000000000396c0                mpg123_tpf
                0x0000000000039710                mpg123_position
                0x0000000000039980                INT123_get_songlen
 *fill*         0x00000000000399e8        0x8 
 .text          0x00000000000399f0      0x83c C:/devkitPro/portlibs/switch/lib\libmpg123.a(dct64.o)
                0x00000000000399f0                INT123_dct64
 *fill*         0x000000000003a22c        0x4 
 .text          0x000000000003a230       0xb8 C:/devkitPro/portlibs/switch/lib\libmpg123.a(equalizer.o)
                0x000000000003a230                INT123_do_equalizer
 *fill*         0x000000000003a2e8        0x8 
 .text          0x000000000003a2f0     0x250c C:/devkitPro/portlibs/switch/lib\libmpg123.a(layer1.o)
                0x000000000003a2f0                INT123_do_layer1
 *fill*         0x000000000003c7fc        0x4 
 .text.cos      0x000000000003c800       0xa8 c:/devkitpro/devkita64/bin/../lib/gcc/aarch64-none-elf/8.2.0/../../../../aarch64-none-elf/lib/pic\libm.a(lib_a-s_cos.o)
                0x000000000003c800                cos
 .text.sin      0x000000000003c8a8       0xb0 c:/devkitpro/devkita64/bin/../lib/gcc/aarch64-none-elf/8.2.0/../../../../aarch64-none-elf/lib/pic\libm.a(lib_a-s_sin.o)
                0x000000000003c8a8                sin
 .text.log      0x000000000003c958      0x118 c:/devkitpro/devkita64/bin/../lib/gcc/aarch64-none-elf/8.2.0/../../../../aarch64-none-elf/lib/pic\libm.a(lib_a-w_log.o)
                0x000000000003c958                log
 .text.pow      0x000000000003ca70      0x304 c:/devkitpro/devkita64/bin/../lib/gcc/aarch64-none-elf/8.2.0/../../../../aarch64-none-elf/lib/pic\libm.a(lib_a-w_pow.o)
                0x000000000003ca70                pow
 *fill*         0x000000000003cd74        0x4 
 .text.__ieee754_log
                0x000000000003cd78      0x250 c:/devkitpro/devkita64/bin/../lib/gcc/aarch64-none-elf/8.2.0/../../../../aarch64-none-elf/lib/pic\libm.a(lib_a-e_log.o)
                0x000000000003cd78                __ieee754_log
 .text.__ieee754_pow
                0x000000000003cfc8      0x7bc c:/devkitpro/devkita64/bin/../lib/gcc/aarch64-none-elf/8.2.0/../../../../aarch64-none-elf/lib/pic\libm.a(lib_a-e_pow.o)
                0x000000000003cfc8                __ieee754_pow
 *fill*         0x000000000003d784        0x4 
 .text.__ieee754_rem_pio2
                0x000000000003d788      0x2dc c:/devkitpro/devkita64/bin/../lib/gcc/aarch64-none-elf/8.2.0/../../../../aarch64-none-elf/lib/pic\libm.a(lib_a-e_rem_pio2.o)
                0x000000000003d788                __ieee754_rem_pio2
 *fill*         0x000000000003da64        0x4 
 .text.__ieee754_sqrt
                0x000000000003da68        0x8 c:/devkitpro/devkita64/bin/../lib/gcc/aarch64-none-elf/8.2.0/../../../../aarch64-none-elf/lib/pic\libm.a(lib_a-e_sqrt.o)
                0x000000000003da68                __ieee754_sqrt
 .text.__kernel_cos
                0x000000000003da70      0x130 c:/devkitpro/devkita64/bin/../lib/gcc/aarch64-none-elf/8.2.0/../../../../aarch64-none-elf/lib/pic\libm.a(lib_a-k_cos.o)
                0x000000000003da70                __kernel_cos
 .text.__kernel_rem_pio2
                0x000000000003dba0      0x844 c:/devkitpro/devkita64/bin/../lib/gcc/aarch64-none-elf/8.2.0/../../../../aarch64-none-elf/lib/pic\libm.a(lib_a-k_rem_pio2.o)
                0x000000000003dba0                __kernel_rem_pio2
 *fill*         0x000000000003e3e4        0x4 
 .text.__kernel_sin
                0x000000000003e3e8       0x9c c:/devkitpro/devkita64/bin/../lib/gcc/aarch64-none-elf/8.2.0/../../../../aarch64-none-elf/lib/pic\libm.a(lib_a-k_sin.o)
                0x000000000003e3e8                __kernel_sin
 *fill*         0x000000000003e484        0x4 
 .text.fabs     0x000000000003e488        0x8 c:/devkitpro/devkita64/bin/../lib/gcc/aarch64-none-elf/8.2.0/../../../../aarch64-none-elf/lib/pic\libm.a(lib_a-s_fabs.o)
                0x000000000003e488                fabs
 .text.finite   0x000000000003e490       0x18 c:/devkitpro/devkita64/bin/../lib/gcc/aarch64-none-elf/8.2.0/../../../../aarch64-none-elf/lib/pic\libm.a(lib_a-s_finite.o)
                0x000000000003e490                finite
 .text.floor    0x000000000003e4a8        0x8 c:/devkitpro/devkita64/bin/../lib/gcc/aarch64-none-elf/8.2.0/../../../../aarch64-none-elf/lib/pic\libm.a(lib_a-s_floor.o)
                0x000000000003e4a8                floor
 .text.matherr  0x000000000003e4b0        0x8 c:/devkitpro/devkita64/bin/../lib/gcc/aarch64-none-elf/8.2.0/../../../../aarch64-none-elf/lib/pic\libm.a(lib_a-s_matherr.o)
                0x000000000003e4b0                matherr
 .text.nan      0x000000000003e4b8        0xc c:/devkitpro/devkita64/bin/../lib/gcc/aarch64-none-elf/8.2.0/../../../../aarch64-none-elf/lib/pic\libm.a(lib_a-s_nan.o)
                0x000000000003e4b8                nan
 *fill*         0x000000000003e4c4        0x4 
 .text.rint     0x000000000003e4c8        0x8 c:/devkitpro/devkita64/bin/../lib/gcc/aarch64-none-elf/8.2.0/../../../../aarch64-none-elf/lib/pic\libm.a(lib_a-s_rint.o)
                0x000000000003e4c8                rint
 .text.scalbn   0x000000000003e4d0      0x12c c:/devkitpro/devkita64/bin/../lib/gcc/aarch64-none-elf/8.2.0/../../../../aarch64-none-elf/lib/pic\libm.a(lib_a-s_scalbn.o)
                0x000000000003e4d0                scalbn
 *fill*         0x000000000003e5fc        0x4 
 .text.copysign
                0x000000000003e600       0x24 c:/devkitpro/devkita64/bin/../lib/gcc/aarch64-none-elf/8.2.0/../../../../aarch64-none-elf/lib/pic\libm.a(lib_a-s_copysign.o)
                0x000000000003e600                copysign
 *fill*         0x000000000003e624        0x4 
 .text.__assert_func
                0x000000000003e628       0x64 c:/devkitpro/devkita64/bin/../lib/gcc/aarch64-none-elf/8.2.0/../../../../aarch64-none-elf/lib/pic\libg.a(lib_a-assert.o)
                0x000000000003e628                __assert_func
 *fill*         0x000000000003e68c        0x4 
 .text.atof     0x000000000003e690        0x8 c:/devkitpro/devkita64/bin/../lib/gcc/aarch64-none-elf/8.2.0/../../../../aarch64-none-elf/lib/pic\libg.a(lib_a-atof.o)
                0x000000000003e690                atof
 .text.bsearch  0x000000000003e698       0xb8 c:/devkitpro/devkita64/bin/../lib/gcc/aarch64-none-elf/8.2.0/../../../../aarch64-none-elf/lib/pic\libg.a(lib_a-bsearch.o)
                0x000000000003e698                bsearch
 .text.calloc   0x000000000003e750       0x30 c:/devkitpro/devkita64/bin/../lib/gcc/aarch64-none-elf/8.2.0/../../../../aarch64-none-elf/lib/pic\libg.a(lib_a-calloc.o)
                0x000000000003e750                calloc
 .text._calloc_r
                0x000000000003e780       0x94 c:/devkitpro/devkita64/bin/../lib/gcc/aarch64-none-elf/8.2.0/../../../../aarch64-none-elf/lib/pic\libg.a(lib_a-callocr.o)
                0x000000000003e780                _calloc_r
 *fill*         0x000000000003e814        0x4 
 .text.__errno  0x000000000003e818       0x14 c:/devkitpro/devkita64/bin/../lib/gcc/aarch64-none-elf/8.2.0/../../../../aarch64-none-elf/lib/pic\libg.a(lib_a-errno.o)
                0x000000000003e818                __errno
 *fill*         0x000000000003e82c        0x4 
 .text._fclose_r
                0x000000000003e830      0x15c c:/devkitpro/devkita64/bin/../lib/gcc/aarch64-none-elf/8.2.0/../../../../aarch64-none-elf/lib/pic\libg.a(lib_a-fclose.o)
                0x000000000003e830                _fclose_r
 *fill*         0x000000000003e98c        0x4 
 .text.fclose   0x000000000003e990       0x1c c:/devkitpro/devkita64/bin/../lib/gcc/aarch64-none-elf/8.2.0/../../../../aarch64-none-elf/lib/pic\libg.a(lib_a-fclose.o)
                0x000000000003e990                fclose
 *fill*         0x000000000003e9ac        0x4 
 .text._fdopen_r
                0x000000000003e9b0      0x14c c:/devkitpro/devkita64/bin/../lib/gcc/aarch64-none-elf/8.2.0/../../../../aarch64-none-elf/lib/pic\libg.a(lib_a-fdopen.o)
                0x000000000003e9b0                _fdopen_r
 *fill*         0x000000000003eafc        0x4 
 .text.fdopen   0x000000000003eb00       0x30 c:/devkitpro/devkita64/bin/../lib/gcc/aarch64-none-elf/8.2.0/../../../../aarch64-none-elf/lib/pic\libg.a(lib_a-fdopen.o)
                0x000000000003eb00                fdopen
 .text.__sflush_r
                0x000000000003eb30      0x214 c:/devkitpro/devkita64/bin/../lib/gcc/aarch64-none-elf/8.2.0/../../../../aarch64-none-elf/lib/pic\libg.a(lib_a-fflush.o)
                0x000000000003eb30                __sflush_r
 *fill*         0x000000000003ed44        0x4 
 .text._fflush_r
                0x000000000003ed48       0xb8 c:/devkitpro/devkita64/bin/../lib/gcc/aarch64-none-elf/8.2.0/../../../../aarch64-none-elf/lib/pic\libg.a(lib_a-fflush.o)
                0x000000000003ed48                _fflush_r
 .text.fflush   0x000000000003ee00       0x40 c:/devkitpro/devkita64/bin/../lib/gcc/aarch64-none-elf/8.2.0/../../../../aarch64-none-elf/lib/pic\libg.a(lib_a-fflush.o)
                0x000000000003ee00                fflush
 .text._fgets_r
                0x000000000003ee40      0x1b0 c:/devkitpro/devkita64/bin/../lib/gcc/aarch64-none-elf/8.2.0/../../../../aarch64-none-elf/lib/pic\libg.a(lib_a-fgets.o)
                0x000000000003ee40                _fgets_r
 .text.fgets    0x000000000003eff0       0x3c c:/devkitpro/devkita64/bin/../lib/gcc/aarch64-none-elf/8.2.0/../../../../aarch64-none-elf/lib/pic\libg.a(lib_a-fgets.o)
                0x000000000003eff0                fgets
 *fill*         0x000000000003f02c        0x4 
 .text.fileno   0x000000000003f030       0xa8 c:/devkitpro/devkita64/bin/../lib/gcc/aarch64-none-elf/8.2.0/../../../../aarch64-none-elf/lib/pic\libg.a(lib_a-fileno.o)
                0x000000000003f030                fileno
 .text.std      0x000000000003f0d8       0x78 c:/devkitpro/devkita64/bin/../lib/gcc/aarch64-none-elf/8.2.0/../../../../aarch64-none-elf/lib/pic\libg.a(lib_a-findfp.o)
 .text._cleanup_r
                0x000000000003f150        0xc c:/devkitpro/devkita64/bin/../lib/gcc/aarch64-none-elf/8.2.0/../../../../aarch64-none-elf/lib/pic\libg.a(lib_a-findfp.o)
                0x000000000003f150                _cleanup_r
 *fill*         0x000000000003f15c        0x4 
 .text.__sfmoreglue
                0x000000000003f160       0x60 c:/devkitpro/devkita64/bin/../lib/gcc/aarch64-none-elf/8.2.0/../../../../aarch64-none-elf/lib/pic\libg.a(lib_a-findfp.o)
                0x000000000003f160                __sfmoreglue
 .text.__sfp_lock_acquire
                0x000000000003f1c0        0xc c:/devkitpro/devkita64/bin/../lib/gcc/aarch64-none-elf/8.2.0/../../../../aarch64-none-elf/lib/pic\libg.a(lib_a-findfp.o)
                0x000000000003f1c0                __sfp_lock_acquire
 *fill*         0x000000000003f1cc        0x4 
 .text.__sfp_lock_release
                0x000000000003f1d0        0xc c:/devkitpro/devkita64/bin/../lib/gcc/aarch64-none-elf/8.2.0/../../../../aarch64-none-elf/lib/pic\libg.a(lib_a-findfp.o)
                0x000000000003f1d0                __sfp_lock_release
 *fill*         0x000000000003f1dc        0x4 
 .text.__sinit_lock_acquire
                0x000000000003f1e0        0xc c:/devkitpro/devkita64/bin/../lib/gcc/aarch64-none-elf/8.2.0/../../../../aarch64-none-elf/lib/pic\libg.a(lib_a-findfp.o)
                0x000000000003f1e0                __sinit_lock_acquire
 *fill*         0x000000000003f1ec        0x4 
 .text.__sinit_lock_release
                0x000000000003f1f0        0xc c:/devkitpro/devkita64/bin/../lib/gcc/aarch64-none-elf/8.2.0/../../../../aarch64-none-elf/lib/pic\libg.a(lib_a-findfp.o)
                0x000000000003f1f0                __sinit_lock_release
 *fill*         0x000000000003f1fc        0x4 
 .text.__sinit  0x000000000003f200       0x80 c:/devkitpro/devkita64/bin/../lib/gcc/aarch64-none-elf/8.2.0/../../../../aarch64-none-elf/lib/pic\libg.a(lib_a-findfp.o)
                0x000000000003f200                __sinit
 .text.__sfp    0x000000000003f280      0x118 c:/devkitpro/devkita64/bin/../lib/gcc/aarch64-none-elf/8.2.0/../../../../aarch64-none-elf/lib/pic\libg.a(lib_a-findfp.o)
                0x000000000003f280                __sfp
 .text.__libc_fini_array
                0x000000000003f398       0x44 c:/devkitpro/devkita64/bin/../lib/gcc/aarch64-none-elf/8.2.0/../../../../aarch64-none-elf/lib/pic\libg.a(lib_a-fini.o)
                0x000000000003f398                __libc_fini_array
 *fill*         0x000000000003f3dc        0x4 
 .text.fiprintf
                0x000000000003f3e0       0x94 c:/devkitpro/devkita64/bin/../lib/gcc/aarch64-none-elf/8.2.0/../../../../aarch64-none-elf/lib/pic\libg.a(lib_a-fiprintf.o)
                0x000000000003f3e0                fiprintf
 *fill*         0x000000000003f474        0x4 
 .text.__sflags
                0x000000000003f478       0xa8 c:/devkitpro/devkita64/bin/../lib/gcc/aarch64-none-elf/8.2.0/../../../../aarch64-none-elf/lib/pic\libg.a(lib_a-flags.o)
                0x000000000003f478                __sflags
 .text._fopen_r
                0x000000000003f520      0x130 c:/devkitpro/devkita64/bin/../lib/gcc/aarch64-none-elf/8.2.0/../../../../aarch64-none-elf/lib/pic\libg.a(lib_a-fopen.o)
                0x000000000003f520                _fopen_r
 .text.fopen    0x000000000003f650       0x30 c:/devkitpro/devkita64/bin/../lib/gcc/aarch64-none-elf/8.2.0/../../../../aarch64-none-elf/lib/pic\libg.a(lib_a-fopen.o)
                0x000000000003f650                fopen
 .text.fprintf  0x000000000003f680       0x94 c:/devkitpro/devkita64/bin/../lib/gcc/aarch64-none-elf/8.2.0/../../../../aarch64-none-elf/lib/pic\libg.a(lib_a-fprintf.o)
                0x000000000003f680                fprintf
 *fill*         0x000000000003f714        0x4 
 .text._fread_r
                0x000000000003f718      0x328 c:/devkitpro/devkita64/bin/../lib/gcc/aarch64-none-elf/8.2.0/../../../../aarch64-none-elf/lib/pic\libg.a(lib_a-fread.o)
                0x000000000003f718                _fread_r
 .text.fread    0x000000000003fa40       0x40 c:/devkitpro/devkita64/bin/../lib/gcc/aarch64-none-elf/8.2.0/../../../../aarch64-none-elf/lib/pic\libg.a(lib_a-fread.o)
                0x000000000003fa40                fread
 .text._malloc_trim_r
                0x000000000003fa80      0x118 c:/devkitpro/devkita64/bin/../lib/gcc/aarch64-none-elf/8.2.0/../../../../aarch64-none-elf/lib/pic\libg.a(lib_a-freer.o)
                0x000000000003fa80                _malloc_trim_r
 .text._free_r  0x000000000003fb98      0x2f4 c:/devkitpro/devkita64/bin/../lib/gcc/aarch64-none-elf/8.2.0/../../../../aarch64-none-elf/lib/pic\libg.a(lib_a-freer.o)
                0x000000000003fb98                _free_r
 *fill*         0x000000000003fe8c        0x4 
 .text._fseek_r
                0x000000000003fe90        0x4 c:/devkitpro/devkita64/bin/../lib/gcc/aarch64-none-elf/8.2.0/../../../../aarch64-none-elf/lib/pic\libg.a(lib_a-fseek.o)
                0x000000000003fe90                _fseek_r
 *fill*         0x000000000003fe94        0x4 
 .text.fseek    0x000000000003fe98       0x3c c:/devkitpro/devkita64/bin/../lib/gcc/aarch64-none-elf/8.2.0/../../../../aarch64-none-elf/lib/pic\libg.a(lib_a-fseek.o)
                0x000000000003fe98                fseek
 *fill*         0x000000000003fed4        0x4 
 .text._fseeko_r
                0x000000000003fed8      0x4c4 c:/devkitpro/devkita64/bin/../lib/gcc/aarch64-none-elf/8.2.0/../../../../aarch64-none-elf/lib/pic\libg.a(lib_a-fseeko.o)
                0x000000000003fed8                _fseeko_r
 *fill*         0x000000000004039c        0x4 
 .text._ftell_r
                0x00000000000403a0        0x4 c:/devkitpro/devkita64/bin/../lib/gcc/aarch64-none-elf/8.2.0/../../../../aarch64-none-elf/lib/pic\libg.a(lib_a-ftell.o)
                0x00000000000403a0                _ftell_r
 *fill*         0x00000000000403a4        0x4 
 .text.ftell    0x00000000000403a8       0x1c c:/devkitpro/devkita64/bin/../lib/gcc/aarch64-none-elf/8.2.0/../../../../aarch64-none-elf/lib/pic\libg.a(lib_a-ftell.o)