Archive member included to satisfy reference by file (symbol)

C:/devkitPro/libnx/lib\libnx.a(mutex.o)
                              util.o (mutexLock)
C:/devkitPro/libnx/lib\libnx.a(thread.o)
                              main.o (threadCreate)
C:/devkitPro/libnx/lib\libnx.a(applet.o)
                              ftp.o (appletHook)
C:/devkitPro/libnx/lib\libnx.a(time.o)
                              main.o (timeExit)
C:/devkitPro/libnx/lib\libnx.a(hid.o)
                              main.o (hidKeysHeld)
C:/devkitPro/libnx/lib\libnx.a(audout.o)
                              main.o (audoutExit)
C:/devkitPro/libnx/lib\libnx.a(fs.o)
                              main.o (fsInitialize)
C:/devkitPro/libnx/lib\libnx.a(apm.o)
                              C:/devkitPro/libnx/lib\libnx.a(applet.o) (apmExit)
C:/devkitPro/libnx/lib\libnx.a(sm.o)
                              main.o (smExit)
C:/devkitPro/libnx/lib\libnx.a(fatal.o)
                              C:/devkitPro/libnx/lib\libnx.a(applet.o) (fatalSimple)
C:/devkitPro/libnx/lib\libnx.a(env.o)
                              C:/devkitPro/libnx/lib\libnx.a(applet.o) (envIsNso)
C:/devkitPro/libnx/lib\libnx.a(socket.o)
                              ftp.o (socketExit)
C:/devkitPro/libnx/lib\libnx.a(fs_dev.o)
                              main.o (fsdevMountSdmc)
C:/devkitPro/libnx/lib\libnx.a(convert_errno.o)
                              C:/devkitPro/libnx/lib\libnx.a(socket.o) (_convert_errno)
C:/devkitPro/libnx/lib\libnx.a(decode_utf8.o)
                              C:/devkitPro/libnx/lib\libnx.a(fs_dev.o) (decode_utf8)
C:/devkitPro/libnx/lib\libnx.a(svc.o)
                              C:/devkitPro/libnx/lib\libnx.a(thread.o) (svcMapMemory)
C:/devkitPro/libnx/lib\libnx.a(readtp.o)
                              C:/devkitPro/libnx/lib\libnx.a(socket.o) (__aarch64_read_tp)
C:/devkitPro/libnx/lib\libnx.a(switch_crt0.o)
                              (_start)
C:/devkitPro/libnx/lib\libnx.a(detect.o)
                              C:/devkitPro/libnx/lib\libnx.a(applet.o) (kernelAbove200)
C:/devkitPro/libnx/lib\libnx.a(tmem.o)
                              C:/devkitPro/libnx/lib\libnx.a(applet.o) (tmemCreate)
C:/devkitPro/libnx/lib\libnx.a(wait.o)
                              C:/devkitPro/libnx/lib\libnx.a(applet.o) (waitObjects)
C:/devkitPro/libnx/lib\libnx.a(rwlock.o)
                              C:/devkitPro/libnx/lib\libnx.a(hid.o) (rwlockReadLock)
C:/devkitPro/libnx/lib\libnx.a(shmem.o)
                              C:/devkitPro/libnx/lib\libnx.a(hid.o) (shmemLoadRemote)
C:/devkitPro/libnx/lib\libnx.a(virtmem.o)
                              C:/devkitPro/libnx/lib\libnx.a(tmem.o) (virtmemReserve)
C:/devkitPro/libnx/lib\libnx.a(event.o)
                              C:/devkitPro/libnx/lib\libnx.a(applet.o) (eventLoadRemote)
C:/devkitPro/libnx/lib\libnx.a(sfdnsres.o)
                              C:/devkitPro/libnx/lib\libnx.a(socket.o) (sfdnsresGetHostByName)
C:/devkitPro/libnx/lib\libnx.a(bsd.o)
                              C:/devkitPro/libnx/lib\libnx.a(socket.o) (g_bsdResult)
C:/devkitPro/libnx/lib\libnx.a(nifm.o)
                              C:/devkitPro/libnx/lib\libnx.a(socket.o) (nifmExit)
C:/devkitPro/libnx/lib\libnx.a(dynamic.o)
                              C:/devkitPro/libnx/lib\libnx.a(switch_crt0.o) (__nx_dynamic)
C:/devkitPro/libnx/lib\libnx.a(init.o)
                              C:/devkitPro/libnx/lib\libnx.a(switch_crt0.o) (__libnx_init)
C:/devkitPro/libnx/lib\libnx.a(newlib.o)
                              C:/devkitPro/libnx/lib\libnx.a(init.o) (__libnx_init_time)
C:/devkitPro/libnx/lib\libnx.a(argv.o)
                              C:/devkitPro/libnx/lib\libnx.a(init.o) (argvSetup)
C:/devkitPro/libnx/lib\libnx.a(exception.o)
                              C:/devkitPro/libnx/lib\libnx.a(switch_crt0.o) (__libnx_exception_entry)
C:/devkitPro/libnx/lib\libnx.a(nxlink.o)
                              C:/devkitPro/libnx/lib\libnx.a(argv.o) (nxlinkSetup)
C:/devkitPro/portlibs/switch/lib\libmpg123.a(frame.o)
                              mp3.o (mpg123_new_pars)
C:/devkitPro/portlibs/switch/lib\libmpg123.a(format.o)
                              mp3.o (mpg123_format_none)
C:/devkitPro/portlibs/switch/lib\libmpg123.a(id3.o)
                              C:/devkitPro/portlibs/switch/lib\libmpg123.a(frame.o) (INT123_init_id3)
C:/devkitPro/portlibs/switch/lib\libmpg123.a(optimize.o)
                              C:/devkitPro/portlibs/switch/lib\libmpg123.a(frame.o) (INT123_defdec)
C:/devkitPro/portlibs/switch/lib\libmpg123.a(readers.o)
                              C:/devkitPro/portlibs/switch/lib\libmpg123.a(frame.o) (INT123_bc_prepare)
C:/devkitPro/portlibs/switch/lib\libmpg123.a(tabinit.o)
                              C:/devkitPro/portlibs/switch/lib\libmpg123.a(optimize.o) (INT123_make_decode_tables)
C:/devkitPro/portlibs/switch/lib\libmpg123.a(libmpg123.o)
                              mp3.o (mpg123_init)
[...]
Memory Configuration

Name             Origin             Length             Attributes
*default*        0x0000000000000000 0xffffffffffffffff

Linker script and memory map

                0x0000000000000000                PROVIDE (__start__ = 0x0)
                0x0000000000000000                . = __start__

.crt0           0x0000000000000000      0x150
 *(.crt0)
 .crt0          0x0000000000000000      0x14c C:/devkitPro/libnx/lib\libnx.a(switch_crt0.o)
                0x0000000000000000                _start
                0x0000000000000120                __nx_exit
                0x0000000000000130                __nx_mod0
                0x0000000000000150                . = ALIGN (0x8)
 *fill*         0x000000000000014c        0x4 

.init           0x0000000000000150       0x38
 *(.init)
 .init          0x0000000000000150       0x18 c:/devkitpro/devkita64/bin/../lib/gcc/aarch64-none-elf/8.2.0/pic/crti.o
                0x0000000000000150                _init
 .init          0x0000000000000168       0x1c c:/devkitpro/devkita64/bin/../lib/gcc/aarch64-none-elf/8.2.0/pic/crtn.o
                0x0000000000000188                . = ALIGN (0x8)
 *fill*         0x0000000000000184        0x4 

.plt            0x0000000000000188        0x0
 *(.plt)
 .plt           0x0000000000000188        0x0 c:/devkitpro/devkita64/bin/../lib/gcc/aarch64-none-elf/8.2.0/pic/crti.o
 *(.iplt)
                0x0000000000000188                . = ALIGN (0x8)

.text           0x00000000000001c0    0x61c18
 *(.text.unlikely .text.*_unlikely .text.unlikely.*)
 .text.unlikely
                0x00000000000001c0      0x2c8 C:/devkitPro/portlibs/switch/lib\libmpg123.a(id3.o)
 *(.text.exit .text.exit.*)
 .text.exit     0x0000000000000488       0x38 c:/devkitpro/devkita64/bin/../lib/gcc/aarch64-none-elf/8.2.0/../../../../aarch64-none-elf/lib/pic\libg.a(lib_a-exit.o)
                0x0000000000000488                exit
 *(.text.startup .text.startup.*)
 .text.startup.main
                0x00000000000004c0      0x140 main.o
                0x00000000000004c0                main
 *(.text.hot .text.hot.*)
 *(.text .stub .text.* .gnu.linkonce.t.*)
 .text.deregister_tm_clones
                0x0000000000000600       0x2c c:/devkitpro/devkita64/bin/../lib/gcc/aarch64-none-elf/8.2.0/pic/crtbegin.o
 *fill*         0x000000000000062c        0x4 
 .text.register_tm_clones
                0x0000000000000630       0x38 c:/devkitpro/devkita64/bin/../lib/gcc/aarch64-none-elf/8.2.0/pic/crtbegin.o
 .text.__do_global_dtors_aux
                0x0000000000000668       0x48 c:/devkitpro/devkita64/bin/../lib/gcc/aarch64-none-elf/8.2.0/pic/crtbegin.o
 .text.frame_dummy
                0x00000000000006b0       0x34 c:/devkitpro/devkita64/bin/../lib/gcc/aarch64-none-elf/8.2.0/pic/crtbegin.o
 *fill*         0x00000000000006e4        0xc 
 .text.fatalLater
                0x00000000000006f0       0xb0 util.o
                0x00000000000006f0                fatalLater
 .text.pauseInit
                0x00000000000007a0       0x54 util.o
                0x00000000000007a0                pauseInit
 *fill*         0x00000000000007f4        0xc 
 .text.isPaused
                0x0000000000000800       0x38 util.o
                0x0000000000000800                isPaused
 *fill*         0x0000000000000838        0x8 
 .text.setPaused
                0x0000000000000840       0x90 util.o
                0x0000000000000840                setPaused
 .text.applet_hook
                0x00000000000008d0        0x4 ftp.o
 *fill*         0x00000000000008d4        0xc 
 .text.update_free_space
                0x00000000000008e0      0x26c ftp.o
 *fill*         0x0000000000000b4c        0x4 
 .text.ftp_closesocket
                0x0000000000000b50      0x1d0 ftp.o
 .text.ftp_session_close_pasv
                0x0000000000000d20       0x60 ftp.o
 .text.ftp_session_close_data
                0x0000000000000d80       0x6c ftp.o
 *fill*         0x0000000000000dec        0x4 
 .text.ftp_command_cmp
                0x0000000000000df0        0xc ftp.o
 *fill*         0x0000000000000dfc        0x4 
 .text.build_path
                0x0000000000000e00      0x1bc ftp.o
 *fill*         0x0000000000000fbc        0x4 
 .text.ftp_session_fill_dirent_type
                0x0000000000000fc0      0x5e4 ftp.o
 *fill*         0x00000000000015a4        0xc 
 .text.cd_up    0x00000000000015b0       0x64 ftp.o
 *fill*         0x0000000000001614        0xc 
 .text.encode_path
                0x0000000000001620      0x118 ftp.o
 *fill*         0x0000000000001738        0x8 
 .text.ftp_set_socket_options
                0x0000000000001740       0xc0 ftp.o
 .text.ftp_session_close_file.isra.1
                0x0000000000001800       0x78 ftp.o
 *fill*         0x0000000000001878        0x8 
 .text.ftp_session_close_cwd.isra.2
                0x0000000000001880       0x6c ftp.o
 *fill*         0x00000000000018ec        0x4 
 .text.ftp_session_destroy
                0x00000000000018f0       0xe0 ftp.o
 .text.ftp_session_set_state.part.4
                0x00000000000019d0       0x38 ftp.o
 *fill*         0x0000000000001a08        0x8 
 .text.ftp_send_response_buffer
                0x0000000000001a10       0xc8 ftp.o
 *fill*         0x0000000000001ad8        0x8 
 .text.ftp_send_response
                0x0000000000001ae0      0x1ac ftp.o
 *fill*         0x0000000000001c8c        0x4 
 .text.TYPE     0x0000000000001c90       0x64 ftp.o
 *fill*         0x0000000000001cf4        0xc 
 .text.SYST     0x0000000000001d00       0x64 ftp.o
 *fill*         0x0000000000001d64        0xc 
 .text.STOU     0x0000000000001d70       0x64 ftp.o
 *fill*         0x0000000000001dd4        0xc 
 .text.QUIT     0x0000000000001de0       0x74 ftp.o
 *fill*         0x0000000000001e54        0xc 
 .text.NOOP     0x0000000000001e60       0x58 ftp.o
 *fill*         0x0000000000001eb8        0x8 
 .text.HELP     0x0000000000001ec0       0x64 ftp.o
 *fill*         0x0000000000001f24        0xc 
 .text.FEAT     0x0000000000001f30       0x98 ftp.o
 *fill*         0x0000000000001fc8        0x8 
 .text.ALLO     0x0000000000001fd0       0x64 ftp.o
 *fill*         0x0000000000002034        0xc 
 .text.store_transfer
                0x0000000000002040      0x1e0 ftp.o
 .text.retrieve_transfer
                0x0000000000002220      0x200 ftp.o
 .text.SIZE     0x0000000000002420       0xf4 ftp.o
 *fill*         0x0000000000002514        0xc 
 .text.RNFR     0x0000000000002520      0x118 ftp.o
 *fill*         0x0000000000002638        0x8 
 .text.PASV     0x0000000000002640      0x2c4 ftp.o
 *fill*         0x0000000000002904        0xc 
 .text.MDTM     0x0000000000002910      0x12c ftp.o
 *fill*         0x0000000000002a3c        0x4 
 .text.RNTO     0x0000000000002a40      0x15c ftp.o
 *fill*         0x0000000000002b9c        0x4 
 .text.PORT     0x0000000000002ba0      0x24c ftp.o
 *fill*         0x0000000000002dec        0x4 
 .text.CWD      0x0000000000002df0      0x16c ftp.o
 *fill*         0x0000000000002f5c        0x4 
 .text.CDUP     0x0000000000002f60       0x6c ftp.o
 *fill*         0x0000000000002fcc        0x4 
 .text.list_transfer
                0x0000000000002fd0      0x3e0 ftp.o
 .text.MLST     0x00000000000033b0      0x1cc ftp.o
 *fill*         0x000000000000357c        0x4 
 .text.PWD      0x0000000000003580      0x170 ftp.o
 .text.ABOR     0x00000000000036f0       0xac ftp.o
 *fill*         0x000000000000379c        0x4 
 .text.REST     0x00000000000037a0      0x130 ftp.o
 .text.STRU     0x00000000000038d0       0x94 ftp.o
 *fill*         0x0000000000003964        0xc 
 .text.PASS     0x0000000000003970       0xd0 ftp.o
 .text.DELE     0x0000000000003a40      0x100 ftp.o
 .text.ftp_set_socket_nonblocking
                0x0000000000003b40       0x94 ftp.o
 *fill*         0x0000000000003bd4        0xc 
 .text.ftp_session_connect
                0x0000000000003be0      0x18c ftp.o
 *fill*         0x0000000000003d6c        0x4 
 .text.ftp_xfer_file
                0x0000000000003d70      0x490 ftp.o
 .text.STOR     0x0000000000004200       0x54 ftp.o
 *fill*         0x0000000000004254        0xc 
 .text.RETR     0x0000000000004260       0x54 ftp.o
 *fill*         0x00000000000042b4        0xc 
 .text.APPE     0x00000000000042c0       0x54 ftp.o
 *fill*         0x0000000000004314        0xc 
 .text.RMD      0x0000000000004320      0x100 ftp.o
 .text.OPTS     0x0000000000004420      0x28c ftp.o
 *fill*         0x00000000000046ac        0x4 
 .text.MKD      0x00000000000046b0      0x114 ftp.o
 *fill*         0x00000000000047c4        0xc 
 .text.ftp_session_fill_dirent_cdir
                0x00000000000047d0       0xcc ftp.o
 *fill*         0x000000000000489c        0x4 
 .text.ftp_xfer_dir
                0x00000000000048a0      0x538 ftp.o
 *fill*         0x0000000000004dd8        0x8 
 .text.STAT     0x0000000000004de0      0x15c ftp.o
 *fill*         0x0000000000004f3c        0x4 
 .text.NLST     0x0000000000004f40       0x58 ftp.o
 *fill*         0x0000000000004f98        0x8 
 .text.MLSD     0x0000000000004fa0       0x58 ftp.o
 *fill*         0x0000000000004ff8        0x8 
 .text.LIST     0x0000000000005000       0x58 ftp.o
 *fill*         0x0000000000005058        0x8 
 .text.MODE     0x0000000000005060       0x94 ftp.o
 *fill*         0x00000000000050f4        0xc 
 .text.USER     0x0000000000005100       0xd0 ftp.o
 .text.ftp_pre_init
                0x00000000000051d0       0x78 ftp.o
                0x00000000000051d0                ftp_pre_init
 *fill*         0x0000000000005248        0x8 
 .text.ftp_exit
                0x0000000000005250       0x60 ftp.o
                0x0000000000005250                ftp_exit
 .text.ftp_init
                0x00000000000052b0      0x184 ftp.o
                0x00000000000052b0                ftp_init
 *fill*         0x0000000000005434        0xc 
 .text.ftp_post_exit
                0x0000000000005440        0x4 ftp.o
                0x0000000000005440                ftp_post_exit
 *fill*         0x0000000000005444        0xc 
 .text.ftp_loop
                0x0000000000005450      0xc78 ftp.o
                0x0000000000005450                ftp_loop
 *fill*         0x00000000000060c8        0x8 
 .text.inputPoller
                0x00000000000060d0       0x90 main.o
                0x00000000000060d0                inputPoller
 .text.__libnx_initheap
                0x0000000000006160       0x28 main.o
                0x0000000000006160                __libnx_initheap
 *fill*         0x0000000000006188        0x8 
 .text.__appInit
                0x0000000000006190       0x80 main.o
                0x0000000000006190                __appInit
 .text.__appExit
                0x0000000000006210       0x20 main.o
                0x0000000000006210                __appExit
 .text.mp3MutInit
                0x0000000000006230       0x5c mp3.o
                0x0000000000006230                mp3MutInit
 *fill*         0x000000000000628c        0x4 
 .text.initMp3  0x0000000000006290      0x144 mp3.o
                0x0000000000006290                initMp3
 *fill*         0x00000000000063d4        0xc 
 .text.decodeMp3
                0x00000000000063e0       0x50 mp3.o
                0x00000000000063e0                decodeMp3
 .text.exitMp3  0x0000000000006430       0x30 mp3.o
                0x0000000000006430                exitMp3
 .text.fillBuf  0x0000000000006460       0x98 mp3.o
                0x0000000000006460                fillBuf
 *fill*         0x00000000000064f8        0x8 
 .text.playMp3  0x0000000000006500       0xe8 mp3.o
                0x0000000000006500                playMp3
 *fill*         0x00000000000065e8        0x8 
 .text.console_set_status
                0x00000000000065f0        0x4 console.o
                0x00000000000065f0                console_set_status
 *fill*         0x00000000000065f4        0xc 
 .text.console_print
                0x0000000000006600       0xd4 console.o
                0x0000000000006600                console_print
 *fill*         0x00000000000066d4        0xc 
 .text.debug_print
                0x00000000000066e0       0xd8 console.o
                0x00000000000066e0                debug_print
 *fill*         0x00000000000067b8        0x8 
 .text.console_render
                0x00000000000067c0        0x4 console.o
                0x00000000000067c0                console_render
 *fill*         0x00000000000067c4        0xc 
 .text.ini_strncpy
                0x00000000000067d0      0x2b0 minIni.o
 .text.skiptrailing
                0x0000000000006a80       0x74 minIni.o
 *fill*         0x0000000000006af4        0xc 
 .text.skipleading.part.1
                0x0000000000006b00       0x2c minIni.o
 *fill*         0x0000000000006b2c        0x4 
 .text.striptrailing
                0x0000000000006b30       0x60 minIni.o
 .text.cleanstring
                0x0000000000006b90      0x100 minIni.o
 .text.getkeystring
                0x0000000000006c90      0x400 minIni.o
 .text.ini_gets.part.8
                0x0000000000007090       0xb0 minIni.o
 .text.ini_gets
                0x0000000000007140       0x1c minIni.o
                0x0000000000007140                ini_gets
 *fill*         0x000000000000715c        0x4 
 .text.mutexLock
                0x0000000000007160       0x8c C:/devkitPro/libnx/lib\libnx.a(mutex.o)
                0x0000000000007160                mutexLock
 *fill*         0x00000000000071ec        0x4 
 .text.mutexUnlock
                0x00000000000071f0       0x30 C:/devkitPro/libnx/lib\libnx.a(mutex.o)
                0x00000000000071f0                mutexUnlock
 .text.rmutexLock
                0x0000000000007220       0x4c C:/devkitPro/libnx/lib\libnx.a(mutex.o)
                0x0000000000007220                rmutexLock
 *fill*         0x000000000000726c        0x4 
 .text.rmutexUnlock
                0x0000000000007270       0x1c C:/devkitPro/libnx/lib\libnx.a(mutex.o)
                0x0000000000007270                rmutexUnlock
 *fill*         0x000000000000728c        0x4 
 .text._EntryWrap
                0x0000000000007290       0x50 C:/devkitPro/libnx/lib\libnx.a(thread.o)
 .text.threadCreate
                0x00000000000072e0      0x1f8 C:/devkitPro/libnx/lib\libnx.a(thread.o)
                0x00000000000072e0                threadCreate
 *fill*         0x00000000000074d8        0x8 
 .text.threadStart
                0x00000000000074e0        0x8 C:/devkitPro/libnx/lib\libnx.a(thread.o)
                0x00000000000074e0                threadStart
 *fill*         0x00000000000074e8        0x8 
 .text.ipcParse
                0x00000000000074f0      0x22c C:/devkitPro/libnx/lib\libnx.a(applet.o)
 *fill*         0x000000000000771c        0x4 
 .text._appletReceiveMessage
                0x0000000000007720      0x19c C:/devkitPro/libnx/lib\libnx.a(applet.o)
 *fill*         0x00000000000078bc        0x4 
 .text._appletGetPerformanceMode.constprop.35
                0x00000000000078c0      0x18c C:/devkitPro/libnx/lib\libnx.a(applet.o)
 *fill*         0x0000000000007a4c        0x4 
 .text._appletGetCurrentFocusState.constprop.36
                0x0000000000007a50      0x3ac C:/devkitPro/libnx/lib\libnx.a(applet.o)
 *fill*         0x0000000000007dfc        0x4 
 .text._appletGetOperationMode.constprop.34
                0x0000000000007e00      0x3ac C:/devkitPro/libnx/lib\libnx.a(applet.o)
 *fill*         0x00000000000081ac        0x4 
 .text.appletHook
                0x00000000000081b0       0x28 C:/devkitPro/libnx/lib\libnx.a(applet.o)
                0x00000000000081b0                appletHook
 *fill*         0x00000000000081d8        0x8 
 .text.appletGetAppletResourceUserId
                0x00000000000081e0       0x28 C:/devkitPro/libnx/lib\libnx.a(applet.o)
                0x00000000000081e0                appletGetAppletResourceUserId
 *fill*         0x0000000000008208        0x8 
 .text.appletMainLoop
                0x0000000000008210      0x17c C:/devkitPro/libnx/lib\libnx.a(applet.o)
                0x0000000000008210                appletMainLoop
 *fill*         0x000000000000838c        0x4 
 .text.ipcCloseObjectById
                0x0000000000008390       0x34 C:/devkitPro/libnx/lib\libnx.a(time.o)
 *fill*         0x00000000000083c4        0xc 
 .text._timeGetSession
                0x00000000000083d0      0x12c C:/devkitPro/libnx/lib\libnx.a(time.o)
 *fill*         0x00000000000084fc        0x4 
 .text.timeExit
                0x0000000000008500      0x1ec C:/devkitPro/libnx/lib\libnx.a(time.o)
                0x0000000000008500                timeExit
 *fill*         0x00000000000086ec        0x4 
 .text.timeInitialize
                0x00000000000086f0       0xd8 C:/devkitPro/libnx/lib\libnx.a(time.o)
                0x00000000000086f0                timeInitialize
 *fill*         0x00000000000087c8        0x8 
 .text.ipcCloseObjectById
                0x00000000000087d0       0x34 C:/devkitPro/libnx/lib\libnx.a(hid.o)
 *fill*         0x0000000000008804        0xc 
 .text._hidGetSharedMemoryHandle.constprop.10
                0x0000000000008810      0x124 C:/devkitPro/libnx/lib\libnx.a(hid.o)
 *fill*         0x0000000000008934        0xc 
 .text._hidCreateAppletResource.constprop.9
                0x0000000000008940      0x134 C:/devkitPro/libnx/lib\libnx.a(hid.o)
 *fill*         0x0000000000008a74        0xc 
 .text._hidCmdWithNoInput
                0x0000000000008a80      0x100 C:/devkitPro/libnx/lib\libnx.a(hid.o)
 .text._hidCmdWithInputU32
                0x0000000000008b80      0x10c C:/devkitPro/libnx/lib\libnx.a(hid.o)
 *fill*         0x0000000000008c8c        0x4 
 .text._hidCmdWithInputU64.constprop.11
                0x0000000000008c90      0x108 C:/devkitPro/libnx/lib\libnx.a(hid.o)
 *fill*         0x0000000000008d98        0x8 
 .text.hidReset
                0x0000000000008da0      0x1d0 C:/devkitPro/libnx/lib\libnx.a(hid.o)
                0x0000000000008da0                hidReset
 .text.hidGetSharedmemAddr
                0x0000000000008f70        0xc C:/devkitPro/libnx/lib\libnx.a(hid.o)
                0x0000000000008f70                hidGetSharedmemAddr
 *fill*         0x0000000000008f7c        0x4 
 .text.hidKeysHeld
                0x0000000000008f80       0x6c C:/devkitPro/libnx/lib\libnx.a(hid.o)
                0x0000000000008f80                hidKeysHeld
 *fill*         0x0000000000008fec        0x4 
 .text.hidKeysDown
                0x0000000000008ff0       0x6c C:/devkitPro/libnx/lib\libnx.a(hid.o)
                0x0000000000008ff0                hidKeysDown
 *fill*         0x000000000000905c        0x4 
 .text.hidTouchCount
                0x0000000000009060        0xc C:/devkitPro/libnx/lib\libnx.a(hid.o)
                0x0000000000009060                hidTouchCount
 *fill*         0x000000000000906c        0x4 
 .text.hidScanInput
                0x0000000000009070      0x560 C:/devkitPro/libnx/lib\libnx.a(hid.o)
                0x0000000000009070                hidScanInput
 .text.hidSetSupportedNpadIdType
                0x00000000000095d0      0x198 C:/devkitPro/libnx/lib\libnx.a(hid.o)
                0x00000000000095d0                hidSetSupportedNpadIdType
 *fill*         0x0000000000009768        0x8 
 .text.hidSetSupportedNpadStyleSet
                0x0000000000009770        0xc C:/devkitPro/libnx/lib\libnx.a(hid.o)
                0x0000000000009770                hidSetSupportedNpadStyleSet
 *fill*         0x000000000000977c        0x4 
 .text.hidSetNpadJoyHoldType
                0x0000000000009780        0x8 C:/devkitPro/libnx/lib\libnx.a(hid.o)
                0x0000000000009780                hidSetNpadJoyHoldType
 *fill*         0x0000000000009788        0x8 
 .text.hidSetNpadJoyAssignmentModeDual
                0x0000000000009790        0xc C:/devkitPro/libnx/lib\libnx.a(hid.o)
                0x0000000000009790                hidSetNpadJoyAssignmentModeDual
 *fill*         0x000000000000979c        0x4 
 .text.hidExit  0x00000000000097a0      0x12c C:/devkitPro/libnx/lib\libnx.a(hid.o)
                0x00000000000097a0                hidExit
 *fill*         0x00000000000098cc        0x4 
 .text.hidInitialize
                0x00000000000098d0      0x168 C:/devkitPro/libnx/lib\libnx.a(hid.o)
                0x00000000000098d0                hidInitialize
 *fill*         0x0000000000009a38        0x8 
 .text.ipcCloseObjectById
                0x0000000000009a40       0x34 C:/devkitPro/libnx/lib\libnx.a(audout.o)
 *fill*         0x0000000000009a74        0xc 
 .text.audoutExit
                0x0000000000009a80      0x120 C:/devkitPro/libnx/lib\libnx.a(audout.o)
                0x0000000000009a80                audoutExit
 .text.audoutGetSampleRate
                0x0000000000009ba0        0xc C:/devkitPro/libnx/lib\libnx.a(audout.o)
                0x0000000000009ba0                audoutGetSampleRate
 *fill*         0x0000000000009bac        0x4 
 .text.audoutOpenAudioOut
                0x0000000000009bb0      0x1dc C:/devkitPro/libnx/lib\libnx.a(audout.o)
                0x0000000000009bb0                audoutOpenAudioOut
 *fill*         0x0000000000009d8c        0x4 
 .text.audoutInitialize
                0x0000000000009d90      0x1e4 C:/devkitPro/libnx/lib\libnx.a(audout.o)
                0x0000000000009d90                audoutInitialize
 *fill*         0x0000000000009f74        0xc 
 .text.audoutStartAudioOut
                0x0000000000009f80       0xcc C:/devkitPro/libnx/lib\libnx.a(audout.o)
                0x0000000000009f80                audoutStartAudioOut
 *fill*         0x000000000000a04c        0x4 
 .text.audoutAppendAudioOutBuffer
                0x000000000000a050       0xfc C:/devkitPro/libnx/lib\libnx.a(audout.o)
                0x000000000000a050                audoutAppendAudioOutBuffer
 *fill*         0x000000000000a14c        0x4 
 .text.audoutGetReleasedAudioOutBuffer
                0x000000000000a150      0x110 C:/devkitPro/libnx/lib\libnx.a(audout.o)
                0x000000000000a150                audoutGetReleasedAudioOutBuffer
 .text.audoutWaitPlayFinish
                0x000000000000a260       0x48 C:/devkitPro/libnx/lib\libnx.a(audout.o)
                0x000000000000a260                audoutWaitPlayFinish
 *fill*         0x000000000000a2a8        0x8 
 .text.ipcPrepareHeader
                0x000000000000a2b0      0x220 C:/devkitPro/libnx/lib\libnx.a(fs.o)
 .text.ipcParse
                0x000000000000a4d0      0x22c C:/devkitPro/libnx/lib\libnx.a(fs.o)
 *fill*         0x000000000000a6fc        0x4 
 .text.serviceIpcParse
                0x000000000000a700       0xb0 C:/devkitPro/libnx/lib\libnx.a(fs.o)
 .text.ipcCloseObjectById
                0x000000000000a7b0       0x34 C:/devkitPro/libnx/lib\libnx.a(fs.o)
 *fill*         0x000000000000a7e4        0xc 
 .text.fsInitialize
                0x000000000000a7f0      0x200 C:/devkitPro/libnx/lib\libnx.a(fs.o)
                0x000000000000a7f0                fsInitialize
 .text.fsExit   0x000000000000a9f0       0x9c C:/devkitPro/libnx/lib\libnx.a(fs.o)
                0x000000000000a9f0                fsExit
 *fill*         0x000000000000aa8c        0x4 
 .text.fsMountSdcard
                0x000000000000aa90      0x13c C:/devkitPro/libnx/lib\libnx.a(fs.o)
                0x000000000000aa90                fsMountSdcard
 *fill*         0x000000000000abcc        0x4 
 .text.fsFsCreateFile
                0x000000000000abd0      0x120 C:/devkitPro/libnx/lib\libnx.a(fs.o)
                0x000000000000abd0                fsFsCreateFile
 .text.fsFsDeleteFile
                0x000000000000acf0      0x118 C:/devkitPro/libnx/lib\libnx.a(fs.o)
                0x000000000000acf0                fsFsDeleteFile
 *fill*         0x000000000000ae08        0x8 
 .text.fsFsCreateDirectory
                0x000000000000ae10      0x118 C:/devkitPro/libnx/lib\libnx.a(fs.o)
                0x000000000000ae10                fsFsCreateDirectory
 *fill*         0x000000000000af28        0x8 
 .text.fsFsDeleteDirectory
                0x000000000000af30      0x118 C:/devkitPro/libnx/lib\libnx.a(fs.o)
                0x000000000000af30                fsFsDeleteDirectory
 *fill*         0x000000000000b048        0x8 
 .text.fsFsRenameFile
                0x000000000000b050      0x190 C:/devkitPro/libnx/lib\libnx.a(fs.o)
                0x000000000000b050                fsFsRenameFile
 .text.fsFsRenameDirectory
                0x000000000000b1e0      0x190 C:/devkitPro/libnx/lib\libnx.a(fs.o)
                0x000000000000b1e0                fsFsRenameDirectory
 .text.fsFsGetEntryType
                0x000000000000b370      0x12c C:/devkitPro/libnx/lib\libnx.a(fs.o)
                0x000000000000b370                fsFsGetEntryType
 *fill*         0x000000000000b49c        0x4 
 .text.fsFsOpenFile
                0x000000000000b4a0      0x150 C:/devkitPro/libnx/lib\libnx.a(fs.o)
                0x000000000000b4a0                fsFsOpenFile
 .text.fsFsOpenDirectory
                0x000000000000b5f0      0x150 C:/devkitPro/libnx/lib\libnx.a(fs.o)
                0x000000000000b5f0                fsFsOpenDirectory
 .text.fsFsGetFreeSpace
                0x000000000000b740      0x12c C:/devkitPro/libnx/lib\libnx.a(fs.o)
                0x000000000000b740                fsFsGetFreeSpace
 *fill*         0x000000000000b86c        0x4 
 .text.fsFsGetTotalSpace
                0x000000000000b870      0x12c C:/devkitPro/libnx/lib\libnx.a(fs.o)
                0x000000000000b870                fsFsGetTotalSpace
 *fill*         0x000000000000b99c        0x4 
 .text.fsFsGetFileTimeStampRaw
                0x000000000000b9a0      0x190 C:/devkitPro/libnx/lib\libnx.a(fs.o)
                0x000000000000b9a0                fsFsGetFileTimeStampRaw
 .text.fsFsClose
                0x000000000000bb30       0x6c C:/devkitPro/libnx/lib\libnx.a(fs.o)
                0x000000000000bb30                fsFsClose
 *fill*         0x000000000000bb9c        0x4 
 .text.fsFileRead
                0x000000000000bba0      0x170 C:/devkitPro/libnx/lib\libnx.a(fs.o)
                0x000000000000bba0                fsFileRead
 .text.fsFileWrite
                0x000000000000bd10      0x10c C:/devkitPro/libnx/lib\libnx.a(fs.o)
                0x000000000000bd10                fsFileWrite
 *fill*         0x000000000000be1c        0x4 
 .text.fsFileFlush
                0x000000000000be20       0xe8 C:/devkitPro/libnx/lib\libnx.a(fs.o)
                0x000000000000be20                fsFileFlush
 *fill*         0x000000000000bf08        0x8 
 .text.fsFileSetSize
                0x000000000000bf10       0xf0 C:/devkitPro/libnx/lib\libnx.a(fs.o)
                0x000000000000bf10                fsFileSetSize
 .text.fsFileGetSize
                0x000000000000c000      0x100 C:/devkitPro/libnx/lib\libnx.a(fs.o)
                0x000000000000c000                fsFileGetSize
 .text.fsFileClose
                0x000000000000c100       0x6c C:/devkitPro/libnx/lib\libnx.a(fs.o)
                0x000000000000c100                fsFileClose
 *fill*         0x000000000000c16c        0x4 
 .text.fsDirClose
                0x000000000000c170       0x6c C:/devkitPro/libnx/lib\libnx.a(fs.o)
                0x000000000000c170                fsDirClose
 *fill*         0x000000000000c1dc        0x4 
 .text.fsDirRead
                0x000000000000c1e0      0x16c C:/devkitPro/libnx/lib\libnx.a(fs.o)
                0x000000000000c1e0                fsDirRead
 *fill*         0x000000000000c34c        0x4 
 .text.smAddOverrideHandle
                0x000000000000c350       0x44 C:/devkitPro/libnx/lib\libnx.a(sm.o)
                0x000000000000c350                smAddOverrideHandle
 *fill*         0x000000000000c394        0xc 
 .text.smGetServiceOverride
                0x000000000000c3a0       0x60 C:/devkitPro/libnx/lib\libnx.a(sm.o)
                0x000000000000c3a0                smGetServiceOverride
 .text.smHasInitialized
                0x000000000000c400       0x14 C:/devkitPro/libnx/lib\libnx.a(sm.o)
                0x000000000000c400                smHasInitialized
 *fill*         0x000000000000c414        0xc 
 .text.smExit   0x000000000000c420       0x5c C:/devkitPro/libnx/lib\libnx.a(sm.o)
                0x000000000000c420                smExit
 *fill*         0x000000000000c47c        0x4 
 .text.smEncodeName
                0x000000000000c480       0x38 C:/devkitPro/libnx/lib\libnx.a(sm.o)
                0x000000000000c480                smEncodeName
 *fill*         0x000000000000c4b8        0x8 
 .text.smGetServiceOriginal
                0x000000000000c4c0      0x12c C:/devkitPro/libnx/lib\libnx.a(sm.o)
                0x000000000000c4c0                smGetServiceOriginal
 *fill*         0x000000000000c5ec        0x4 
 .text.smInitialize
                0x000000000000c5f0      0x158 C:/devkitPro/libnx/lib\libnx.a(sm.o)
                0x000000000000c5f0                smInitialize
 *fill*         0x000000000000c748        0x8 
 .text.smGetService
                0x000000000000c750       0x74 C:/devkitPro/libnx/lib\libnx.a(sm.o)
                0x000000000000c750                smGetService
 *fill*         0x000000000000c7c4        0xc 
 .text._fatalImpl
                0x000000000000c7d0      0x140 C:/devkitPro/libnx/lib\libnx.a(fatal.o)
 .text.fatalWithType
                0x000000000000c910       0x14 C:/devkitPro/libnx/lib\libnx.a(fatal.o)
                0x000000000000c910                fatalWithType
 *fill*         0x000000000000c924        0xc 
 .text.fatalSimple
                0x000000000000c930       0x14 C:/devkitPro/libnx/lib\libnx.a(fatal.o)
                0x000000000000c930                fatalSimple
 *fill*         0x000000000000c944        0xc 
 .text.envSetup
                0x000000000000c950      0x208 C:/devkitPro/libnx/lib\libnx.a(env.o)
                0x000000000000c950                envSetup
 *fill*         0x000000000000cb58        0x8 
 .text.envGetMainThreadHandle
                0x000000000000cb60       0x20 C:/devkitPro/libnx/lib\libnx.a(env.o)
                0x000000000000cb60                envGetMainThreadHandle
 .text.envIsNso
                0x000000000000cb80        0xc C:/devkitPro/libnx/lib\libnx.a(env.o)
                0x000000000000cb80                envIsNso
 *fill*         0x000000000000cb8c        0x4 
 .text.envHasArgv
                0x000000000000cb90       0x14 C:/devkitPro/libnx/lib\libnx.a(env.o)
                0x000000000000cb90                envHasArgv
 *fill*         0x000000000000cba4        0xc 
 .text.envGetArgv
                0x000000000000cbb0        0xc C:/devkitPro/libnx/lib\libnx.a(env.o)
                0x000000000000cbb0                envGetArgv
 *fill*         0x000000000000cbbc        0x4 
 .text.envGetExitFuncPtr
                0x000000000000cbc0        0xc C:/devkitPro/libnx/lib\libnx.a(env.o)
                0x000000000000cbc0                envGetExitFuncPtr
 *fill*         0x000000000000cbcc        0x4 
 .text._socketInetAtonDetail
                0x000000000000cbd0      0x240 C:/devkitPro/libnx/lib\libnx.a(socket.o)
 .text._socketParseBsdResult.part.0
                0x000000000000ce10       0xa8 C:/devkitPro/libnx/lib\libnx.a(socket.o)
 *fill*         0x000000000000ceb8        0x8 
 .text._socketRead
                0x000000000000cec0       0x48 C:/devkitPro/libnx/lib\libnx.a(socket.o)
 *fill*         0x000000000000cf08        0x8 
 .text._socketWrite
                0x000000000000cf10       0x48 C:/devkitPro/libnx/lib\libnx.a(socket.o)
 *fill*         0x000000000000cf58        0x8 
 .text._socketClose
                0x000000000000cf60       0x3c C:/devkitPro/libnx/lib\libnx.a(socket.o)
 *fill*         0x000000000000cf9c        0x4 
 .text._socketOpen
                0x000000000000cfa0       0x7c C:/devkitPro/libnx/lib\libnx.a(socket.o)
 *fill*         0x000000000000d01c        0x4 
 .text.inet_ntop4
                0x000000000000d020      0x110 C:/devkitPro/libnx/lib\libnx.a(socket.o)
 .text._socketGetFd
                0x000000000000d130       0x80 C:/devkitPro/libnx/lib\libnx.a(socket.o)
 .text.socketExit
                0x000000000000d1b0       0x20 C:/devkitPro/libnx/lib\libnx.a(socket.o)
                0x000000000000d1b0                socketExit
 .text.socketInitialize
                0x000000000000d1d0      0x108 C:/devkitPro/libnx/lib\libnx.a(socket.o)
                0x000000000000d1d0                socketInitialize
 *fill*         0x000000000000d2d8        0x8 
 .text.poll     0x000000000000d2e0      0x1bc C:/devkitPro/libnx/lib\libnx.a(socket.o)
                0x000000000000d2e0                poll
 *fill*         0x000000000000d49c        0x4 
 .text.socket   0x000000000000d4a0       0xa4 C:/devkitPro/libnx/lib\libnx.a(socket.o)
                0x000000000000d4a0                socket
 *fill*         0x000000000000d544        0xc 
 .text.recv     0x000000000000d550       0x50 C:/devkitPro/libnx/lib\libnx.a(socket.o)
                0x000000000000d550                recv
 .text.send     0x000000000000d5a0       0x50 C:/devkitPro/libnx/lib\libnx.a(socket.o)
                0x000000000000d5a0                send
 .text.accept   0x000000000000d5f0       0xac C:/devkitPro/libnx/lib\libnx.a(socket.o)
                0x000000000000d5f0                accept
 *fill*         0x000000000000d69c        0x4 
 .text.bind     0x000000000000d6a0       0x54 C:/devkitPro/libnx/lib\libnx.a(socket.o)
                0x000000000000d6a0                bind
 *fill*         0x000000000000d6f4        0xc 
 .text.connect  0x000000000000d700       0x54 C:/devkitPro/libnx/lib\libnx.a(socket.o)
                0x000000000000d700                connect
 *fill*         0x000000000000d754        0xc 
 .text.getpeername
                0x000000000000d760       0x4c C:/devkitPro/libnx/lib\libnx.a(socket.o)
                0x000000000000d760                getpeername
 *fill*         0x000000000000d7ac        0x4 
 .text.getsockname
                0x000000000000d7b0       0x4c C:/devkitPro/libnx/lib\libnx.a(socket.o)
                0x000000000000d7b0                getsockname
 *fill*         0x000000000000d7fc        0x4 
 .text.listen   0x000000000000d800       0x4c C:/devkitPro/libnx/lib\libnx.a(socket.o)
                0x000000000000d800                listen
 *fill*         0x000000000000d84c        0x4 
 .text.setsockopt
                0x000000000000d850       0x5c C:/devkitPro/libnx/lib\libnx.a(socket.o)
                0x000000000000d850                setsockopt
 *fill*         0x000000000000d8ac        0x4 
 .text.fcntl    0x000000000000d8b0       0xd0 C:/devkitPro/libnx/lib\libnx.a(socket.o)
                0x000000000000d8b0                fcntl
 .text.ioctl    0x000000000000d980      0x244 C:/devkitPro/libnx/lib\libnx.a(socket.o)
                0x000000000000d980                ioctl
 *fill*         0x000000000000dbc4        0xc 
 .text.shutdown
                0x000000000000dbd0       0x4c C:/devkitPro/libnx/lib\libnx.a(socket.o)
                0x000000000000dbd0                shutdown
 *fill*         0x000000000000dc1c        0x4 
 .text.sockatmark
                0x000000000000dc20       0x2c C:/devkitPro/libnx/lib\libnx.a(socket.o)
                0x000000000000dc20                sockatmark
 *fill*         0x000000000000dc4c        0x4 
 .text.inet_ntop
                0x000000000000dc50      0x378 C:/devkitPro/libnx/lib\libnx.a(socket.o)
                0x000000000000dc50                inet_ntop
 *fill*         0x000000000000dfc8        0x8 
 .text.inet_ntoa
                0x000000000000dfd0       0x40 C:/devkitPro/libnx/lib\libnx.a(socket.o)
                0x000000000000dfd0                inet_ntoa
 .text.inet_aton
                0x000000000000e010       0x24 C:/devkitPro/libnx/lib\libnx.a(socket.o)
                0x000000000000e010                inet_aton
 *fill*         0x000000000000e034        0xc 
 .text.fsdev_link
                0x000000000000e040       0x10 C:/devkitPro/libnx/lib\libnx.a(fs_dev.o)
 .text.fsdev_dirreset
                0x000000000000e050       0x10 C:/devkitPro/libnx/lib\libnx.a(fs_dev.o)
 .text.fsdev_chmod
                0x000000000000e060       0x10 C:/devkitPro/libnx/lib\libnx.a(fs_dev.o)
 .text.error_cmp
                0x000000000000e070       0x1c C:/devkitPro/libnx/lib\libnx.a(fs_dev.o)
 *fill*         0x000000000000e08c        0x4 
 .text.fsdev_translate_error
                0x000000000000e090       0x58 C:/devkitPro/libnx/lib\libnx.a(fs_dev.o)
 *fill*         0x000000000000e0e8        0x8 
 .text.fsdev_fsync
                0x000000000000e0f0       0x40 C:/devkitPro/libnx/lib\libnx.a(fs_dev.o)
 .text.fsdev_ftruncate
                0x000000000000e130       0x60 C:/devkitPro/libnx/lib\libnx.a(fs_dev.o)
 .text.fsdev_dirclose
                0x000000000000e190       0x20 C:/devkitPro/libnx/lib\libnx.a(fs_dev.o)
 .text.fsdev_dirnext
                0x000000000000e1b0      0x16c C:/devkitPro/libnx/lib\libnx.a(fs_dev.o)
 *fill*         0x000000000000e31c        0x4 
 .text.fsdev_close
                0x000000000000e320       0x1c C:/devkitPro/libnx/lib\libnx.a(fs_dev.o)
 *fill*         0x000000000000e33c        0x4 
 .text.fsdev_fstat
                0x000000000000e340       0xa4 C:/devkitPro/libnx/lib\libnx.a(fs_dev.o)
 *fill*         0x000000000000e3e4        0xc 
 .text.fsdev_seek
                0x000000000000e3f0       0xb0 C:/devkitPro/libnx/lib\libnx.a(fs_dev.o)
 .text.fsdev_read
                0x000000000000e4a0      0x198 C:/devkitPro/libnx/lib\libnx.a(fs_dev.o)
 *fill*         0x000000000000e638        0x8 
 .text.fsdev_write
                0x000000000000e640      0x1a0 C:/devkitPro/libnx/lib\libnx.a(fs_dev.o)
 .text.fsdevFindDevice
                0x000000000000e7e0      0x120 C:/devkitPro/libnx/lib\libnx.a(fs_dev.o)
 .text._fsdevMountDevice
                0x000000000000e900      0x168 C:/devkitPro/libnx/lib\libnx.a(fs_dev.o)
 *fill*         0x000000000000ea68        0x8 
 .text.fsdev_getfspath
                0x000000000000ea70      0x1fc C:/devkitPro/libnx/lib\libnx.a(fs_dev.o)
 *fill*         0x000000000000ec6c        0x4 
 .text.fsdev_rmdir
                0x000000000000ec70       0x70 C:/devkitPro/libnx/lib\libnx.a(fs_dev.o)
 .text.fsdev_statvfs
                0x000000000000ece0       0xd4 C:/devkitPro/libnx/lib\libnx.a(fs_dev.o)
 *fill*         0x000000000000edb4        0xc 
 .text.fsdev_diropen
                0x000000000000edc0       0xec C:/devkitPro/libnx/lib\libnx.a(fs_dev.o)
 *fill*         0x000000000000eeac        0x4 
 .text.fsdev_mkdir
                0x000000000000eeb0       0x70 C:/devkitPro/libnx/lib\libnx.a(fs_dev.o)
 .text.fsdev_rename
                0x000000000000ef20      0x114 C:/devkitPro/libnx/lib\libnx.a(fs_dev.o)
 *fill*         0x000000000000f034        0xc 
 .text.fsdev_chdir
                0x000000000000f040       0xe8 C:/devkitPro/libnx/lib\libnx.a(fs_dev.o)
 *fill*         0x000000000000f128        0x8 
 .text.fsdev_unlink
                0x000000000000f130       0x70 C:/devkitPro/libnx/lib\libnx.a(fs_dev.o)
 .text.fsdev_stat
                0x000000000000f1a0      0x1bc C:/devkitPro/libnx/lib\libnx.a(fs_dev.o)
 *fill*         0x000000000000f35c        0x4 
 .text.fsdev_open
                0x000000000000f360      0x19c C:/devkitPro/libnx/lib\libnx.a(fs_dev.o)
 *fill*         0x000000000000f4fc        0x4 
 .text._fsdevUnmountDeviceStruct.part.4
                0x000000000000f500       0xb8 C:/devkitPro/libnx/lib\libnx.a(fs_dev.o)
 *fill*         0x000000000000f5b8        0x8 
 .text.fsdev_fchmod
                0x000000000000f5c0       0x10 C:/devkitPro/libnx/lib\libnx.a(fs_dev.o)
 .text.fsdevMountSdmc
                0x000000000000f5d0      0x158 C:/devkitPro/libnx/lib\libnx.a(fs_dev.o)
                0x000000000000f5d0                fsdevMountSdmc
 *fill*         0x000000000000f728        0x8 
 .text.fsdevUnmountAll
                0x000000000000f730       0x64 C:/devkitPro/libnx/lib\libnx.a(fs_dev.o)
                0x000000000000f730                fsdevUnmountAll
 *fill*         0x000000000000f794        0xc 
 .text._convert_errno
                0x000000000000f7a0       0x30 C:/devkitPro/libnx/lib\libnx.a(convert_errno.o)
                0x000000000000f7a0                _convert_errno
 .text.decode_utf8
                0x000000000000f7d0      0x12c C:/devkitPro/libnx/lib\libnx.a(decode_utf8.o)
                0x000000000000f7d0                decode_utf8
 .text.svcMapMemory
                0x000000000000f8fc        0x8 C:/devkitPro/libnx/lib\libnx.a(svc.o)
                0x000000000000f8fc                svcMapMemory
 .text.svcUnmapMemory
                0x000000000000f904        0x8 C:/devkitPro/libnx/lib\libnx.a(svc.o)
                0x000000000000f904                svcUnmapMemory
 .text.svcQueryMemory
                0x000000000000f90c       0x14 C:/devkitPro/libnx/lib\libnx.a(svc.o)
                0x000000000000f90c                svcQueryMemory
 .text.svcExitProcess
                0x000000000000f920        0x8 C:/devkitPro/libnx/lib\libnx.a(svc.o)
                0x000000000000f920                svcExitProcess
 .text.svcCreateThread
                0x000000000000f928       0x14 C:/devkitPro/libnx/lib\libnx.a(svc.o)
                0x000000000000f928                svcCreateThread
 .text.svcStartThread
                0x000000000000f93c        0x8 C:/devkitPro/libnx/lib\libnx.a(svc.o)
                0x000000000000f93c                svcStartThread
 .text.svcExitThread
                0x000000000000f944        0x8 C:/devkitPro/libnx/lib\libnx.a(svc.o)
                0x000000000000f944                svcExitThread
 .text.svcSleepThread
                0x000000000000f94c        0x8 C:/devkitPro/libnx/lib\libnx.a(svc.o)
                0x000000000000f94c                svcSleepThread
 .text.svcMapSharedMemory
                0x000000000000f954        0x8 C:/devkitPro/libnx/lib\libnx.a(svc.o)
                0x000000000000f954                svcMapSharedMemory
 .text.svcUnmapSharedMemory
                0x000000000000f95c        0x8 C:/devkitPro/libnx/lib\libnx.a(svc.o)
                0x000000000000f95c                svcUnmapSharedMemory
 .text.svcCreateTransferMemory
                0x000000000000f964       0x14 C:/devkitPro/libnx/lib\libnx.a(svc.o)
                0x000000000000f964                svcCreateTransferMemory
 .text.svcCloseHandle
                0x000000000000f978        0x8 C:/devkitPro/libnx/lib\libnx.a(svc.o)
                0x000000000000f978                svcCloseHandle
 .text.svcResetSignal
                0x000000000000f980        0x8 C:/devkitPro/libnx/lib\libnx.a(svc.o)
                0x000000000000f980                svcResetSignal
 .text.svcWaitSynchronization
                0x000000000000f988       0x14 C:/devkitPro/libnx/lib\libnx.a(svc.o)
                0x000000000000f988                svcWaitSynchronization
 .text.svcArbitrateLock
                0x000000000000f99c        0x8 C:/devkitPro/libnx/lib\libnx.a(svc.o)
                0x000000000000f99c                svcArbitrateLock
 .text.svcArbitrateUnlock
                0x000000000000f9a4        0x8 C:/devkitPro/libnx/lib\libnx.a(svc.o)
                0x000000000000f9a4                svcArbitrateUnlock
 .text.svcConnectToNamedPort
                0x000000000000f9ac       0x14 C:/devkitPro/libnx/lib\libnx.a(svc.o)
                0x000000000000f9ac                svcConnectToNamedPort
 .text.svcSendSyncRequest
                0x000000000000f9c0        0x8 C:/devkitPro/libnx/lib\libnx.a(svc.o)
                0x000000000000f9c0                svcSendSyncRequest
 .text.svcBreak
                0x000000000000f9c8        0x8 C:/devkitPro/libnx/lib\libnx.a(svc.o)
                0x000000000000f9c8                svcBreak
 .text.svcReturnFromException
                0x000000000000f9d0        0x8 C:/devkitPro/libnx/lib\libnx.a(svc.o)
                0x000000000000f9d0                svcReturnFromException
 .text.svcGetInfo
                0x000000000000f9d8       0x14 C:/devkitPro/libnx/lib\libnx.a(svc.o)
                0x000000000000f9d8                svcGetInfo
 .text.svcUnmapTransferMemory
                0x000000000000f9ec        0x8 C:/devkitPro/libnx/lib\libnx.a(svc.o)
                0x000000000000f9ec                svcUnmapTransferMemory
 .text.__aarch64_read_tp
                0x000000000000f9f4        0xc C:/devkitPro/libnx/lib\libnx.a(readtp.o)
                0x000000000000f9f4                __aarch64_read_tp
 .text._CacheValues
                0x000000000000fa00      0x180 C:/devkitPro/libnx/lib\libnx.a(detect.o)
 .text.kernelAbove300
                0x000000000000fb80       0x1c C:/devkitPro/libnx/lib\libnx.a(detect.o)
                0x000000000000fb80                kernelAbove300
 *fill*         0x000000000000fb9c        0x4 
 .text.detectDebugger
                0x000000000000fba0       0x30 C:/devkitPro/libnx/lib\libnx.a(detect.o)
                0x000000000000fba0                detectDebugger
 .text.tmemCreate
                0x000000000000fbd0       0xa8 C:/devkitPro/libnx/lib\libnx.a(tmem.o)
                0x000000000000fbd0                tmemCreate
 *fill*         0x000000000000fc78        0x8 
 .text.tmemUnmap
                0x000000000000fc80       0x58 C:/devkitPro/libnx/lib\libnx.a(tmem.o)
                0x000000000000fc80                tmemUnmap
 *fill*         0x000000000000fcd8        0x8 
 .text.tmemClose
                0x000000000000fce0       0x68 C:/devkitPro/libnx/lib\libnx.a(tmem.o)
                0x000000000000fce0                tmemClose
 *fill*         0x000000000000fd48        0x8 
 .text._waitLoop
                0x000000000000fd50      0x104 C:/devkitPro/libnx/lib\libnx.a(wait.o)
 *fill*         0x000000000000fe54        0xc 
 .text._waitObjectsImpl
                0x000000000000fe60      0x334 C:/devkitPro/libnx/lib\libnx.a(wait.o)
 *fill*         0x0000000000010194        0xc 
 .text.waitObjects
                0x00000000000101a0        0xc C:/devkitPro/libnx/lib\libnx.a(wait.o)
                0x00000000000101a0                waitObjects
 *fill*         0x00000000000101ac        0x4 
 .text.rwlockReadLock
                0x00000000000101b0       0x4c C:/devkitPro/libnx/lib\libnx.a(rwlock.o)
                0x00000000000101b0                rwlockReadLock
 *fill*         0x00000000000101fc        0x4 
 .text.rwlockReadUnlock
                0x0000000000010200       0x4c C:/devkitPro/libnx/lib\libnx.a(rwlock.o)
                0x0000000000010200                rwlockReadUnlock
 *fill*         0x000000000001024c        0x4 
 .text.rwlockWriteLock
                0x0000000000010250        0x8 C:/devkitPro/libnx/lib\libnx.a(rwlock.o)
                0x0000000000010250                rwlockWriteLock
 *fill*         0x0000000000010258        0x8 
 .text.rwlockWriteUnlock
                0x0000000000010260        0x8 C:/devkitPro/libnx/lib\libnx.a(rwlock.o)
                0x0000000000010260                rwlockWriteUnlock
 *fill*         0x0000000000010268        0x8 
 .text.shmemLoadRemote
                0x0000000000010270       0x14 C:/devkitPro/libnx/lib\libnx.a(shmem.o)
                0x0000000000010270                shmemLoadRemote
 *fill*         0x0000000000010284        0xc 
 .text.shmemMap
                0x0000000000010290       0x84 C:/devkitPro/libnx/lib\libnx.a(shmem.o)
                0x0000000000010290                shmemMap
 *fill*         0x0000000000010314        0xc 
 .text.shmemUnmap
                0x0000000000010320       0x58 C:/devkitPro/libnx/lib\libnx.a(shmem.o)
                0x0000000000010320                shmemUnmap
 *fill*         0x0000000000010378        0x8 
 .text.shmemClose
                0x0000000000010380       0x44 C:/devkitPro/libnx/lib\libnx.a(shmem.o)
                0x0000000000010380                shmemClose
 *fill*         0x00000000000103c4        0xc 
 .text._GetRegionFromInfo.isra.1
                0x00000000000103d0       0x7c C:/devkitPro/libnx/lib\libnx.a(virtmem.o)
 *fill*         0x000000000001044c        0x4 
 .text.virtmemSetup
                0x0000000000010450      0x114 C:/devkitPro/libnx/lib\libnx.a(virtmem.o)
                0x0000000000010450                virtmemSetup
 *fill*         0x0000000000010564        0xc 
 .text.virtmemReserve
                0x0000000000010570      0x13c C:/devkitPro/libnx/lib\libnx.a(virtmem.o)
                0x0000000000010570                virtmemReserve
 *fill*         0x00000000000106ac        0x4 
 .text.virtmemFree
                0x00000000000106b0        0x4 C:/devkitPro/libnx/lib\libnx.a(virtmem.o)
                0x00000000000106b0                virtmemFree
 *fill*         0x00000000000106b4        0xc 
 .text.virtmemReserveStack
                0x00000000000106c0       0xc8 C:/devkitPro/libnx/lib\libnx.a(virtmem.o)
                0x00000000000106c0                virtmemReserveStack
 *fill*         0x0000000000010788        0x8 
 .text.virtmemFreeStack
                0x0000000000010790        0x4 C:/devkitPro/libnx/lib\libnx.a(virtmem.o)
                0x0000000000010790                virtmemFreeStack
 *fill*         0x0000000000010794        0xc 
 .text.eventLoadRemote
                0x00000000000107a0        0xc C:/devkitPro/libnx/lib\libnx.a(event.o)
                0x00000000000107a0                eventLoadRemote
 *fill*         0x00000000000107ac        0x4 
 .text.eventWait
                0x00000000000107b0       0x38 C:/devkitPro/libnx/lib\libnx.a(event.o)
                0x00000000000107b0                eventWait
 *fill*         0x00000000000107e8        0x8 
 .text.eventClose
                0x00000000000107f0       0x50 C:/devkitPro/libnx/lib\libnx.a(event.o)
                0x00000000000107f0                eventClose
 .text.ipcCloseObjectById
                0x0000000000010840       0x34 C:/devkitPro/libnx/lib\libnx.a(bsd.o)
 *fill*         0x0000000000010874        0xc 
 .text._bsdRegisterClient.isra.5.constprop.11
                0x0000000000010880      0x120 C:/devkitPro/libnx/lib\libnx.a(bsd.o)
 .text._bsdDispatchBasicCommand.isra.6
                0x00000000000109a0      0x308 C:/devkitPro/libnx/lib\libnx.a(bsd.o)
 *fill*         0x0000000000010ca8        0x8 
 .text._bsdSocketCreationCommand
                0x0000000000010cb0       0x44 C:/devkitPro/libnx/lib\libnx.a(bsd.o)
 *fill*         0x0000000000010cf4        0xc 
 .text._bsdDispatchCommandWithOutAddrlen.isra.7
                0x0000000000010d00       0x44 C:/devkitPro/libnx/lib\libnx.a(bsd.o)
 *fill*         0x0000000000010d44        0xc 
 .text._bsdNameGetterCommand
                0x0000000000010d50       0xfc C:/devkitPro/libnx/lib\libnx.a(bsd.o)
 *fill*         0x0000000000010e4c        0x4 
 .text.ipcQueryPointerBufferSize.constprop.10
                0x0000000000010e50       0xc8 C:/devkitPro/libnx/lib\libnx.a(bsd.o)
 *fill*         0x0000000000010f18        0x8 
 .text._bsdStartMonitor.constprop.9
                0x0000000000010f20       0xf8 C:/devkitPro/libnx/lib\libnx.a(bsd.o)
 *fill*         0x0000000000011018        0x8 
 .text.bsdExit  0x0000000000011020       0xf0 C:/devkitPro/libnx/lib\libnx.a(bsd.o)
                0x0000000000011020                bsdExit
 .text.bsdInitialize
                0x0000000000011110      0x14c C:/devkitPro/libnx/lib\libnx.a(bsd.o)
                0x0000000000011110                bsdInitialize
 *fill*         0x000000000001125c        0x4 
 .text.bsdSocket
                0x0000000000011260       0x14 C:/devkitPro/libnx/lib\libnx.a(bsd.o)
                0x0000000000011260                bsdSocket
 *fill*         0x0000000000011274        0xc 
 .text.bsdOpen  0x0000000000011280       0xc4 C:/devkitPro/libnx/lib\libnx.a(bsd.o)
                0x0000000000011280                bsdOpen
 *fill*         0x0000000000011344        0xc 
 .text.bsdPoll  0x0000000000011350      0x13c C:/devkitPro/libnx/lib\libnx.a(bsd.o)
                0x0000000000011350                bsdPoll
 *fill*         0x000000000001148c        0x4 
 .text.bsdRecv  0x0000000000011490       0xfc C:/devkitPro/libnx/lib\libnx.a(bsd.o)
                0x0000000000011490                bsdRecv
 *fill*         0x000000000001158c        0x4 
 .text.bsdSend  0x0000000000011590       0xbc C:/devkitPro/libnx/lib\libnx.a(bsd.o)
                0x0000000000011590                bsdSend
 *fill*         0x000000000001164c        0x4 
 .text.bsdAccept
                0x0000000000011650       0x14 C:/devkitPro/libnx/lib\libnx.a(bsd.o)
                0x0000000000011650                bsdAccept
 *fill*         0x0000000000011664        0xc 
 .text.bsdBind  0x0000000000011670       0xa8 C:/devkitPro/libnx/lib\libnx.a(bsd.o)
                0x0000000000011670                bsdBind
 *fill*         0x0000000000011718        0x8 
 .text.bsdConnect
                0x0000000000011720       0xa8 C:/devkitPro/libnx/lib\libnx.a(bsd.o)
                0x0000000000011720                bsdConnect
 *fill*         0x00000000000117c8        0x8 
 .text.bsdGetPeerName
                0x00000000000117d0       0x14 C:/devkitPro/libnx/lib\libnx.a(bsd.o)
                0x00000000000117d0                bsdGetPeerName
 *fill*         0x00000000000117e4        0xc 
 .text.bsdGetSockName
                0x00000000000117f0       0x14 C:/devkitPro/libnx/lib\libnx.a(bsd.o)
                0x00000000000117f0                bsdGetSockName
 *fill*         0x0000000000011804        0xc 
 .text.bsdListen
                0x0000000000011810       0x40 C:/devkitPro/libnx/lib\libnx.a(bsd.o)
                0x0000000000011810                bsdListen
 .text.bsdIoctl
                0x0000000000011850      0x3bc C:/devkitPro/libnx/lib\libnx.a(bsd.o)
                0x0000000000011850                bsdIoctl
 *fill*         0x0000000000011c0c        0x4 
 .text.bsdFcntl
                0x0000000000011c10       0x90 C:/devkitPro/libnx/lib\libnx.a(bsd.o)
                0x0000000000011c10                bsdFcntl
 .text.bsdSetSockOpt
                0x0000000000011ca0       0xac C:/devkitPro/libnx/lib\libnx.a(bsd.o)
                0x0000000000011ca0                bsdSetSockOpt
 *fill*         0x0000000000011d4c        0x4 
 .text.bsdShutdown
                0x0000000000011d50       0x40 C:/devkitPro/libnx/lib\libnx.a(bsd.o)
                0x0000000000011d50                bsdShutdown
 .text.bsdWrite
                0x0000000000011d90       0xbc C:/devkitPro/libnx/lib\libnx.a(bsd.o)
                0x0000000000011d90                bsdWrite
 *fill*         0x0000000000011e4c        0x4 
 .text.bsdRead  0x0000000000011e50       0xfc C:/devkitPro/libnx/lib\libnx.a(bsd.o)
                0x0000000000011e50                bsdRead
 *fill*         0x0000000000011f4c        0x4 
 .text.bsdClose
                0x0000000000011f50       0x40 C:/devkitPro/libnx/lib\libnx.a(bsd.o)
                0x0000000000011f50                bsdClose
 .text.ipcCloseObjectById
                0x0000000000011f90       0x34 C:/devkitPro/libnx/lib\libnx.a(nifm.o)
 *fill*         0x0000000000011fc4        0xc 
 .text.ipcConvertSessionToDomain
                0x0000000000011fd0       0xc4 C:/devkitPro/libnx/lib\libnx.a(nifm.o)
 *fill*         0x0000000000012094        0xc 
 .text.ipcCloneSession.constprop.14
                0x00000000000120a0      0x10c C:/devkitPro/libnx/lib\libnx.a(nifm.o)
 *fill*         0x00000000000121ac        0x4 
 .text._nifmCreateGeneralService.constprop.11
                0x00000000000121b0      0x28c C:/devkitPro/libnx/lib\libnx.a(nifm.o)
 *fill*         0x000000000001243c        0x4 
 .text._nifmCreateGeneralServiceOld.constprop.12
                0x0000000000012440      0x28c C:/devkitPro/libnx/lib\libnx.a(nifm.o)
 *fill*         0x00000000000126cc        0x4 
 .text.nifmExit
                0x00000000000126d0       0xf0 C:/devkitPro/libnx/lib\libnx.a(nifm.o)
                0x00000000000126d0                nifmExit
 .text.nifmInitialize
                0x00000000000127c0       0xd4 C:/devkitPro/libnx/lib\libnx.a(nifm.o)
                0x00000000000127c0                nifmInitialize
 *fill*         0x0000000000012894        0xc 
 .text.__nx_dynamic
                0x00000000000128a0       0xa0 C:/devkitPro/libnx/lib\libnx.a(dynamic.o)
                0x00000000000128a0                __nx_dynamic
 .text.__libnx_init
                0x0000000000012940       0x28 C:/devkitPro/libnx/lib\libnx.a(init.o)
                0x0000000000012940                __libnx_init
 *fill*         0x0000000000012968        0x8 
 .text.__libnx_exit
                0x0000000000012970       0x20 C:/devkitPro/libnx/lib\libnx.a(init.o)
                0x0000000000012970                __libnx_exit
 .text.mutexInit
                0x0000000000012990        0x8 C:/devkitPro/libnx/lib\libnx.a(newlib.o)
 *fill*         0x0000000000012998        0x8 
 .text.rmutexInit
                0x00000000000129a0        0xc C:/devkitPro/libnx/lib\libnx.a(newlib.o)
 *fill*         0x00000000000129ac        0x4 
 .text.__libnx_gtod
                0x00000000000129b0       0x8c C:/devkitPro/libnx/lib\libnx.a(newlib.o)
                0x00000000000129b0                __libnx_gtod
 *fill*         0x0000000000012a3c        0x4 
 .text.__libnx_clock_settime
                0x0000000000012a40       0x20 C:/devkitPro/libnx/lib\libnx.a(newlib.o)
                0x0000000000012a40                __libnx_clock_settime
 .text.__libnx_nanosleep
                0x0000000000012a60       0x28 C:/devkitPro/libnx/lib\libnx.a(newlib.o)
                0x0000000000012a60                __libnx_nanosleep
 *fill*         0x0000000000012a88        0x8 
 .text.__libnx_get_reent
                0x0000000000012a90       0x34 C:/devkitPro/libnx/lib\libnx.a(newlib.o)
 *fill*         0x0000000000012ac4        0xc 
 .text.__libnx_clock_gettime
                0x0000000000012ad0       0xf8 C:/devkitPro/libnx/lib\libnx.a(newlib.o)
                0x0000000000012ad0                __libnx_clock_gettime
 *fill*         0x0000000000012bc8        0x8 
 .text.__libnx_clock_getres
                0x0000000000012bd0       0x58 C:/devkitPro/libnx/lib\libnx.a(newlib.o)
                0x0000000000012bd0                __libnx_clock_getres
 *fill*         0x0000000000012c28        0x8 
 .text.newlibSetup
                0x0000000000012c30      0x118 C:/devkitPro/libnx/lib\libnx.a(newlib.o)
                0x0000000000012c30                newlibSetup
 *fill*         0x0000000000012d48        0x8 
 .text.argvSetup
                0x0000000000012d50      0x368 C:/devkitPro/libnx/lib\libnx.a(argv.o)
                0x0000000000012d50                argvSetup
 .text.__libnx_exception_entry
                0x00000000000130b8      0x1c0 C:/devkitPro/libnx/lib\libnx.a(exception.o)
                0x00000000000130b8                __libnx_exception_entry
 .text.__libnx_exception_returnentry
                0x0000000000013278       0x18 C:/devkitPro/libnx/lib\libnx.a(exception.o)
                0x0000000000013278                __libnx_exception_returnentry
 .text.nxlinkSetup
                0x0000000000013290       0xc4 C:/devkitPro/libnx/lib\libnx.a(nxlink.o)
                0x0000000000013290                nxlinkSetup
 *fill*         0x0000000000013354        0xc 
 .text          0x0000000000013360     0x13b4 C:/devkitPro/portlibs/switch/lib\libmpg123.a(frame.o)
                0x0000000000013360                mpg123_new_pars
                0x0000000000013400                mpg123_delete_pars
                0x0000000000013410                mpg123_reset_eq
                0x0000000000013480                INT123_frame_outbuffer
                0x0000000000013570                mpg123_replace_buffer
                0x00000000000135f0                INT123_frame_index_setup
                0x0000000000013640                INT123_frame_buffers
                0x00000000000137b0                INT123_frame_buffers_reset
                0x0000000000013840                INT123_frame_fill_toc
                0x00000000000138a0                INT123_frame_exit
                0x0000000000013950                mpg123_framedata
                0x00000000000139a0                INT123_frame_index_find
                0x0000000000013c10                INT123_frame_ins2outs
                0x0000000000013c70                INT123_frame_outs
                0x0000000000013ce0                INT123_frame_expect_outsamples
                0x0000000000013d40                INT123_frame_offset
                0x0000000000013da0                INT123_frame_gapless_init
                0x0000000000013e00                INT123_frame_init_par
                0x0000000000014080                INT123_frame_init
                0x0000000000014090                INT123_frame_reset
                0x00000000000141d0                INT123_frame_gapless_realinit
                0x0000000000014230                INT123_frame_gapless_update
                0x0000000000014300                INT123_frame_set_frameseek
                0x0000000000014430                INT123_frame_skip
                0x0000000000014450                INT123_frame_set_seek
                0x00000000000144e0                INT123_do_rva
                0x0000000000014630                mpg123_volume
                0x0000000000014660                mpg123_volume_change
                0x0000000000014680                mpg123_getvolume
                0x0000000000014700                mpg123_framepos
 *fill*         0x0000000000014714        0xc 
 .text          0x0000000000014720     0x3d08 C:/devkitPro/portlibs/switch/lib\libmpg123.a(format.o)
                0x0000000000015630                mpg123_rates
                0x0000000000015660                mpg123_encodings
                0x0000000000015690                mpg123_encsize
                0x00000000000156e0                INT123_frame_output_format
                0x0000000000016170                mpg123_fmt_none
                0x00000000000161f0                mpg123_format_none
                0x0000000000016230                mpg123_fmt_all
                0x0000000000016400                mpg123_format_all
                0x0000000000016440                mpg123_fmt
                0x0000000000016780                mpg123_format
                0x00000000000167c0                mpg123_fmt_support
                0x00000000000169e0                mpg123_format_support
                0x0000000000016a00                INT123_invalidate_format
                0x0000000000016a10                INT123_decoder_synth_bytes
                0x0000000000016a30                INT123_samples_to_bytes
                0x0000000000016a50                INT123_bytes_to_samples
                0x0000000000016a70                INT123_outblock_bytes
                0x0000000000016ac0                INT123_postprocess_buffer
 *fill*         0x0000000000018428        0x8 
 .text          0x0000000000018430     0x30e0 C:/devkitPro/portlibs/switch/lib\libmpg123.a(id3.o)
                0x0000000000019070                INT123_init_id3
                0x00000000000190c0                INT123_exit_id3
                0x00000000000193b0                INT123_reset_id3
                0x00000000000193d0                INT123_id3_link
                0x0000000000019990                INT123_id3_to_utf8
                0x0000000000019b70                INT123_parse_new_id3
 .text          0x000000000001b510      0x6ec C:/devkitPro/portlibs/switch/lib\libmpg123.a(optimize.o)
                0x000000000001b560                INT123_defdec
                0x000000000001b570                INT123_decclass
                0x000000000001b5b0                INT123_set_synth_functions
                0x000000000001b950                INT123_dectype
                0x000000000001ba80                INT123_frame_cpu_opt
                0x000000000001bba0                INT123_check_decoders
                0x000000000001bbb0                mpg123_current_decoder
                0x000000000001bbe0                mpg123_decoders
                0x000000000001bbf0                mpg123_supported_decoders
 *fill*         0x000000000001bbfc        0x4 
 .text          0x000000000001bc00     0x2684 C:/devkitPro/portlibs/switch/lib\libmpg123.a(readers.o)
                0x000000000001d920                INT123_bc_fill
                0x000000000001d930                INT123_bc_poolsize
                0x000000000001d940                INT123_bc_prepare
                0x000000000001d970                INT123_bc_cleanup
                0x000000000001da60                INT123_feed_more
                0x000000000001dc00                INT123_feed_set_pos
                0x000000000001dfd0                INT123_open_bad
                0x000000000001e030                INT123_open_feed
                0x000000000001e0d0                INT123_open_stream
                0x000000000001e1e0                INT123_open_stream_handle
 *fill*         0x000000000001e284        0xc 
 .text          0x000000000001e290     0x10b0 C:/devkitPro/portlibs/switch/lib\libmpg123.a(tabinit.o)
                0x000000000001e290                INT123_prepare_decode_tables
                0x000000000001e570                INT123_make_decode_tables
                0x000000000001e880                INT123_make_conv16to8_table
 .text          0x000000000001f340     0x3770 C:/devkitPro/portlibs/switch/lib\libmpg123.a(libmpg123.o)
                0x000000000001f4a0                mpg123_init
                0x000000000001f4e0                mpg123_exit
                0x000000000001f4f0                mpg123_parnew
                0x000000000001f5a0                mpg123_new
                0x000000000001f5b0                mpg123_decoder
                0x000000000001f680                mpg123_par
                0x000000000001f840                mpg123_param
                0x000000000001f8f0                mpg123_getpar
                0x000000000001fac0                mpg123_getparam
                0x000000000001fb00                mpg123_getstate
                0x000000000001fbf0                mpg123_eq
                0x000000000001fca0                mpg123_geteq
                0x000000000001fd10                INT123_decode_update
                0x00000000000200e0                mpg123_safe_buffer
                0x00000000000200f0                mpg123_outblock
                0x0000000000020110                mpg123_framebyframe_decode
                0x00000000000202b0                mpg123_framebyframe_next
                0x00000000000204b0                mpg123_decode_frame
                0x0000000000020840                mpg123_feed
                0x00000000000208b0                mpg123_decode
                0x0000000000020cd0                mpg123_read
                0x0000000000020cf0                mpg123_clip
                0x0000000000020d10                mpg123_info
                0x0000000000020e80                mpg123_getformat2
                0x00000000000210a0                mpg123_getformat
                0x00000000000210b0                mpg123_timeframe
                0x00000000000212b0                mpg123_tell
                0x00000000000213c0                mpg123_tellframe
                0x0000000000021400                mpg123_tell_stream
                0x0000000000021420                mpg123_feedseek
                0x0000000000021680                mpg123_seek_frame
                0x0000000000021a00                mpg123_set_filesize
                0x0000000000021a20                mpg123_framelength
                0x0000000000021c70                mpg123_length
                0x0000000000021f30                mpg123_scan
                0x0000000000022120                mpg123_seek
                0x00000000000223f0                mpg123_meta_check
                0x0000000000022410                mpg123_meta_free
                0x0000000000022440                mpg123_id3
                0x00000000000224f0                mpg123_icy
                0x0000000000022550                mpg123_icy2utf8
                0x0000000000022560                mpg123_enc_from_id3
                0x0000000000022590                mpg123_store_utf8
                0x0000000000022700                mpg123_index
                0x0000000000022760                mpg123_set_index
                0x00000000000227c0                mpg123_close
                0x0000000000022830                mpg123_open
                0x0000000000022870                mpg123_open_fd
                0x00000000000228b0                mpg123_open_handle
                0x0000000000022910                mpg123_open_feed
                0x0000000000022940                mpg123_replace_reader
                0x0000000000022980                mpg123_replace_reader_handle
                0x00000000000229d0                mpg123_delete
                0x0000000000022a00                mpg123_plain_strerror
                0x0000000000022a80                mpg123_errcode
                0x0000000000022aa0                mpg123_strerror
 .text          0x0000000000022ab0      0x460 C:/devkitPro/portlibs/switch/lib\libmpg123.a(index.o)
                0x0000000000022ab0                INT123_fi_init
                0x0000000000022ad0                INT123_fi_exit
                0x0000000000022b00                INT123_fi_resize
                0x0000000000022cc0                INT123_fi_add
                0x0000000000022e80                INT123_fi_set
                0x0000000000022f00                INT123_fi_reset
 .text          0x0000000000022f10      0x7d4 C:/devkitPro/portlibs/switch/lib\libmpg123.a(stringbuf.o)
                0x0000000000022f10                mpg123_init_string
                0x0000000000022f20                mpg123_free_string
                0x0000000000022f50                mpg123_resize_string
                0x0000000000022fe0                mpg123_grow_string
                0x0000000000023020                mpg123_copy_string
                0x00000000000230d0                mpg123_add_substring
                0x00000000000231e0                mpg123_add_string
                0x0000000000023220                mpg123_set_substring
                0x0000000000023240                mpg123_set_string
                0x0000000000023260                mpg123_strlen
                0x0000000000023570                mpg123_chomp_string
 *fill*         0x00000000000236e4        0xc 
 .text          0x00000000000236f0       0x48 C:/devkitPro/portlibs/switch/lib\libmpg123.a(icy.o)
                0x00000000000236f0                INT123_init_icy
                0x0000000000023700                INT123_clear_icy
                0x0000000000023720                INT123_reset_icy
 *fill*         0x0000000000023738        0x8 
 .text          0x0000000000023740      0x334 C:/devkitPro/portlibs/switch/lib\libmpg123.a(icy2utf8.o)
                0x0000000000023740                INT123_icy2utf8
 *fill*         0x0000000000023a74        0xc 
 .text          0x0000000000023a80      0x7b0 C:/devkitPro/portlibs/switch/lib\libmpg123.a(ntom.o)
                0x0000000000023a80                INT123_ntom_val
                0x0000000000023c50                INT123_synth_ntom_set_step
                0x0000000000023de0                INT123_ntom_set_ntom
                0x0000000000023e00                INT123_ntom_frame_outsamples
                0x0000000000023e30                INT123_ntom_frmouts
                0x0000000000023fc0                INT123_ntom_ins2outs
                0x00000000000240f0                INT123_ntom_frameoff
 .text          0x0000000000024230     0x27e0 C:/devkitPro/portlibs/switch/lib\libmpg123.a(synth.o)
                0x0000000000024230                INT123_synth_1to1
                0x0000000000024650                INT123_synth_1to1_mono
                0x0000000000024720                INT123_synth_1to1_m2s
                0x00000000000247b0                INT123_synth_2to1
                0x0000000000024bd0                INT123_synth_2to1_mono
                0x0000000000024cb0                INT123_synth_2to1_m2s
                0x0000000000024d70                INT123_synth_4to1
                0x0000000000025700                INT123_synth_4to1_mono
                0x00000000000257a0                INT123_synth_4to1_m2s
                0x0000000000025820                INT123_synth_ntom
                0x0000000000026750                INT123_synth_ntom_mono
                0x00000000000268d0                INT123_synth_ntom_m2s
 .text          0x0000000000026a10     0x2418 C:/devkitPro/portlibs/switch/lib\libmpg123.a(synth_8bit.o)
                0x0000000000026a10                INT123_synth_1to1_8bit
                0x0000000000026e50                INT123_synth_1to1_8bit_mono
                0x0000000000026f10                INT123_synth_1to1_8bit_m2s
                0x0000000000026fa0                INT123_synth_1to1_8bit_wrap
                0x00000000000270f0                INT123_synth_1to1_8bit_wrap_mono
                0x0000000000027210                INT123_synth_1to1_8bit_wrap_m2s
                0x00000000000273b0                INT123_synth_2to1_8bit
                0x00000000000277f0                INT123_synth_2to1_8bit_mono
                0x00000000000278d0                INT123_synth_2to1_8bit_m2s
                0x0000000000027990                INT123_synth_4to1_8bit
                0x0000000000027fe0                INT123_synth_4to1_8bit_mono
                0x0000000000028080                INT123_synth_4to1_8bit_m2s
                0x0000000000028100                INT123_synth_ntom_8bit
                0x0000000000028b70                INT123_synth_ntom_8bit_mono
                0x0000000000028ce0                INT123_synth_ntom_8bit_m2s
 *fill*         0x0000000000028e28        0x8 
 .text          0x0000000000028e30     0x1da4 C:/devkitPro/portlibs/switch/lib\libmpg123.a(layer2.o)
                0x0000000000028e30                INT123_init_layer12
                0x0000000000029260                INT123_init_layer12_stuff
                0x0000000000029360                INT123_init_layer12_table
                0x00000000000294b0                INT123_do_layer2
 *fill*         0x000000000002abd4        0xc 
 .text          0x000000000002abe0     0x7d14 C:/devkitPro/portlibs/switch/lib\libmpg123.a(layer3.o)
                0x000000000002d9c0                INT123_init_layer3_gainpow2
                0x000000000002d9f0                INT123_init_layer3
                0x000000000002f8f0                INT123_init_layer3_stuff
                0x000000000002fe30                INT123_dct36
                0x0000000000030310                INT123_do_layer3
 *fill*         0x00000000000328f4        0xc 
 .text          0x0000000000032900     0x2900 C:/devkitPro/portlibs/switch/lib\libmpg123.a(synth_s32.o)
                0x0000000000032900                INT123_synth_1to1_s32
                0x0000000000032d50                INT123_synth_1to1_s32_mono
                0x0000000000032e10                INT123_synth_1to1_s32_m2s
                0x0000000000032ea0                INT123_synth_2to1_s32
                0x00000000000332f0                INT123_synth_2to1_s32_mono
                0x00000000000333d0                INT123_synth_2to1_s32_m2s
                0x0000000000033490                INT123_synth_4to1_s32
                0x0000000000033e90                INT123_synth_4to1_s32_mono
                0x0000000000033f30                INT123_synth_4to1_s32_m2s
                0x0000000000033fb0                INT123_synth_ntom_s32
                0x0000000000034f10                INT123_synth_ntom_s32_mono
                0x00000000000350c0                INT123_synth_ntom_s32_m2s
 .text          0x0000000000035200     0x1a80 C:/devkitPro/portlibs/switch/lib\libmpg123.a(synth_real.o)
                0x0000000000035200                INT123_synth_1to1_real
                0x0000000000035550                INT123_synth_1to1_real_mono
                0x0000000000035610                INT123_synth_1to1_real_m2s
                0x00000000000356a0                INT123_synth_2to1_real
                0x00000000000359e0                INT123_synth_2to1_real_mono
                0x0000000000035ac0                INT123_synth_2to1_real_m2s
                0x0000000000035b80                INT123_synth_4to1_real
                0x00000000000362e0                INT123_synth_4to1_real_mono
                0x0000000000036380                INT123_synth_4to1_real_m2s
                0x0000000000036400                INT123_synth_ntom_real
                0x0000000000036990                INT123_synth_ntom_real_mono
                0x0000000000036b40                INT123_synth_ntom_real_m2s
 .text          0x0000000000036c80      0x54c C:/devkitPro/portlibs/switch/lib\libmpg123.a(compat.o)
                0x0000000000036c80                compat_getenv
                0x0000000000036ca0                INT123_compat_open
                0x0000000000036cb0                INT123_compat_fopen
                0x0000000000036cc0                INT123_compat_fdopen
                0x0000000000036cd0                INT123_compat_close
                0x0000000000036ce0                INT123_compat_fclose
                0x0000000000036cf0                compat_catpath
                0x0000000000036e30                compat_isdir
                0x0000000000036e80                compat_dirclose
                0x0000000000036eb0                compat_diropen
                0x0000000000036f40                compat_nextfile
                0x0000000000036ff0                compat_nextdir
                0x00000000000370a0                INT123_unintr_write
                0x0000000000037120                INT123_unintr_read
                0x00000000000371a0                INT123_catchsignal
 *fill*         0x00000000000371cc        0x4 
 .text          0x00000000000371d0       0x80 C:/devkitPro/portlibs/switch/lib\libmpg123.a(compat_str.o)
                0x00000000000371d0                INT123_safe_realloc
                0x00000000000371e0                INT123_compat_strdup
 .text          0x0000000000037250     0x26f8 C:/devkitPro/portlibs/switch/lib\libmpg123.a(parse.o)
                0x00000000000378c0                INT123_frame_bitrate
                0x00000000000378f0                INT123_frame_freq
                0x0000000000037910                INT123_set_pointer
                0x0000000000037960                INT123_compute_bpf
                0x0000000000037990                INT123_read_frame
                0x0000000000039600                mpg123_spf
                0x0000000000039620                mpg123_tpf
                0x0000000000039670                mpg123_position
                0x00000000000398e0                INT123_get_songlen
 *fill*         0x0000000000039948        0x8 
 .text          0x0000000000039950      0x83c C:/devkitPro/portlibs/switch/lib\libmpg123.a(dct64.o)
                0x0000000000039950                INT123_dct64
 *fill*         0x000000000003a18c        0x4 
 .text          0x000000000003a190       0xb8 C:/devkitPro/portlibs/switch/lib\libmpg123.a(equalizer.o)
                0x000000000003a190                INT123_do_equalizer
 *fill*         0x000000000003a248        0x8 
 .text          0x000000000003a250     0x250c C:/devkitPro/portlibs/switch/lib\libmpg123.a(layer1.o)
                0x000000000003a250                INT123_do_layer1
 *fill*         0x000000000003c75c        0x4 
 .text.cos      0x000000000003c760       0xa8 c:/devkitpro/devkita64/bin/../lib/gcc/aarch64-none-elf/8.2.0/../../../../aarch64-none-elf/lib/pic\libm.a(lib_a-s_cos.o)
                0x000000000003c760                cos
 .text.sin      0x000000000003c808       0xb0 c:/devkitpro/devkita64/bin/../lib/gcc/aarch64-none-elf/8.2.0/../../../../aarch64-none-elf/lib/pic\libm.a(lib_a-s_sin.o)
                0x000000000003c808                sin
 .text.log      0x000000000003c8b8      0x118 c:/devkitpro/devkita64/bin/../lib/gcc/aarch64-none-elf/8.2.0/../../../../aarch64-none-elf/lib/pic\libm.a(lib_a-w_log.o)
                0x000000000003c8b8                log
 .text.pow      0x000000000003c9d0      0x304 c:/devkitpro/devkita64/bin/../lib/gcc/aarch64-none-elf/8.2.0/../../../../aarch64-none-elf/lib/pic\libm.a(lib_a-w_pow.o)
                0x000000000003c9d0                pow
 *fill*         0x000000000003ccd4        0x4 
 .text.__ieee754_log
                0x000000000003ccd8      0x250 c:/devkitpro/devkita64/bin/../lib/gcc/aarch64-none-elf/8.2.0/../../../../aarch64-none-elf/lib/pic\libm.a(lib_a-e_log.o)
                0x000000000003ccd8                __ieee754_log
 .text.__ieee754_pow
                0x000000000003cf28      0x7bc c:/devkitpro/devkita64/bin/../lib/gcc/aarch64-none-elf/8.2.0/../../../../aarch64-none-elf/lib/pic\libm.a(lib_a-e_pow.o)
                0x000000000003cf28                __ieee754_pow
 *fill*         0x000000000003d6e4        0x4 
 .text.__ieee754_rem_pio2
                0x000000000003d6e8      0x2dc c:/devkitpro/devkita64/bin/../lib/gcc/aarch64-none-elf/8.2.0/../../../../aarch64-none-elf/lib/pic\libm.a(lib_a-e_rem_pio2.o)
                0x000000000003d6e8                __ieee754_rem_pio2
 *fill*         0x000000000003d9c4        0x4 
 .text.__ieee754_sqrt
                0x000000000003d9c8        0x8 c:/devkitpro/devkita64/bin/../lib/gcc/aarch64-none-elf/8.2.0/../../../../aarch64-none-elf/lib/pic\libm.a(lib_a-e_sqrt.o)
                0x000000000003d9c8                __ieee754_sqrt
 .text.__kernel_cos
                0x000000000003d9d0      0x130 c:/devkitpro/devkita64/bin/../lib/gcc/aarch64-none-elf/8.2.0/../../../../aarch64-none-elf/lib/pic\libm.a(lib_a-k_cos.o)
                0x000000000003d9d0                __kernel_cos
 .text.__kernel_rem_pio2
                0x000000000003db00      0x844 c:/devkitpro/devkita64/bin/../lib/gcc/aarch64-none-elf/8.2.0/../../../../aarch64-none-elf/lib/pic\libm.a(lib_a-k_rem_pio2.o)
                0x000000000003db00                __kernel_rem_pio2
 *fill*         0x000000000003e344        0x4 
 .text.__kernel_sin
                0x000000000003e348       0x9c c:/devkitpro/devkita64/bin/../lib/gcc/aarch64-none-elf/8.2.0/../../../../aarch64-none-elf/lib/pic\libm.a(lib_a-k_sin.o)
                0x000000000003e348                __kernel_sin
 *fill*         0x000000000003e3e4        0x4 
 .text.fabs     0x000000000003e3e8        0x8 c:/devkitpro/devkita64/bin/../lib/gcc/aarch64-none-elf/8.2.0/../../../../aarch64-none-elf/lib/pic\libm.a(lib_a-s_fabs.o)
                0x000000000003e3e8                fabs
 .text.finite   0x000000000003e3f0       0x18 c:/devkitpro/devkita64/bin/../lib/gcc/aarch64-none-elf/8.2.0/../../../../aarch64-none-elf/lib/pic\libm.a(lib_a-s_finite.o)
                0x000000000003e3f0                finite
 .text.floor    0x000000000003e408        0x8 c:/devkitpro/devkita64/bin/../lib/gcc/aarch64-none-elf/8.2.0/../../../../aarch64-none-elf/lib/pic\libm.a(lib_a-s_floor.o)
                0x000000000003e408                floor
 .text.matherr  0x000000000003e410        0x8 c:/devkitpro/devkita64/bin/../lib/gcc/aarch64-none-elf/8.2.0/../../../../aarch64-none-elf/lib/pic\libm.a(lib_a-s_matherr.o)
                0x000000000003e410                matherr
 .text.nan      0x000000000003e418        0xc c:/devkitpro/devkita64/bin/../lib/gcc/aarch64-none-elf/8.2.0/../../../../aarch64-none-elf/lib/pic\libm.a(lib_a-s_nan.o)
                0x000000000003e418                nan
 *fill*         0x000000000003e424        0x4 
 .text.rint     0x000000000003e428        0x8 c:/devkitpro/devkita64/bin/../lib/gcc/aarch64-none-elf/8.2.0/../../../../aarch64-none-elf/lib/pic\libm.a(lib_a-s_rint.o)
                0x000000000003e428                rint
 .text.scalbn   0x000000000003e430      0x12c c:/devkitpro/devkita64/bin/../lib/gcc/aarch64-none-elf/8.2.0/../../../../aarch64-none-elf/lib/pic\libm.a(lib_a-s_scalbn.o)
                0x000000000003e430                scalbn
 *fill*         0x000000000003e55c        0x4 
 .text.copysign
                0x000000000003e560       0x24 c:/devkitpro/devkita64/bin/../lib/gcc/aarch64-none-elf/8.2.0/../../../../aarch64-none-elf/lib/pic\libm.a(lib_a-s_copysign.o)
                0x000000000003e560                copysign
 *fill*         0x000000000003e584        0x4 
 .text.__assert_func
                0x000000000003e588       0x64 c:/devkitpro/devkita64/bin/../lib/gcc/aarch64-none-elf/8.2.0/../../../../aarch64-none-elf/lib/pic\libg.a(lib_a-assert.o)
                0x000000000003e588                __assert_func
 *fill*         0x000000000003e5ec        0x4 
 .text.atof     0x000000000003e5f0        0x8 c:/devkitpro/devkita64/bin/../lib/gcc/aarch64-none-elf/8.2.0/../../../../aarch64-none-elf/lib/pic\libg.a(lib_a-atof.o)
                0x000000000003e5f0                atof
 .text.bsearch  0x000000000003e5f8       0xb8 c:/devkitpro/devkita64/bin/../lib/gcc/aarch64-none-elf/8.2.0/../../../../aarch64-none-elf/lib/pic\libg.a(lib_a-bsearch.o)
                0x000000000003e5f8                bsearch
 .text.calloc   0x000000000003e6b0       0x30 c:/devkitpro/devkita64/bin/../lib/gcc/aarch64-none-elf/8.2.0/../../../../aarch64-none-elf/lib/pic\libg.a(lib_a-calloc.o)
                0x000000000003e6b0                calloc
 .text._calloc_r
                0x000000000003e6e0       0x94 c:/devkitpro/devkita64/bin/../lib/gcc/aarch64-none-elf/8.2.0/../../../../aarch64-none-elf/lib/pic\libg.a(lib_a-callocr.o)
                0x000000000003e6e0                _calloc_r
 *fill*         0x000000000003e774        0x4 
 .text.__errno  0x000000000003e778       0x14 c:/devkitpro/devkita64/bin/../lib/gcc/aarch64-none-elf/8.2.0/../../../../aarch64-none-elf/lib/pic\libg.a(lib_a-errno.o)
                0x000000000003e778                __errno
 *fill*         0x000000000003e78c        0x4 
 .text._fclose_r
                0x000000000003e790      0x15c c:/devkitpro/devkita64/bin/../lib/gcc/aarch64-none-elf/8.2.0/../../../../aarch64-none-elf/lib/pic\libg.a(lib_a-fclose.o)
                0x000000000003e790                _fclose_r
 *fill*         0x000000000003e8ec        0x4 
 .text.fclose   0x000000000003e8f0       0x1c c:/devkitpro/devkita64/bin/../lib/gcc/aarch64-none-elf/8.2.0/../../../../aarch64-none-elf/lib/pic\libg.a(lib_a-fclose.o)
                0x000000000003e8f0                fclose
 *fill*         0x000000000003e90c        0x4 
 .text._fdopen_r
                0x000000000003e910      0x14c c:/devkitpro/devkita64/bin/../lib/gcc/aarch64-none-elf/8.2.0/../../../../aarch64-none-elf/lib/pic\libg.a(lib_a-fdopen.o)
                0x000000000003e910                _fdopen_r
 *fill*         0x000000000003ea5c        0x4 
 .text.fdopen   0x000000000003ea60       0x30 c:/devkitpro/devkita64/bin/../lib/gcc/aarch64-none-elf/8.2.0/../../../../aarch64-none-elf/lib/pic\libg.a(lib_a-fdopen.o)
                0x000000000003ea60                fdopen
 .text.__sflush_r
                0x000000000003ea90      0x214 c:/devkitpro/devkita64/bin/../lib/gcc/aarch64-none-elf/8.2.0/../../../../aarch64-none-elf/lib/pic\libg.a(lib_a-fflush.o)
                0x000000000003ea90                __sflush_r
 *fill*         0x000000000003eca4        0x4 
 .text._fflush_r
                0x000000000003eca8       0xb8 c:/devkitpro/devkita64/bin/../lib/gcc/aarch64-none-elf/8.2.0/../../../../aarch64-none-elf/lib/pic\libg.a(lib_a-fflush.o)
                0x000000000003eca8                _fflush_r
 .text.fflush   0x000000000003ed60       0x40 c:/devkitpro/devkita64/bin/../lib/gcc/aarch64-none-elf/8.2.0/../../../../aarch64-none-elf/lib/pic\libg.a(lib_a-fflush.o)
                0x000000000003ed60                fflush
 .text._fgets_r
                0x000000000003eda0      0x1b0 c:/devkitpro/devkita64/bin/../lib/gcc/aarch64-none-elf/8.2.0/../../../../aarch64-none-elf/lib/pic\libg.a(lib_a-fgets.o)
                0x000000000003eda0                _fgets_r
 .text.fgets    0x000000000003ef50       0x3c c:/devkitpro/devkita64/bin/../lib/gcc/aarch64-none-elf/8.2.0/../../../../aarch64-none-elf/lib/pic\libg.a(lib_a-fgets.o)
                0x000000000003ef50                fgets
 *fill*         0x000000000003ef8c        0x4 
 .text.fileno   0x000000000003ef90       0xa8 c:/devkitpro/devkita64/bin/../lib/gcc/aarch64-none-elf/8.2.0/../../../../aarch64-none-elf/lib/pic\libg.a(lib_a-fileno.o)
                0x000000000003ef90                fileno
 .text.std      0x000000000003f038       0x78 c:/devkitpro/devkita64/bin/../lib/gcc/aarch64-none-elf/8.2.0/../../../../aarch64-none-elf/lib/pic\libg.a(lib_a-findfp.o)
 .text._cleanup_r
                0x000000000003f0b0        0xc c:/devkitpro/devkita64/bin/../lib/gcc/aarch64-none-elf/8.2.0/../../../../aarch64-none-elf/lib/pic\libg.a(lib_a-findfp.o)
                0x000000000003f0b0                _cleanup_r
 *fill*         0x000000000003f0bc        0x4 
 .text.__sfmoreglue
                0x000000000003f0c0       0x60 c:/devkitpro/devkita64/bin/../lib/gcc/aarch64-none-elf/8.2.0/../../../../aarch64-none-elf/lib/pic\libg.a(lib_a-findfp.o)
                0x000000000003f0c0                __sfmoreglue
 .text.__sfp_lock_acquire
                0x000000000003f120        0xc c:/devkitpro/devkita64/bin/../lib/gcc/aarch64-none-elf/8.2.0/../../../../aarch64-none-elf/lib/pic\libg.a(lib_a-findfp.o)
                0x000000000003f120                __sfp_lock_acquire
 *fill*         0x000000000003f12c        0x4 
 .text.__sfp_lock_release
                0x000000000003f130        0xc c:/devkitpro/devkita64/bin/../lib/gcc/aarch64-none-elf/8.2.0/../../../../aarch64-none-elf/lib/pic\libg.a(lib_a-findfp.o)
                0x000000000003f130                __sfp_lock_release
 *fill*         0x000000000003f13c        0x4 
 .text.__sinit_lock_acquire
                0x000000000003f140        0xc c:/devkitpro/devkita64/bin/../lib/gcc/aarch64-none-elf/8.2.0/../../../../aarch64-none-elf/lib/pic\libg.a(lib_a-findfp.o)
                0x000000000003f140                __sinit_lock_acquire
 *fill*         0x000000000003f14c        0x4 
 .text.__sinit_lock_release
                0x000000000003f150        0xc c:/devkitpro/devkita64/bin/../lib/gcc/aarch64-none-elf/8.2.0/../../../../aarch64-none-elf/lib/pic\libg.a(lib_a-findfp.o)
                0x000000000003f150                __sinit_lock_release
 *fill*         0x000000000003f15c        0x4 
 .text.__sinit  0x000000000003f160       0x80 c:/devkitpro/devkita64/bin/../lib/gcc/aarch64-none-elf/8.2.0/../../../../aarch64-none-elf/lib/pic\libg.a(lib_a-findfp.o)
                0x000000000003f160                __sinit
 .text.__sfp    0x000000000003f1e0      0x118 c:/devkitpro/devkita64/bin/../lib/gcc/aarch64-none-elf/8.2.0/../../../../aarch64-none-elf/lib/pic\libg.a(lib_a-findfp.o)
                0x000000000003f1e0                __sfp
 .text.__libc_fini_array
                0x000000000003f2f8       0x44 c:/devkitpro/devkita64/bin/../lib/gcc/aarch64-none-elf/8.2.0/../../../../aarch64-none-elf/lib/pic\libg.a(lib_a-fini.o)
                0x000000000003f2f8                __libc_fini_array
 *fill*         0x000000000003f33c        0x4 
 .text.fiprintf
                0x000000000003f340       0x94 c:/devkitpro/devkita64/bin/../lib/gcc/aarch64-none-elf/8.2.0/../../../../aarch64-none-elf/lib/pic\libg.a(lib_a-fiprintf.o)
                0x000000000003f340                fiprintf
 *fill*         0x000000000003f3d4        0x4 
 .text.__sflags
                0x000000000003f3d8       0xa8 c:/devkitpro/devkita64/bin/../lib/gcc/aarch64-none-elf/8.2.0/../../../../aarch64-none-elf/lib/pic\libg.a(lib_a-flags.o)
                0x000000000003f3d8                __sflags
 .text._fopen_r
                0x000000000003f480      0x130 c:/devkitpro/devkita64/bin/../lib/gcc/aarch64-none-elf/8.2.0/../../../../aarch64-none-elf/lib/pic\libg.a(lib_a-fopen.o)
                0x000000000003f480                _fopen_r
 .text.fopen    0x000000000003f5b0       0x30 c:/devkitpro/devkita64/bin/../lib/gcc/aarch64-none-elf/8.2.0/../../../../aarch64-none-elf/lib/pic\libg.a(lib_a-fopen.o)
                0x000000000003f5b0                fopen
 .text.fprintf  0x000000000003f5e0       0x94 c:/devkitpro/devkita64/bin/../lib/gcc/aarch64-none-elf/8.2.0/../../../../aarch64-none-elf/lib/pic\libg.a(lib_a-fprintf.o)
                0x000000000003f5e0                fprintf
 *fill*         0x000000000003f674        0x4 
 .text._fread_r
                0x000000000003f678      0x328 c:/devkitpro/devkita64/bin/../lib/gcc/aarch64-none-elf/8.2.0/../../../../aarch64-none-elf/lib/pic\libg.a(lib_a-fread.o)
                0x000000000003f678                _fread_r
 .text.fread    0x000000000003f9a0       0x40 c:/devkitpro/devkita64/bin/../lib/gcc/aarch64-none-elf/8.2.0/../../../../aarch64-none-elf/lib/pic\libg.a(lib_a-fread.o)
                0x000000000003f9a0                fread
 .text._malloc_trim_r
                0x000000000003f9e0      0x118 c:/devkitpro/devkita64/bin/../lib/gcc/aarch64-none-elf/8.2.0/../../../../aarch64-none-elf/lib/pic\libg.a(lib_a-freer.o)
                0x000000000003f9e0                _malloc_trim_r
 .text._free_r  0x000000000003faf8      0x2f4 c:/devkitpro/devkita64/bin/../lib/gcc/aarch64-none-elf/8.2.0/../../../../aarch64-none-elf/lib/pic\libg.a(lib_a-freer.o)
                0x000000000003faf8                _free_r
 *fill*         0x000000000003fdec        0x4 
 .text._fseek_r
                0x000000000003fdf0        0x4 c:/devkitpro/devkita64/bin/../lib/gcc/aarch64-none-elf/8.2.0/../../../../aarch64-none-elf/lib/pic\libg.a(lib_a-fseek.o)
                0x000000000003fdf0                _fseek_r
 *fill*         0x000000000003fdf4        0x4 
 .text.fseek    0x000000000003fdf8       0x3c c:/devkitpro/devkita64/bin/../lib/gcc/aarch64-none-elf/8.2.0/../../../../aarch64-none-elf/lib/pic\libg.a(lib_a-fseek.o)
                0x000000000003fdf8                fseek
 *fill*         0x000000000003fe34        0x4 
 .text._fseeko_r
                0x000000000003fe38      0x4c4 c:/devkitpro/devkita64/bin/../lib/gcc/aarch64-none-elf/8.2.0/../../../../aarch64-none-elf/lib/pic\libg.a(lib_a-fseeko.o)
                0x000000000003fe38                _fseeko_r
 *fill*         0x00000000000402fc        0x4 
 .text._ftell_r
                0x0000000000040300        0x4 c:/devkitpro/devkita64/bin/../lib/gcc/aarch64-none-elf/8.2.0/../../../../aarch64-none-elf/lib/pic\libg.a(lib_a-ftell.o)
                0x0000000000040300                _ftell_r
 *fill*         0x0000000000040304        0x4 
 .text.ftell    0x0000000000040308       0x1c c:/devkitpro/devkita64/bin/../lib/gcc/aarch64-none-elf/8.2.0/../../../../aarch64-none-elf/lib/pic\libg.a(lib_a-ftell.o)